2026-08-22 19:37:48,238 INFO o.a.j.u.JMeterUtils: Setting Locale to en_EN
2026-08-22 19:37:48,269 INFO o.a.j.JMeter: Loading user properties from: D:\jmeter\apache-jmeter-5.6.3\bin\user.properties
2026-08-22 19:37:48,269 INFO o.a.j.JMeter: Loading system properties from: D:\jmeter\apache-jmeter-5.6.3\bin\system.properties
2026-08-22 19:37:48,269 INFO o.a.j.JMeter: Setting JMeter property: datadir=data
2026-08-22 19:37:48,270 INFO o.a.j.JMeter: Setting JMeter property: host=127.0.0.1
2026-08-22 19:37:48,270 INFO o.a.j.JMeter: Setting JMeter property: port=3000
2026-08-22 19:37:48,283 INFO o.a.j.JMeter: Copyright (c) 1998-2024 The Apache Software Foundation
2026-08-22 19:37:48,283 INFO o.a.j.JMeter: Version 5.6.3
2026-08-22 19:37:48,283 INFO o.a.j.JMeter: java.version=17.0.19
2026-08-22 19:37:48,283 INFO o.a.j.JMeter: java.vm.name=OpenJDK 64-Bit Server VM
2026-08-22 19:37:48,283 INFO o.a.j.JMeter: os.name=Windows 11
2026-08-22 19:37:48,283 INFO o.a.j.JMeter: os.arch=amd64
2026-08-22 19:37:48,283 INFO o.a.j.JMeter: os.version=10.0
2026-08-22 19:37:48,283 INFO o.a.j.JMeter: file.encoding=Cp1258
2026-08-22 19:37:48,283 INFO o.a.j.JMeter: java.awt.headless=true
2026-08-22 19:37:48,283 INFO o.a.j.JMeter: Max memory     =4294967296
2026-08-22 19:37:48,283 INFO o.a.j.JMeter: Available Processors =8
2026-08-22 19:37:48,295 INFO o.a.j.JMeter: Default Locale=English (EN)
2026-08-22 19:37:48,296 INFO o.a.j.JMeter: JMeter  Locale=English (EN)
2026-08-22 19:37:48,296 INFO o.a.j.JMeter: JMeterHome=D:\jmeter\apache-jmeter-5.6.3
2026-08-22 19:37:48,296 INFO o.a.j.JMeter: user.dir  =D:\Nam3\HK3\Ki?m th? ph?n m?m\HW05\HW05-Performance-Testing
2026-08-22 19:37:48,296 INFO o.a.j.JMeter: PWD       =D:\Nam3\HK3\Ki?m th? ph?n m?m\HW05\HW05-Performance-Testing
2026-08-22 19:37:48,299 INFO o.a.j.JMeter: IP: 192.168.1.8 Name: Pham_Vu_Ngoc_Duy FullName: 192.168.1.8
2026-08-22 19:37:48,321 INFO o.a.j.JMeter: Setting property 'jmeter.reportgenerator.outputdir' to:'D:\Nam3\HK3\Ki?m th? ph?n m?m\HW05\HW05-Performance-Testing\endurance\html\soak'
2026-08-22 19:37:48,325 INFO o.a.j.s.FileServer: Default base='D:\Nam3\HK3\Ki?m th? ph?n m?m\HW05\HW05-Performance-Testing'
2026-08-22 19:37:48,327 INFO o.a.j.s.FileServer: Set new base='D:\Nam3\HK3\Ki?m th? ph?n m?m\HW05\HW05-Performance-Testing\test-plans'
2026-08-22 19:37:48,691 INFO o.a.j.s.SaveService: Testplan (JMX) version: 2.2. Testlog (JTL) version: 2.2
2026-08-22 19:37:48,718 INFO o.a.j.s.SaveService: Using SaveService properties version 5.0
2026-08-22 19:37:48,721 INFO o.a.j.s.SaveService: Using SaveService properties file encoding UTF-8
2026-08-22 19:37:48,724 INFO o.a.j.s.SaveService: Loading file: test-plans\23127183_Soak_20260821.jmx
2026-08-22 19:37:48,821 INFO o.a.j.p.h.s.HTTPSamplerBase: Parser for text/html is org.apache.jmeter.protocol.http.parser.LagartoBasedHtmlParser
2026-08-22 19:37:48,821 INFO o.a.j.p.h.s.HTTPSamplerBase: Parser for application/xhtml+xml is org.apache.jmeter.protocol.http.parser.LagartoBasedHtmlParser
2026-08-22 19:37:48,821 INFO o.a.j.p.h.s.HTTPSamplerBase: Parser for application/xml is org.apache.jmeter.protocol.http.parser.LagartoBasedHtmlParser
2026-08-22 19:37:48,822 INFO o.a.j.p.h.s.HTTPSamplerBase: Parser for text/xml is org.apache.jmeter.protocol.http.parser.LagartoBasedHtmlParser
2026-08-22 19:37:48,822 INFO o.a.j.p.h.s.HTTPSamplerBase: Parser for text/vnd.wap.wml is org.apache.jmeter.protocol.http.parser.RegexpHTMLParser
2026-08-22 19:37:48,822 INFO o.a.j.p.h.s.HTTPSamplerBase: Parser for text/css is org.apache.jmeter.protocol.http.parser.CssParser
2026-08-22 19:37:48,877 INFO o.a.j.JMeter: Creating summariser <summary>
2026-08-22 19:37:48,881 INFO o.a.j.r.d.ReportGenerator: ReportGenerator will use for Parsing the separator: ','
2026-08-22 19:37:48,882 INFO o.a.j.r.d.ReportGenerator: Will generate report at end of test from  results file: endurance/jtl/23127183_Soak_20260822-193744.jtl
2026-08-22 19:37:48,882 INFO o.a.j.r.d.ReportGenerator: Reading report generator properties from: D:\jmeter\apache-jmeter-5.6.3\bin\reportgenerator.properties
2026-08-22 19:37:48,882 INFO o.a.j.r.d.ReportGenerator: Merging with JMeter properties
2026-08-22 19:37:48,887 INFO o.a.j.r.c.ReportGeneratorConfiguration: Property 'jmeter.reportgenerator.temp_dir' not found, using default value 'temp' instead.
2026-08-22 19:37:48,889 INFO o.a.j.r.c.ReportGeneratorConfiguration: Property 'jmeter.reportgenerator.apdex_per_transaction' not found, using default value 'null' instead.
2026-08-22 19:37:48,890 INFO o.a.j.r.c.ReportGeneratorConfiguration: apdex_per_transaction is empty, not APDEX per transaction customization
2026-08-22 19:37:48,890 INFO o.a.j.r.c.ReportGeneratorConfiguration: Property 'jmeter.reportgenerator.sample_filter' not found, using default value 'null' instead.
2026-08-22 19:37:48,890 INFO o.a.j.r.c.ReportGeneratorConfiguration: Property 'jmeter.reportgenerator.report_title' not found, using default value 'null' instead.
2026-08-22 19:37:48,890 INFO o.a.j.r.c.ReportGeneratorConfiguration: Property 'jmeter.reportgenerator.start_date' not found, using default value 'null' instead.
2026-08-22 19:37:48,890 INFO o.a.j.r.c.ReportGeneratorConfiguration: Property 'jmeter.reportgenerator.end_date' not found, using default value 'null' instead.
2026-08-22 19:37:48,890 INFO o.a.j.r.c.ReportGeneratorConfiguration: Property 'jmeter.reportgenerator.date_format' not found, using default value 'null' instead.
2026-08-22 19:37:48,891 INFO o.a.j.r.c.ReportGeneratorConfiguration: Will use date range start date: null, end date: null
2026-08-22 19:37:48,895 INFO o.a.j.r.c.ReportGeneratorConfiguration: Property 'jmeter.reportgenerator.graph.totalTPS.exclude_controllers' not found, using default value 'false' instead.
2026-08-22 19:37:48,895 INFO o.a.j.r.c.ReportGeneratorConfiguration: Property 'jmeter.reportgenerator.graph.activeThreadsOverTime.exclude_controllers' not found, using default value 'false' instead.
2026-08-22 19:37:48,896 INFO o.a.j.r.c.ReportGeneratorConfiguration: Property 'jmeter.reportgenerator.graph.timeVsThreads.exclude_controllers' not found, using default value 'false' instead.
2026-08-22 19:37:48,896 INFO o.a.j.r.c.ReportGeneratorConfiguration: Property 'jmeter.reportgenerator.graph.responseTimeDistribution.exclude_controllers' not found, using default value 'false' instead.
2026-08-22 19:37:48,896 INFO o.a.j.r.c.ReportGeneratorConfiguration: Property 'jmeter.reportgenerator.graph.transactionsPerSecond.exclude_controllers' not found, using default value 'false' instead.
2026-08-22 19:37:48,896 INFO o.a.j.r.c.ReportGeneratorConfiguration: Property 'jmeter.reportgenerator.graph.responseTimePercentiles.exclude_controllers' not found, using default value 'false' instead.
2026-08-22 19:37:48,896 INFO o.a.j.r.c.ReportGeneratorConfiguration: Property 'jmeter.reportgenerator.graph.responseTimePercentilesOverTime.exclude_controllers' not found, using default value 'false' instead.
2026-08-22 19:37:48,896 INFO o.a.j.r.c.ReportGeneratorConfiguration: Property 'jmeter.reportgenerator.graph.responseTimesOverTime.exclude_controllers' not found, using default value 'false' instead.
2026-08-22 19:37:48,897 INFO o.a.j.r.c.ReportGeneratorConfiguration: Property 'jmeter.reportgenerator.graph.connectTimeOverTime.exclude_controllers' not found, using default value 'false' instead.
2026-08-22 19:37:48,897 INFO o.a.j.r.c.ReportGeneratorConfiguration: Property 'jmeter.reportgenerator.graph.latenciesOverTime.exclude_controllers' not found, using default value 'false' instead.
2026-08-22 19:37:48,899 INFO o.a.j.r.c.ReportGeneratorConfiguration: Property 'jmeter.reportgenerator.exporter.json.filters_only_sample_series' not found, using default value 'true' instead.
2026-08-22 19:37:48,899 INFO o.a.j.r.c.ReportGeneratorConfiguration: Property 'jmeter.reportgenerator.exporter.json.series_filter' not found, using default value '' instead.
2026-08-22 19:37:48,899 INFO o.a.j.r.c.ReportGeneratorConfiguration: Property 'jmeter.reportgenerator.exporter.json.show_controllers_only' not found, using default value 'false' instead.
2026-08-22 19:37:48,899 INFO o.a.j.r.c.ReportGeneratorConfiguration: Property 'jmeter.reportgenerator.exporter.html.filters_only_sample_series' not found, using default value 'true' instead.
2026-08-22 19:37:48,899 INFO o.a.j.r.c.ReportGeneratorConfiguration: Property 'jmeter.reportgenerator.exporter.html.series_filter' not found, using default value '' instead.
2026-08-22 19:37:48,899 INFO o.a.j.r.c.ReportGeneratorConfiguration: Property 'jmeter.reportgenerator.exporter.html.show_controllers_only' not found, using default value 'false' instead.
2026-08-22 19:37:48,913 INFO o.a.j.e.StandardJMeterEngine: Running the test!
2026-08-22 19:37:48,914 INFO o.a.j.s.SampleEvent: List of sample_variables: []
2026-08-22 19:37:48,914 INFO o.a.j.s.SampleEvent: List of sample_variables: []
2026-08-22 19:37:48,923 INFO o.a.j.e.u.CompoundVariable: Note: Function class names must contain the string: '.functions.'
2026-08-22 19:37:48,923 INFO o.a.j.e.u.CompoundVariable: Note: Function class names must not contain the string: '.gui.'
2026-08-22 19:37:49,013 INFO o.a.j.JMeter: Running test (1787402269013)
2026-08-22 19:37:49,030 INFO o.a.j.e.StandardJMeterEngine: Starting ThreadGroup: 1 : Storefront Soak
2026-08-22 19:37:49,030 INFO o.a.j.e.StandardJMeterEngine: Starting 20 threads for group Storefront Soak.
2026-08-22 19:37:49,030 INFO o.a.j.e.StandardJMeterEngine: Thread will continue on error
2026-08-22 19:37:49,030 INFO o.a.j.t.ThreadGroup: Starting thread group... number=1 threads=20 ramp-up=60 delayedStart=false
2026-08-22 19:37:49,066 INFO o.a.j.t.ThreadGroup: Started thread group number 1
2026-08-22 19:37:49,066 INFO o.a.j.e.StandardJMeterEngine: All thread groups have been started
2026-08-22 19:37:49,128 INFO o.a.j.t.JMeterThread: Thread started: Storefront Soak 1-1
2026-08-22 19:37:49,131 INFO o.a.j.s.FileServer: Stored: data/orders.csv
2026-08-22 19:37:49,150 INFO o.a.j.s.FileServer: Stored: data/products.csv
2026-08-22 19:37:49,150 INFO o.a.j.s.FileServer: Stored: data/search-terms.csv
2026-08-22 19:37:49,151 INFO o.a.j.s.FileServer: Stored: data/users_lockout.csv
2026-08-22 19:37:49,151 INFO o.a.j.s.FileServer: Stored: data/users.csv
2026-08-22 19:37:50,329 INFO o.a.j.p.h.s.HTTPHCAbstractImpl: Local host = Pham_Vu_Ngoc_Duy
2026-08-22 19:37:50,336 INFO o.a.j.p.h.s.HTTPHC4Impl: HTTP request retry count = 0
2026-08-22 19:37:50,337 INFO o.a.j.s.SampleResult: Note: Sample TimeStamps are START times
2026-08-22 19:37:50,337 INFO o.a.j.s.SampleResult: sampleresult.default.encoding is set to UTF-8
2026-08-22 19:37:50,337 INFO o.a.j.s.SampleResult: sampleresult.useNanoTime=true
2026-08-22 19:37:50,337 INFO o.a.j.s.SampleResult: sampleresult.nanoThreadSleep=5000
2026-08-22 19:37:52,129 INFO o.a.j.t.JMeterThread: Thread started: Storefront Soak 1-2
2026-08-22 19:37:55,129 INFO o.a.j.t.JMeterThread: Thread started: Storefront Soak 1-3
2026-08-22 19:37:58,125 INFO o.a.j.t.JMeterThread: Thread started: Storefront Soak 1-4
2026-08-22 19:38:00,318 INFO o.a.j.r.Summariser: summary +     16 in 00:00:11 =    1.4/s Avg:     8 Min:     2 Max:    43 Err:     0 (0.00%) Active: 4 Started: 4 Finished: 0
2026-08-22 19:38:01,117 INFO o.a.j.t.JMeterThread: Thread started: Storefront Soak 1-5
2026-08-22 19:38:01,981 INFO o.a.j.u.JsseSSLManager: Using default SSL protocol: TLS
2026-08-22 19:38:01,981 INFO o.a.j.u.JsseSSLManager: SSL session context: per-thread
2026-08-22 19:38:04,115 INFO o.a.j.t.JMeterThread: Thread started: Storefront Soak 1-6
2026-08-22 19:38:07,113 INFO o.a.j.t.JMeterThread: Thread started: Storefront Soak 1-7
2026-08-22 19:38:10,113 INFO o.a.j.t.JMeterThread: Thread started: Storefront Soak 1-8
2026-08-22 19:38:13,111 INFO o.a.j.t.JMeterThread: Thread started: Storefront Soak 1-9
2026-08-22 19:38:16,110 INFO o.a.j.t.JMeterThread: Thread started: Storefront Soak 1-10
2026-08-22 19:38:19,108 INFO o.a.j.t.JMeterThread: Thread started: Storefront Soak 1-11
2026-08-22 19:38:22,106 INFO o.a.j.t.JMeterThread: Thread started: Storefront Soak 1-12
2026-08-22 19:38:25,105 INFO o.a.j.t.JMeterThread: Thread started: Storefront Soak 1-13
2026-08-22 19:38:28,104 INFO o.a.j.t.JMeterThread: Thread started: Storefront Soak 1-14
2026-08-22 19:38:30,072 INFO o.a.j.r.Summariser: summary +    176 in 00:00:30 =    5.9/s Avg:     7 Min:     2 Max:    18 Err:     0 (0.00%) Active: 14 Started: 14 Finished: 0
2026-08-22 19:38:30,072 INFO o.a.j.r.Summariser: summary =    192 in 00:00:41 =    4.7/s Avg:     7 Min:     2 Max:    43 Err:     0 (0.00%)
2026-08-22 19:38:31,100 INFO o.a.j.t.JMeterThread: Thread started: Storefront Soak 1-15
2026-08-22 19:38:34,099 INFO o.a.j.t.JMeterThread: Thread started: Storefront Soak 1-16
2026-08-22 19:38:37,098 INFO o.a.j.t.JMeterThread: Thread started: Storefront Soak 1-17
2026-08-22 19:38:40,096 INFO o.a.j.t.JMeterThread: Thread started: Storefront Soak 1-18
2026-08-22 19:38:43,095 INFO o.a.j.t.JMeterThread: Thread started: Storefront Soak 1-19
2026-08-22 19:38:46,094 INFO o.a.j.t.JMeterThread: Thread started: Storefront Soak 1-20
2026-08-22 19:39:00,100 INFO o.a.j.r.Summariser: summary +    366 in 00:00:30 =   12.2/s Avg:     7 Min:     1 Max:   121 Err:     0 (0.00%) Active: 20 Started: 20 Finished: 0
2026-08-22 19:39:00,102 INFO o.a.j.r.Summariser: summary =    558 in 00:01:11 =    7.8/s Avg:     7 Min:     1 Max:   121 Err:     0 (0.00%)
2026-08-22 19:39:30,036 INFO o.a.j.r.Summariser: summary +    395 in 00:00:30 =   13.2/s Avg:     6 Min:     1 Max:    24 Err:     0 (0.00%) Active: 20 Started: 20 Finished: 0
2026-08-22 19:39:30,037 INFO o.a.j.r.Summariser: summary =    953 in 00:01:41 =    9.4/s Avg:     7 Min:     1 Max:   121 Err:     0 (0.00%)
2026-08-22 19:40:00,050 INFO o.a.j.r.Summariser: summary +    396 in 00:00:30 =   13.2/s Avg:     6 Min:     1 Max:    24 Err:     0 (0.00%) Active: 20 Started: 20 Finished: 0
2026-08-22 19:40:00,051 INFO o.a.j.r.Summariser: summary =   1349 in 00:02:11 =   10.3/s Avg:     7 Min:     1 Max:   121 Err:     0 (0.00%)
2026-08-22 19:40:30,015 INFO o.a.j.r.Summariser: summary +    399 in 00:00:30 =   13.3/s Avg:     6 Min:     1 Max:    24 Err:     0 (0.00%) Active: 20 Started: 20 Finished: 0
2026-08-22 19:40:30,016 INFO o.a.j.r.Summariser: summary =   1748 in 00:02:41 =   10.9/s Avg:     7 Min:     1 Max:   121 Err:     0 (0.00%)
2026-08-22 19:41:00,158 INFO o.a.j.r.Summariser: summary +    407 in 00:00:30 =   13.5/s Avg:     6 Min:     1 Max:    26 Err:     0 (0.00%) Active: 20 Started: 20 Finished: 0
2026-08-22 19:41:00,159 INFO o.a.j.r.Summariser: summary =   2155 in 00:03:11 =   11.3/s Avg:     7 Min:     1 Max:   121 Err:     0 (0.00%)
2026-08-22 19:41:30,003 INFO o.a.j.r.Summariser: summary +    396 in 00:00:30 =   13.3/s Avg:     6 Min:     1 Max:    69 Err:     0 (0.00%) Active: 20 Started: 20 Finished: 0
2026-08-22 19:41:30,005 INFO o.a.j.r.Summariser: summary =   2551 in 00:03:41 =   11.5/s Avg:     7 Min:     1 Max:   121 Err:     0 (0.00%)
2026-08-22 19:42:00,250 INFO o.a.j.r.Summariser: summary +    408 in 00:00:30 =   13.5/s Avg:     6 Min:     1 Max:    26 Err:     0 (0.00%) Active: 20 Started: 20 Finished: 0
2026-08-22 19:42:00,252 INFO o.a.j.r.Summariser: summary =   2959 in 00:04:11 =   11.8/s Avg:     6 Min:     1 Max:   121 Err:     0 (0.00%)
2026-08-22 19:42:30,024 INFO o.a.j.r.Summariser: summary +    402 in 00:00:30 =   13.5/s Avg:     6 Min:     1 Max:    23 Err:     0 (0.00%) Active: 20 Started: 20 Finished: 0
2026-08-22 19:42:30,025 INFO o.a.j.r.Summariser: summary =   3361 in 00:04:41 =   12.0/s Avg:     6 Min:     1 Max:   121 Err:     0 (0.00%)
2026-08-22 19:43:00,108 INFO o.a.j.r.Summariser: summary +    400 in 00:00:30 =   13.3/s Avg:     6 Min:     1 Max:    21 Err:     0 (0.00%) Active: 20 Started: 20 Finished: 0
2026-08-22 19:43:00,108 INFO o.a.j.r.Summariser: summary =   3761 in 00:05:11 =   12.1/s Avg:     6 Min:     1 Max:   121 Err:     0 (0.00%)
2026-08-22 19:43:30,280 INFO o.a.j.r.Summariser: summary +    396 in 00:00:30 =   13.1/s Avg:     6 Min:     1 Max:    24 Err:     0 (0.00%) Active: 20 Started: 20 Finished: 0
2026-08-22 19:43:30,281 INFO o.a.j.r.Summariser: summary =   4157 in 00:05:41 =   12.2/s Avg:     6 Min:     1 Max:   121 Err:     0 (0.00%)
2026-08-22 19:44:00,011 INFO o.a.j.r.Summariser: summary +    394 in 00:00:30 =   13.3/s Avg:     6 Min:     1 Max:    19 Err:     0 (0.00%) Active: 20 Started: 20 Finished: 0
2026-08-22 19:44:00,012 INFO o.a.j.r.Summariser: summary =   4551 in 00:06:11 =   12.3/s Avg:     6 Min:     1 Max:   121 Err:     0 (0.00%)
2026-08-22 19:44:30,073 INFO o.a.j.r.Summariser: summary +    398 in 00:00:30 =   13.2/s Avg:     5 Min:     1 Max:    25 Err:     0 (0.00%) Active: 20 Started: 20 Finished: 0
2026-08-22 19:44:30,073 INFO o.a.j.r.Summariser: summary =   4949 in 00:06:41 =   12.3/s Avg:     6 Min:     1 Max:   121 Err:     0 (0.00%)
2026-08-22 19:45:00,176 INFO o.a.j.r.Summariser: summary +    402 in 00:00:30 =   13.4/s Avg:     5 Min:     1 Max:    21 Err:     0 (0.00%) Active: 20 Started: 20 Finished: 0
2026-08-22 19:45:00,177 INFO o.a.j.r.Summariser: summary =   5351 in 00:07:11 =   12.4/s Avg:     6 Min:     1 Max:   121 Err:     0 (0.00%)
2026-08-22 19:45:30,005 INFO o.a.j.r.Summariser: summary +    394 in 00:00:30 =   13.2/s Avg:     6 Min:     1 Max:    83 Err:     0 (0.00%) Active: 20 Started: 20 Finished: 0
2026-08-22 19:45:30,006 INFO o.a.j.r.Summariser: summary =   5745 in 00:07:41 =   12.5/s Avg:     6 Min:     1 Max:   121 Err:     0 (0.00%)
2026-08-22 19:46:00,022 INFO o.a.j.r.Summariser: summary +    400 in 00:00:30 =   13.3/s Avg:     6 Min:     1 Max:    24 Err:     0 (0.00%) Active: 20 Started: 20 Finished: 0
2026-08-22 19:46:00,023 INFO o.a.j.r.Summariser: summary =   6145 in 00:08:11 =   12.5/s Avg:     6 Min:     1 Max:   121 Err:     0 (0.00%)
2026-08-22 19:46:30,061 INFO o.a.j.r.Summariser: summary +    396 in 00:00:30 =   13.2/s Avg:     5 Min:     1 Max:    23 Err:     0 (0.00%) Active: 20 Started: 20 Finished: 0
2026-08-22 19:46:30,062 INFO o.a.j.r.Summariser: summary =   6541 in 00:08:41 =   12.6/s Avg:     6 Min:     1 Max:   121 Err:     0 (0.00%)
2026-08-22 19:47:00,098 INFO o.a.j.r.Summariser: summary +    389 in 00:00:30 =   13.0/s Avg:     6 Min:     1 Max:    82 Err:     0 (0.00%) Active: 20 Started: 20 Finished: 0
2026-08-22 19:47:00,099 INFO o.a.j.r.Summariser: summary =   6930 in 00:09:11 =   12.6/s Avg:     6 Min:     1 Max:   121 Err:     0 (0.00%)
2026-08-22 19:47:30,041 INFO o.a.j.r.Summariser: summary +    399 in 00:00:30 =   13.3/s Avg:     5 Min:     1 Max:    17 Err:     0 (0.00%) Active: 20 Started: 20 Finished: 0
2026-08-22 19:47:30,043 INFO o.a.j.r.Summariser: summary =   7329 in 00:09:41 =   12.6/s Avg:     6 Min:     1 Max:   121 Err:     0 (0.00%)
2026-08-22 19:48:00,271 INFO o.a.j.r.Summariser: summary +    404 in 00:00:30 =   13.4/s Avg:     6 Min:     1 Max:    18 Err:     0 (0.00%) Active: 20 Started: 20 Finished: 0
2026-08-22 19:48:00,271 INFO o.a.j.r.Summariser: summary =   7733 in 00:10:11 =   12.7/s Avg:     6 Min:     1 Max:   121 Err:     0 (0.00%)
2026-08-22 19:48:30,066 INFO o.a.j.r.Summariser: summary +    395 in 00:00:30 =   13.3/s Avg:     5 Min:     1 Max:    21 Err:     0 (0.00%) Active: 20 Started: 20 Finished: 0
2026-08-22 19:48:30,067 INFO o.a.j.r.Summariser: summary =   8128 in 00:10:41 =   12.7/s Avg:     6 Min:     1 Max:   121 Err:     0 (0.00%)
2026-08-22 19:49:00,002 INFO o.a.j.r.Summariser: summary +    399 in 00:00:30 =   13.3/s Avg:     6 Min:     1 Max:    21 Err:     0 (0.00%) Active: 20 Started: 20 Finished: 0
2026-08-22 19:49:00,004 INFO o.a.j.r.Summariser: summary =   8527 in 00:11:11 =   12.7/s Avg:     6 Min:     1 Max:   121 Err:     0 (0.00%)
2026-08-22 19:49:30,039 INFO o.a.j.r.Summariser: summary +    399 in 00:00:30 =   13.3/s Avg:     5 Min:     1 Max:    27 Err:     0 (0.00%) Active: 20 Started: 20 Finished: 0
2026-08-22 19:49:30,040 INFO o.a.j.r.Summariser: summary =   8926 in 00:11:41 =   12.7/s Avg:     6 Min:     1 Max:   121 Err:     0 (0.00%)
2026-08-22 19:49:47,056 INFO o.a.j.t.JMeterThread: Thread finished: Storefront Soak 1-2
2026-08-22 19:49:47,294 INFO o.a.j.t.JMeterThread: Thread finished: Storefront Soak 1-9
2026-08-22 19:49:47,503 INFO o.a.j.t.JMeterThread: Thread finished: Storefront Soak 1-3
2026-08-22 19:49:47,825 INFO o.a.j.t.JMeterThread: Thread finished: Storefront Soak 1-1
2026-08-22 19:49:47,843 INFO o.a.j.t.JMeterThread: Thread finished: Storefront Soak 1-17
2026-08-22 19:49:47,899 INFO o.a.j.t.JMeterThread: Thread finished: Storefront Soak 1-4
2026-08-22 19:49:47,903 INFO o.a.j.t.JMeterThread: Thread finished: Storefront Soak 1-11
2026-08-22 19:49:48,007 INFO o.a.j.t.JMeterThread: Thread finished: Storefront Soak 1-18
2026-08-22 19:49:48,128 INFO o.a.j.t.JMeterThread: Thread finished: Storefront Soak 1-10
2026-08-22 19:49:48,266 INFO o.a.j.t.JMeterThread: Thread finished: Storefront Soak 1-13
2026-08-22 19:49:48,297 INFO o.a.j.t.JMeterThread: Thread finished: Storefront Soak 1-12
2026-08-22 19:49:48,324 INFO o.a.j.t.JMeterThread: Thread finished: Storefront Soak 1-5
2026-08-22 19:49:48,333 INFO o.a.j.t.JMeterThread: Thread finished: Storefront Soak 1-14
2026-08-22 19:49:48,387 INFO o.a.j.t.JMeterThread: Thread finished: Storefront Soak 1-7
2026-08-22 19:49:48,415 INFO o.a.j.t.JMeterThread: Thread finished: Storefront Soak 1-19
2026-08-22 19:49:48,685 INFO o.a.j.t.JMeterThread: Thread finished: Storefront Soak 1-15
2026-08-22 19:49:48,703 INFO o.a.j.t.JMeterThread: Thread finished: Storefront Soak 1-6
2026-08-22 19:49:48,758 INFO o.a.j.t.JMeterThread: Thread finished: Storefront Soak 1-8
2026-08-22 19:49:48,817 INFO o.a.j.t.JMeterThread: Thread finished: Storefront Soak 1-16
2026-08-22 19:49:49,059 INFO o.a.j.t.JMeterThread: Thread finished: Storefront Soak 1-20
2026-08-22 19:49:49,059 INFO o.a.j.e.StandardJMeterEngine: Notifying test listeners of end of test
2026-08-22 19:49:49,060 INFO o.a.j.s.FileServer: Close: data/products.csv
2026-08-22 19:49:49,060 INFO o.a.j.s.FileServer: Close: data/orders.csv
2026-08-22 19:49:49,060 INFO o.a.j.s.FileServer: Close: data/search-terms.csv
2026-08-22 19:49:49,060 INFO o.a.j.s.FileServer: Close: data/users.csv
2026-08-22 19:49:49,060 INFO o.a.j.s.FileServer: Close: data/users_lockout.csv
2026-08-22 19:49:49,062 INFO o.a.j.r.Summariser: summary +    250 in 00:00:19 =   13.1/s Avg:     5 Min:     0 Max:    21 Err:     0 (0.00%) Active: 0 Started: 20 Finished: 20
2026-08-22 19:49:49,062 INFO o.a.j.r.Summariser: summary =   9176 in 00:12:00 =   12.7/s Avg:     6 Min:     0 Max:   121 Err:     0 (0.00%)
2026-08-22 19:49:49,063 INFO o.a.j.JMeter: Generating Dashboard
2026-08-22 19:49:49,063 INFO o.a.j.r.d.ReportGenerator: Flushing result collector before report Generation
2026-08-22 19:49:49,106 INFO o.a.j.r.p.NormalizerSampleConsumer: Using format, 'ms', to parse timeStamp field
2026-08-22 19:49:49,629 INFO o.a.j.r.p.AbstractSampleConsumer: class org.apache.jmeter.report.processor.AggregateConsumer#stopProducing(): beginDate produced 0 samples
2026-08-22 19:49:49,630 INFO o.a.j.r.p.AbstractSampleConsumer: class org.apache.jmeter.report.processor.AggregateConsumer#stopProducing(): endDate produced 0 samples
2026-08-22 19:49:49,637 INFO o.a.j.r.p.AbstractSampleConsumer: class org.apache.jmeter.report.processor.ApdexSummaryConsumer#stopProducing(): apdexSummary produced 0 samples
2026-08-22 19:49:49,637 INFO o.a.j.r.p.AbstractSampleConsumer: class org.apache.jmeter.report.processor.RequestsSummaryConsumer#stopProducing(): requestsSummary produced 0 samples
2026-08-22 19:49:49,655 INFO o.a.j.r.p.AbstractSampleConsumer: class org.apache.jmeter.report.processor.StatisticsSummaryConsumer#stopProducing(): statisticsSummary produced 0 samples
2026-08-22 19:49:49,658 INFO o.a.j.r.p.AbstractSampleConsumer: class org.apache.jmeter.report.processor.Top5ErrorsBySamplerConsumer#stopProducing(): top5ErrorsBySampler produced 0 samples
2026-08-22 19:49:49,658 INFO o.a.j.r.p.AbstractSampleConsumer: class org.apache.jmeter.report.processor.ErrorsSummaryConsumer#stopProducing(): errorsSummary produced 0 samples
2026-08-22 19:49:49,658 INFO o.a.j.r.p.AbstractSampleConsumer: class org.apache.jmeter.report.processor.graph.impl.HitsPerSecondGraphConsumer#stopProducing(): hitsPerSecond produced 0 samples
2026-08-22 19:49:49,875 INFO o.a.j.r.p.AbstractSampleConsumer: class org.apache.jmeter.report.processor.graph.impl.LatencyVSRequestGraphConsumer#stopProducing(): latencyVsRequest produced 0 samples
2026-08-22 19:49:49,876 INFO o.a.j.r.p.AbstractSampleConsumer: class org.apache.jmeter.report.processor.graph.impl.SyntheticResponseTimeDistributionGraphConsumer#stopProducing(): syntheticResponseTimeDistribution produced 0 samples
2026-08-22 19:49:49,877 INFO o.a.j.r.p.AbstractSampleConsumer: class org.apache.jmeter.report.processor.graph.impl.BytesThroughputGraphConsumer#stopProducing(): bytesThroughputOverTime produced 0 samples
2026-08-22 19:49:49,877 INFO o.a.j.r.p.AbstractSampleConsumer: class org.apache.jmeter.report.processor.graph.impl.CodesPerSecondGraphConsumer#stopProducing(): codesPerSecond produced 0 samples
2026-08-22 19:49:49,995 INFO o.a.j.r.p.AbstractSampleConsumer: class org.apache.jmeter.report.processor.graph.impl.ResponseTimeVSRequestGraphConsumer#stopProducing(): responseTimeVsRequest produced 0 samples
2026-08-22 19:49:49,996 INFO o.a.j.r.p.AbstractSampleConsumer: class org.apache.jmeter.report.processor.FilterConsumer#stopProducing(): startIntervalControlerFilter produced 64232 samples
2026-08-22 19:49:49,996 INFO o.a.j.r.p.AbstractSampleConsumer: class org.apache.jmeter.report.processor.graph.impl.TotalTPSGraphConsumer#stopProducing(): totalTPS produced 0 samples
2026-08-22 19:49:49,996 INFO o.a.j.r.p.AbstractSampleConsumer: class org.apache.jmeter.report.processor.graph.impl.ActiveThreadsGraphConsumer#stopProducing(): activeThreadsOverTime produced 0 samples
2026-08-22 19:49:49,996 INFO o.a.j.r.p.AbstractSampleConsumer: class org.apache.jmeter.report.processor.graph.impl.TimeVSThreadGraphConsumer#stopProducing(): timeVsThreads produced 0 samples
2026-08-22 19:49:49,997 INFO o.a.j.r.p.AbstractSampleConsumer: class org.apache.jmeter.report.processor.graph.impl.ResponseTimeDistributionGraphConsumer#stopProducing(): responseTimeDistribution produced 0 samples
2026-08-22 19:49:49,997 INFO o.a.j.r.p.AbstractSampleConsumer: class org.apache.jmeter.report.processor.graph.impl.TransactionsPerSecondGraphConsumer#stopProducing(): transactionsPerSecond produced 0 samples
2026-08-22 19:49:49,998 INFO o.a.j.r.p.AbstractSampleConsumer: class org.apache.jmeter.report.processor.graph.impl.ResponseTimePercentilesGraphConsumer#stopProducing(): responseTimePercentiles produced 0 samples
2026-08-22 19:49:50,001 INFO o.a.j.r.p.AbstractSampleConsumer: class org.apache.jmeter.report.processor.graph.impl.ResponseTimePercentilesOverTimeGraphConsumer#stopProducing(): responseTimePercentilesOverTime produced 0 samples
2026-08-22 19:49:50,003 INFO o.a.j.r.p.AbstractSampleConsumer: class org.apache.jmeter.report.processor.graph.impl.ResponseTimeOverTimeGraphConsumer#stopProducing(): responseTimesOverTime produced 0 samples
2026-08-22 19:49:50,003 INFO o.a.j.r.p.AbstractSampleConsumer: class org.apache.jmeter.report.processor.graph.impl.ConnectTimeOverTimeGraphConsumer#stopProducing(): connectTimeOverTime produced 0 samples
2026-08-22 19:49:50,003 INFO o.a.j.r.p.AbstractSampleConsumer: class org.apache.jmeter.report.processor.graph.impl.LatencyOverTimeGraphConsumer#stopProducing(): latenciesOverTime produced 0 samples
2026-08-22 19:49:50,003 INFO o.a.j.r.p.AbstractSampleConsumer: class org.apache.jmeter.report.processor.FilterConsumer#stopProducing(): nameFilter produced 137640 samples
2026-08-22 19:49:50,003 INFO o.a.j.r.p.AbstractSampleConsumer: class org.apache.jmeter.report.processor.FilterConsumer#stopProducing(): dateRangeFilter produced 27528 samples
2026-08-22 19:49:50,003 INFO o.a.j.r.p.AbstractSampleConsumer: class org.apache.jmeter.report.processor.NormalizerSampleConsumer#stopProducing(): normalizer produced 9176 samples
2026-08-22 19:49:50,004 INFO o.a.j.r.p.CsvFileSampleSource: produce(): 9176 samples produced in 866ms on channel 0
2026-08-22 19:49:50,004 INFO o.a.j.r.d.ReportGenerator: Exporting data using exporter:'json' of className:'org.apache.jmeter.report.dashboard.JsonExporter'
2026-08-22 19:49:50,091 INFO o.a.j.r.d.JsonExporter: Found data for consumer statisticsSummary in context
2026-08-22 19:49:50,092 INFO o.a.j.r.d.JsonExporter: Creating statistics for overall
2026-08-22 19:49:50,093 INFO o.a.j.r.d.JsonExporter: Creating statistics for other transactions
2026-08-22 19:49:50,094 INFO o.a.j.r.d.JsonExporter: Checking output folder
2026-08-22 19:49:50,094 INFO o.a.j.r.d.JsonExporter: Writing statistics JSON to D:\Nam3\HK3\Ki?m th? ph?n m?m\HW05\HW05-Performance-Testing\endurance\html\soak\statistics.json
2026-08-22 19:49:50,139 INFO o.a.j.r.d.ReportGenerator: Exporting data using exporter:'html' of className:'org.apache.jmeter.report.dashboard.HtmlTemplateExporter'
2026-08-22 19:49:50,142 INFO o.a.j.r.d.HtmlTemplateExporter: Will generate dashboard in folder: D:\Nam3\HK3\Ki?m th? ph?n m?m\HW05\HW05-Performance-Testing\endurance\html\soak
2026-08-22 19:49:50,336 INFO o.a.j.r.d.HtmlTemplateExporter: Report will be generated in: D:\Nam3\HK3\Ki?m th? ph?n m?m\HW05\HW05-Performance-Testing\endurance\html\soak, creating folder structure
2026-08-22 19:49:50,341 INFO o.a.j.r.d.TemplateVisitor: Copying folder from 'D:\jmeter\apache-jmeter-5.6.3\bin\report-template' to 'D:\Nam3\HK3\Ki?m th? ph?n m?m\HW05\HW05-Performance-Testing\endurance\html\soak', got message: D:\Nam3\HK3\Ki?m th? ph?n m?m\HW05\HW05-Performance-Testing\endurance\html\soak, found non empty folder with following content [D:\Nam3\HK3\Ki?m th? ph?n m?m\HW05\HW05-Performance-Testing\endurance\html\soak\statistics.json], will be ignored
2026-08-22 19:49:50,880 INFO o.a.j.JMeter: Dashboard generated
