2026-08-22 19:29:54,868 INFO o.a.j.u.JMeterUtils: Setting Locale to en_EN
2026-08-22 19:29:54,895 INFO o.a.j.JMeter: Loading user properties from: D:\jmeter\apache-jmeter-5.6.3\bin\user.properties
2026-08-22 19:29:54,895 INFO o.a.j.JMeter: Loading system properties from: D:\jmeter\apache-jmeter-5.6.3\bin\system.properties
2026-08-22 19:29:54,896 INFO o.a.j.JMeter: Setting JMeter property: datadir=data
2026-08-22 19:29:54,896 INFO o.a.j.JMeter: Setting JMeter property: host=127.0.0.1
2026-08-22 19:29:54,896 INFO o.a.j.JMeter: Setting JMeter property: port=3000
2026-08-22 19:29:54,907 INFO o.a.j.JMeter: Copyright (c) 1998-2024 The Apache Software Foundation
2026-08-22 19:29:54,908 INFO o.a.j.JMeter: Version 5.6.3
2026-08-22 19:29:54,908 INFO o.a.j.JMeter: java.version=17.0.19
2026-08-22 19:29:54,908 INFO o.a.j.JMeter: java.vm.name=OpenJDK 64-Bit Server VM
2026-08-22 19:29:54,908 INFO o.a.j.JMeter: os.name=Windows 11
2026-08-22 19:29:54,908 INFO o.a.j.JMeter: os.arch=amd64
2026-08-22 19:29:54,908 INFO o.a.j.JMeter: os.version=10.0
2026-08-22 19:29:54,908 INFO o.a.j.JMeter: file.encoding=Cp1258
2026-08-22 19:29:54,908 INFO o.a.j.JMeter: java.awt.headless=true
2026-08-22 19:29:54,908 INFO o.a.j.JMeter: Max memory     =4294967296
2026-08-22 19:29:54,908 INFO o.a.j.JMeter: Available Processors =8
2026-08-22 19:29:54,918 INFO o.a.j.JMeter: Default Locale=English (EN)
2026-08-22 19:29:54,918 INFO o.a.j.JMeter: JMeter  Locale=English (EN)
2026-08-22 19:29:54,918 INFO o.a.j.JMeter: JMeterHome=D:\jmeter\apache-jmeter-5.6.3
2026-08-22 19:29:54,918 INFO o.a.j.JMeter: user.dir  =D:\Nam3\HK3\Ki?m th? ph?n m?m\HW05\HW05-Performance-Testing
2026-08-22 19:29:54,918 INFO o.a.j.JMeter: PWD       =D:\Nam3\HK3\Ki?m th? ph?n m?m\HW05\HW05-Performance-Testing
2026-08-22 19:29:54,920 INFO o.a.j.JMeter: IP: 192.168.1.8 Name: Pham_Vu_Ngoc_Duy FullName: 192.168.1.8
2026-08-22 19:29:54,935 INFO o.a.j.JMeter: Setting property 'jmeter.reportgenerator.outputdir' to:'D:\Nam3\HK3\Ki?m th? ph?n m?m\HW05\HW05-Performance-Testing\results\html\spike'
2026-08-22 19:29:54,938 INFO o.a.j.s.FileServer: Default base='D:\Nam3\HK3\Ki?m th? ph?n m?m\HW05\HW05-Performance-Testing'
2026-08-22 19:29:54,939 INFO o.a.j.s.FileServer: Set new base='D:\Nam3\HK3\Ki?m th? ph?n m?m\HW05\HW05-Performance-Testing\test-plans'
2026-08-22 19:29:55,189 INFO o.a.j.s.SaveService: Testplan (JMX) version: 2.2. Testlog (JTL) version: 2.2
2026-08-22 19:29:55,216 INFO o.a.j.s.SaveService: Using SaveService properties version 5.0
2026-08-22 19:29:55,219 INFO o.a.j.s.SaveService: Using SaveService properties file encoding UTF-8
2026-08-22 19:29:55,222 INFO o.a.j.s.SaveService: Loading file: test-plans\23127183_Spike_20260821.jmx
2026-08-22 19:29:55,340 INFO o.a.j.p.h.s.HTTPSamplerBase: Parser for text/html is org.apache.jmeter.protocol.http.parser.LagartoBasedHtmlParser
2026-08-22 19:29:55,340 INFO o.a.j.p.h.s.HTTPSamplerBase: Parser for application/xhtml+xml is org.apache.jmeter.protocol.http.parser.LagartoBasedHtmlParser
2026-08-22 19:29:55,340 INFO o.a.j.p.h.s.HTTPSamplerBase: Parser for application/xml is org.apache.jmeter.protocol.http.parser.LagartoBasedHtmlParser
2026-08-22 19:29:55,340 INFO o.a.j.p.h.s.HTTPSamplerBase: Parser for text/xml is org.apache.jmeter.protocol.http.parser.LagartoBasedHtmlParser
2026-08-22 19:29:55,340 INFO o.a.j.p.h.s.HTTPSamplerBase: Parser for text/vnd.wap.wml is org.apache.jmeter.protocol.http.parser.RegexpHTMLParser
2026-08-22 19:29:55,340 INFO o.a.j.p.h.s.HTTPSamplerBase: Parser for text/css is org.apache.jmeter.protocol.http.parser.CssParser
2026-08-22 19:29:55,395 INFO o.a.j.JMeter: Creating summariser <summary>
2026-08-22 19:29:55,400 INFO o.a.j.r.d.ReportGenerator: ReportGenerator will use for Parsing the separator: ','
2026-08-22 19:29:55,400 INFO o.a.j.r.d.ReportGenerator: Will generate report at end of test from  results file: results/jtl/23127183_Spike_20260822-192951.jtl
2026-08-22 19:29:55,400 INFO o.a.j.r.d.ReportGenerator: Reading report generator properties from: D:\jmeter\apache-jmeter-5.6.3\bin\reportgenerator.properties
2026-08-22 19:29:55,402 INFO o.a.j.r.d.ReportGenerator: Merging with JMeter properties
2026-08-22 19:29:55,406 INFO o.a.j.r.c.ReportGeneratorConfiguration: Property 'jmeter.reportgenerator.temp_dir' not found, using default value 'temp' instead.
2026-08-22 19:29:55,409 INFO o.a.j.r.c.ReportGeneratorConfiguration: Property 'jmeter.reportgenerator.apdex_per_transaction' not found, using default value 'null' instead.
2026-08-22 19:29:55,409 INFO o.a.j.r.c.ReportGeneratorConfiguration: apdex_per_transaction is empty, not APDEX per transaction customization
2026-08-22 19:29:55,410 INFO o.a.j.r.c.ReportGeneratorConfiguration: Property 'jmeter.reportgenerator.sample_filter' not found, using default value 'null' instead.
2026-08-22 19:29:55,410 INFO o.a.j.r.c.ReportGeneratorConfiguration: Property 'jmeter.reportgenerator.report_title' not found, using default value 'null' instead.
2026-08-22 19:29:55,410 INFO o.a.j.r.c.ReportGeneratorConfiguration: Property 'jmeter.reportgenerator.start_date' not found, using default value 'null' instead.
2026-08-22 19:29:55,410 INFO o.a.j.r.c.ReportGeneratorConfiguration: Property 'jmeter.reportgenerator.end_date' not found, using default value 'null' instead.
2026-08-22 19:29:55,410 INFO o.a.j.r.c.ReportGeneratorConfiguration: Property 'jmeter.reportgenerator.date_format' not found, using default value 'null' instead.
2026-08-22 19:29:55,411 INFO o.a.j.r.c.ReportGeneratorConfiguration: Will use date range start date: null, end date: null
2026-08-22 19:29:55,414 INFO o.a.j.r.c.ReportGeneratorConfiguration: Property 'jmeter.reportgenerator.graph.totalTPS.exclude_controllers' not found, using default value 'false' instead.
2026-08-22 19:29:55,415 INFO o.a.j.r.c.ReportGeneratorConfiguration: Property 'jmeter.reportgenerator.graph.activeThreadsOverTime.exclude_controllers' not found, using default value 'false' instead.
2026-08-22 19:29:55,415 INFO o.a.j.r.c.ReportGeneratorConfiguration: Property 'jmeter.reportgenerator.graph.timeVsThreads.exclude_controllers' not found, using default value 'false' instead.
2026-08-22 19:29:55,415 INFO o.a.j.r.c.ReportGeneratorConfiguration: Property 'jmeter.reportgenerator.graph.responseTimeDistribution.exclude_controllers' not found, using default value 'false' instead.
2026-08-22 19:29:55,415 INFO o.a.j.r.c.ReportGeneratorConfiguration: Property 'jmeter.reportgenerator.graph.transactionsPerSecond.exclude_controllers' not found, using default value 'false' instead.
2026-08-22 19:29:55,415 INFO o.a.j.r.c.ReportGeneratorConfiguration: Property 'jmeter.reportgenerator.graph.responseTimePercentiles.exclude_controllers' not found, using default value 'false' instead.
2026-08-22 19:29:55,415 INFO o.a.j.r.c.ReportGeneratorConfiguration: Property 'jmeter.reportgenerator.graph.responseTimePercentilesOverTime.exclude_controllers' not found, using default value 'false' instead.
2026-08-22 19:29:55,415 INFO o.a.j.r.c.ReportGeneratorConfiguration: Property 'jmeter.reportgenerator.graph.responseTimesOverTime.exclude_controllers' not found, using default value 'false' instead.
2026-08-22 19:29:55,416 INFO o.a.j.r.c.ReportGeneratorConfiguration: Property 'jmeter.reportgenerator.graph.connectTimeOverTime.exclude_controllers' not found, using default value 'false' instead.
2026-08-22 19:29:55,416 INFO o.a.j.r.c.ReportGeneratorConfiguration: Property 'jmeter.reportgenerator.graph.latenciesOverTime.exclude_controllers' not found, using default value 'false' instead.
2026-08-22 19:29:55,416 INFO o.a.j.r.c.ReportGeneratorConfiguration: Property 'jmeter.reportgenerator.exporter.json.filters_only_sample_series' not found, using default value 'true' instead.
2026-08-22 19:29:55,417 INFO o.a.j.r.c.ReportGeneratorConfiguration: Property 'jmeter.reportgenerator.exporter.json.series_filter' not found, using default value '' instead.
2026-08-22 19:29:55,417 INFO o.a.j.r.c.ReportGeneratorConfiguration: Property 'jmeter.reportgenerator.exporter.json.show_controllers_only' not found, using default value 'false' instead.
2026-08-22 19:29:55,417 INFO o.a.j.r.c.ReportGeneratorConfiguration: Property 'jmeter.reportgenerator.exporter.html.filters_only_sample_series' not found, using default value 'true' instead.
2026-08-22 19:29:55,417 INFO o.a.j.r.c.ReportGeneratorConfiguration: Property 'jmeter.reportgenerator.exporter.html.series_filter' not found, using default value '' instead.
2026-08-22 19:29:55,418 INFO o.a.j.r.c.ReportGeneratorConfiguration: Property 'jmeter.reportgenerator.exporter.html.show_controllers_only' not found, using default value 'false' instead.
2026-08-22 19:29:55,432 INFO o.a.j.e.StandardJMeterEngine: Running the test!
2026-08-22 19:29:55,433 INFO o.a.j.s.SampleEvent: List of sample_variables: []
2026-08-22 19:29:55,434 INFO o.a.j.s.SampleEvent: List of sample_variables: []
2026-08-22 19:29:55,442 INFO o.a.j.e.u.CompoundVariable: Note: Function class names must contain the string: '.functions.'
2026-08-22 19:29:55,442 INFO o.a.j.e.u.CompoundVariable: Note: Function class names must not contain the string: '.gui.'
2026-08-22 19:29:55,529 INFO o.a.j.JMeter: Running test (1787401795529)
2026-08-22 19:29:55,545 INFO o.a.j.e.StandardJMeterEngine: Starting ThreadGroup: 1 : Baseline 10 VU
2026-08-22 19:29:55,545 INFO o.a.j.e.StandardJMeterEngine: Starting 10 threads for group Baseline 10 VU.
2026-08-22 19:29:55,546 INFO o.a.j.e.StandardJMeterEngine: Thread will continue on error
2026-08-22 19:29:55,546 INFO o.a.j.t.ThreadGroup: Starting thread group... number=1 threads=10 ramp-up=10 delayedStart=false
2026-08-22 19:29:55,571 INFO o.a.j.t.ThreadGroup: Started thread group number 1
2026-08-22 19:29:55,571 INFO o.a.j.e.StandardJMeterEngine: Starting ThreadGroup: 2 : Spike burst 200 VU
2026-08-22 19:29:55,571 INFO o.a.j.e.StandardJMeterEngine: Starting 200 threads for group Spike burst 200 VU.
2026-08-22 19:29:55,571 INFO o.a.j.e.StandardJMeterEngine: Thread will continue on error
2026-08-22 19:29:55,571 INFO o.a.j.t.ThreadGroup: Starting thread group... number=2 threads=200 ramp-up=5 delayedStart=false
2026-08-22 19:29:55,739 INFO o.a.j.t.JMeterThread: Thread started: Baseline 10 VU 1-1
2026-08-22 19:29:55,748 INFO o.a.j.s.FileServer: Stored: data/orders.csv
2026-08-22 19:29:55,798 INFO o.a.j.s.FileServer: Stored: data/products.csv
2026-08-22 19:29:55,799 INFO o.a.j.s.FileServer: Stored: data/search-terms.csv
2026-08-22 19:29:55,800 INFO o.a.j.s.FileServer: Stored: data/users_lockout.csv
2026-08-22 19:29:55,801 INFO o.a.j.s.FileServer: Stored: data/users.csv
2026-08-22 19:29:55,845 INFO o.a.j.t.ThreadGroup: Started thread group number 2
2026-08-22 19:29:55,846 INFO o.a.j.e.StandardJMeterEngine: All thread groups have been started
2026-08-22 19:29:55,856 INFO o.a.j.p.h.s.HTTPHCAbstractImpl: Local host = Pham_Vu_Ngoc_Duy
2026-08-22 19:29:55,869 INFO o.a.j.p.h.s.HTTPHC4Impl: HTTP request retry count = 0
2026-08-22 19:29:55,873 INFO o.a.j.s.SampleResult: Note: Sample TimeStamps are START times
2026-08-22 19:29:55,873 INFO o.a.j.s.SampleResult: sampleresult.default.encoding is set to UTF-8
2026-08-22 19:29:55,873 INFO o.a.j.s.SampleResult: sampleresult.useNanoTime=true
2026-08-22 19:29:55,873 INFO o.a.j.s.SampleResult: sampleresult.nanoThreadSleep=5000
2026-08-22 19:29:56,729 INFO o.a.j.t.JMeterThread: Thread started: Baseline 10 VU 1-2
2026-08-22 19:29:57,713 INFO o.a.j.u.JsseSSLManager: Using default SSL protocol: TLS
2026-08-22 19:29:57,713 INFO o.a.j.u.JsseSSLManager: SSL session context: per-thread
2026-08-22 19:29:57,728 INFO o.a.j.t.JMeterThread: Thread started: Baseline 10 VU 1-3
2026-08-22 19:29:58,725 INFO o.a.j.t.JMeterThread: Thread started: Baseline 10 VU 1-4
2026-08-22 19:29:59,721 INFO o.a.j.t.JMeterThread: Thread started: Baseline 10 VU 1-5
2026-08-22 19:30:00,085 INFO o.a.j.r.Summariser: summary +     44 in 00:00:05 =    9.7/s Avg:     9 Min:     2 Max:    86 Err:     0 (0.00%) Active: 5 Started: 5 Finished: 0
2026-08-22 19:30:00,729 INFO o.a.j.t.JMeterThread: Thread started: Baseline 10 VU 1-6
2026-08-22 19:30:01,720 INFO o.a.j.t.JMeterThread: Thread started: Baseline 10 VU 1-7
2026-08-22 19:30:02,716 INFO o.a.j.t.JMeterThread: Thread started: Baseline 10 VU 1-8
2026-08-22 19:30:03,714 INFO o.a.j.t.JMeterThread: Thread started: Baseline 10 VU 1-9
2026-08-22 19:30:04,715 INFO o.a.j.t.JMeterThread: Thread started: Baseline 10 VU 1-10
2026-08-22 19:30:30,039 INFO o.a.j.r.Summariser: summary +   1145 in 00:00:30 =   38.2/s Avg:     7 Min:     1 Max:    94 Err:     0 (0.00%) Active: 10 Started: 10 Finished: 0
2026-08-22 19:30:30,039 INFO o.a.j.r.Summariser: summary =   1189 in 00:00:35 =   34.5/s Avg:     8 Min:     1 Max:    94 Err:     0 (0.00%)
2026-08-22 19:30:55,572 INFO o.a.j.t.JMeterThread: Thread started: Spike burst 200 VU 2-1
2026-08-22 19:30:55,598 INFO o.a.j.t.JMeterThread: Thread started: Spike burst 200 VU 2-2
2026-08-22 19:30:55,623 INFO o.a.j.t.JMeterThread: Thread started: Spike burst 200 VU 2-3
2026-08-22 19:30:55,648 INFO o.a.j.t.JMeterThread: Thread started: Spike burst 200 VU 2-4
2026-08-22 19:30:55,673 INFO o.a.j.t.JMeterThread: Thread started: Spike burst 200 VU 2-5
2026-08-22 19:30:55,698 INFO o.a.j.t.JMeterThread: Thread started: Spike burst 200 VU 2-6
2026-08-22 19:30:55,723 INFO o.a.j.t.JMeterThread: Thread started: Spike burst 200 VU 2-7
2026-08-22 19:30:55,748 INFO o.a.j.t.JMeterThread: Thread started: Spike burst 200 VU 2-8
2026-08-22 19:30:55,773 INFO o.a.j.t.JMeterThread: Thread started: Spike burst 200 VU 2-9
2026-08-22 19:30:55,798 INFO o.a.j.t.JMeterThread: Thread started: Spike burst 200 VU 2-10
2026-08-22 19:30:55,823 INFO o.a.j.t.JMeterThread: Thread started: Spike burst 200 VU 2-11
2026-08-22 19:30:55,848 INFO o.a.j.t.JMeterThread: Thread started: Spike burst 200 VU 2-12
2026-08-22 19:30:55,873 INFO o.a.j.t.JMeterThread: Thread started: Spike burst 200 VU 2-13
2026-08-22 19:30:55,898 INFO o.a.j.t.JMeterThread: Thread started: Spike burst 200 VU 2-14
2026-08-22 19:30:55,922 INFO o.a.j.t.JMeterThread: Thread started: Spike burst 200 VU 2-15
2026-08-22 19:30:55,948 INFO o.a.j.t.JMeterThread: Thread started: Spike burst 200 VU 2-16
2026-08-22 19:30:55,973 INFO o.a.j.t.JMeterThread: Thread started: Spike burst 200 VU 2-17
2026-08-22 19:30:55,998 INFO o.a.j.t.JMeterThread: Thread started: Spike burst 200 VU 2-18
2026-08-22 19:30:56,023 INFO o.a.j.t.JMeterThread: Thread started: Spike burst 200 VU 2-19
2026-08-22 19:30:56,047 INFO o.a.j.t.JMeterThread: Thread started: Spike burst 200 VU 2-20
2026-08-22 19:30:56,073 INFO o.a.j.t.JMeterThread: Thread started: Spike burst 200 VU 2-21
2026-08-22 19:30:56,098 INFO o.a.j.t.JMeterThread: Thread started: Spike burst 200 VU 2-22
2026-08-22 19:30:56,123 INFO o.a.j.t.JMeterThread: Thread started: Spike burst 200 VU 2-23
2026-08-22 19:30:56,148 INFO o.a.j.t.JMeterThread: Thread started: Spike burst 200 VU 2-24
2026-08-22 19:30:56,173 INFO o.a.j.t.JMeterThread: Thread started: Spike burst 200 VU 2-25
2026-08-22 19:30:56,198 INFO o.a.j.t.JMeterThread: Thread started: Spike burst 200 VU 2-26
2026-08-22 19:30:56,223 INFO o.a.j.t.JMeterThread: Thread started: Spike burst 200 VU 2-27
2026-08-22 19:30:56,248 INFO o.a.j.t.JMeterThread: Thread started: Spike burst 200 VU 2-28
2026-08-22 19:30:56,273 INFO o.a.j.t.JMeterThread: Thread started: Spike burst 200 VU 2-29
2026-08-22 19:30:56,298 INFO o.a.j.t.JMeterThread: Thread started: Spike burst 200 VU 2-30
2026-08-22 19:30:56,323 INFO o.a.j.t.JMeterThread: Thread started: Spike burst 200 VU 2-31
2026-08-22 19:30:56,348 INFO o.a.j.t.JMeterThread: Thread started: Spike burst 200 VU 2-32
2026-08-22 19:30:56,373 INFO o.a.j.t.JMeterThread: Thread started: Spike burst 200 VU 2-33
2026-08-22 19:30:56,398 INFO o.a.j.t.JMeterThread: Thread started: Spike burst 200 VU 2-34
2026-08-22 19:30:56,423 INFO o.a.j.t.JMeterThread: Thread started: Spike burst 200 VU 2-35
2026-08-22 19:30:56,448 INFO o.a.j.t.JMeterThread: Thread started: Spike burst 200 VU 2-36
2026-08-22 19:30:56,473 INFO o.a.j.t.JMeterThread: Thread started: Spike burst 200 VU 2-37
2026-08-22 19:30:56,498 INFO o.a.j.t.JMeterThread: Thread started: Spike burst 200 VU 2-38
2026-08-22 19:30:56,523 INFO o.a.j.t.JMeterThread: Thread started: Spike burst 200 VU 2-39
2026-08-22 19:30:56,548 INFO o.a.j.t.JMeterThread: Thread started: Spike burst 200 VU 2-40
2026-08-22 19:30:56,573 INFO o.a.j.t.JMeterThread: Thread started: Spike burst 200 VU 2-41
2026-08-22 19:30:56,598 INFO o.a.j.t.JMeterThread: Thread started: Spike burst 200 VU 2-42
2026-08-22 19:30:56,623 INFO o.a.j.t.JMeterThread: Thread started: Spike burst 200 VU 2-43
2026-08-22 19:30:56,647 INFO o.a.j.t.JMeterThread: Thread started: Spike burst 200 VU 2-44
2026-08-22 19:30:56,672 INFO o.a.j.t.JMeterThread: Thread started: Spike burst 200 VU 2-45
2026-08-22 19:30:56,697 INFO o.a.j.t.JMeterThread: Thread started: Spike burst 200 VU 2-46
2026-08-22 19:30:56,722 INFO o.a.j.t.JMeterThread: Thread started: Spike burst 200 VU 2-47
2026-08-22 19:30:56,747 INFO o.a.j.t.JMeterThread: Thread started: Spike burst 200 VU 2-48
2026-08-22 19:30:56,772 INFO o.a.j.t.JMeterThread: Thread started: Spike burst 200 VU 2-49
2026-08-22 19:30:56,797 INFO o.a.j.t.JMeterThread: Thread started: Spike burst 200 VU 2-50
2026-08-22 19:30:56,823 INFO o.a.j.t.JMeterThread: Thread started: Spike burst 200 VU 2-51
2026-08-22 19:30:56,848 INFO o.a.j.t.JMeterThread: Thread started: Spike burst 200 VU 2-52
2026-08-22 19:30:56,874 INFO o.a.j.t.JMeterThread: Thread started: Spike burst 200 VU 2-53
2026-08-22 19:30:56,898 INFO o.a.j.t.JMeterThread: Thread started: Spike burst 200 VU 2-54
2026-08-22 19:30:56,923 INFO o.a.j.t.JMeterThread: Thread started: Spike burst 200 VU 2-55
2026-08-22 19:30:56,949 INFO o.a.j.t.JMeterThread: Thread started: Spike burst 200 VU 2-56
2026-08-22 19:30:56,973 INFO o.a.j.t.JMeterThread: Thread started: Spike burst 200 VU 2-57
2026-08-22 19:30:56,998 INFO o.a.j.t.JMeterThread: Thread started: Spike burst 200 VU 2-58
2026-08-22 19:30:57,023 INFO o.a.j.t.JMeterThread: Thread started: Spike burst 200 VU 2-59
2026-08-22 19:30:57,049 INFO o.a.j.t.JMeterThread: Thread started: Spike burst 200 VU 2-60
2026-08-22 19:30:57,074 INFO o.a.j.t.JMeterThread: Thread started: Spike burst 200 VU 2-61
2026-08-22 19:30:57,099 INFO o.a.j.t.JMeterThread: Thread started: Spike burst 200 VU 2-62
2026-08-22 19:30:57,124 INFO o.a.j.t.JMeterThread: Thread started: Spike burst 200 VU 2-63
2026-08-22 19:30:57,149 INFO o.a.j.t.JMeterThread: Thread started: Spike burst 200 VU 2-64
2026-08-22 19:30:57,173 INFO o.a.j.t.JMeterThread: Thread started: Spike burst 200 VU 2-65
2026-08-22 19:30:57,198 INFO o.a.j.t.JMeterThread: Thread started: Spike burst 200 VU 2-66
2026-08-22 19:30:57,222 INFO o.a.j.t.JMeterThread: Thread started: Spike burst 200 VU 2-67
2026-08-22 19:30:57,247 INFO o.a.j.t.JMeterThread: Thread started: Spike burst 200 VU 2-68
2026-08-22 19:30:57,273 INFO o.a.j.t.JMeterThread: Thread started: Spike burst 200 VU 2-69
2026-08-22 19:30:57,298 INFO o.a.j.t.JMeterThread: Thread started: Spike burst 200 VU 2-70
2026-08-22 19:30:57,323 INFO o.a.j.t.JMeterThread: Thread started: Spike burst 200 VU 2-71
2026-08-22 19:30:57,349 INFO o.a.j.t.JMeterThread: Thread started: Spike burst 200 VU 2-72
2026-08-22 19:30:57,373 INFO o.a.j.t.JMeterThread: Thread started: Spike burst 200 VU 2-73
2026-08-22 19:30:57,398 INFO o.a.j.t.JMeterThread: Thread started: Spike burst 200 VU 2-74
2026-08-22 19:30:57,423 INFO o.a.j.t.JMeterThread: Thread started: Spike burst 200 VU 2-75
2026-08-22 19:30:57,448 INFO o.a.j.t.JMeterThread: Thread started: Spike burst 200 VU 2-76
2026-08-22 19:30:57,473 INFO o.a.j.t.JMeterThread: Thread started: Spike burst 200 VU 2-77
2026-08-22 19:30:57,497 INFO o.a.j.t.JMeterThread: Thread started: Spike burst 200 VU 2-78
2026-08-22 19:30:57,523 INFO o.a.j.t.JMeterThread: Thread started: Spike burst 200 VU 2-79
2026-08-22 19:30:57,548 INFO o.a.j.t.JMeterThread: Thread started: Spike burst 200 VU 2-80
2026-08-22 19:30:57,573 INFO o.a.j.t.JMeterThread: Thread started: Spike burst 200 VU 2-81
2026-08-22 19:30:57,597 INFO o.a.j.t.JMeterThread: Thread started: Spike burst 200 VU 2-82
2026-08-22 19:30:57,623 INFO o.a.j.t.JMeterThread: Thread started: Spike burst 200 VU 2-83
2026-08-22 19:30:57,648 INFO o.a.j.t.JMeterThread: Thread started: Spike burst 200 VU 2-84
2026-08-22 19:30:57,673 INFO o.a.j.t.JMeterThread: Thread started: Spike burst 200 VU 2-85
2026-08-22 19:30:57,699 INFO o.a.j.t.JMeterThread: Thread started: Spike burst 200 VU 2-86
2026-08-22 19:30:57,724 INFO o.a.j.t.JMeterThread: Thread started: Spike burst 200 VU 2-87
2026-08-22 19:30:57,750 INFO o.a.j.t.JMeterThread: Thread started: Spike burst 200 VU 2-88
2026-08-22 19:30:57,773 INFO o.a.j.t.JMeterThread: Thread started: Spike burst 200 VU 2-89
2026-08-22 19:30:57,798 INFO o.a.j.t.JMeterThread: Thread started: Spike burst 200 VU 2-90
2026-08-22 19:30:57,823 INFO o.a.j.t.JMeterThread: Thread started: Spike burst 200 VU 2-91
2026-08-22 19:30:57,848 INFO o.a.j.t.JMeterThread: Thread started: Spike burst 200 VU 2-92
2026-08-22 19:30:57,872 INFO o.a.j.t.JMeterThread: Thread started: Spike burst 200 VU 2-93
2026-08-22 19:30:57,898 INFO o.a.j.t.JMeterThread: Thread started: Spike burst 200 VU 2-94
2026-08-22 19:30:57,923 INFO o.a.j.t.JMeterThread: Thread started: Spike burst 200 VU 2-95
2026-08-22 19:30:57,947 INFO o.a.j.t.JMeterThread: Thread started: Spike burst 200 VU 2-96
2026-08-22 19:30:57,973 INFO o.a.j.t.JMeterThread: Thread started: Spike burst 200 VU 2-97
2026-08-22 19:30:57,998 INFO o.a.j.t.JMeterThread: Thread started: Spike burst 200 VU 2-98
2026-08-22 19:30:58,023 INFO o.a.j.t.JMeterThread: Thread started: Spike burst 200 VU 2-99
2026-08-22 19:30:58,048 INFO o.a.j.t.JMeterThread: Thread started: Spike burst 200 VU 2-100
2026-08-22 19:30:58,073 INFO o.a.j.t.JMeterThread: Thread started: Spike burst 200 VU 2-101
2026-08-22 19:30:58,098 INFO o.a.j.t.JMeterThread: Thread started: Spike burst 200 VU 2-102
2026-08-22 19:30:58,122 INFO o.a.j.t.JMeterThread: Thread started: Spike burst 200 VU 2-103
2026-08-22 19:30:58,148 INFO o.a.j.t.JMeterThread: Thread started: Spike burst 200 VU 2-104
2026-08-22 19:30:58,173 INFO o.a.j.t.JMeterThread: Thread started: Spike burst 200 VU 2-105
2026-08-22 19:30:58,198 INFO o.a.j.t.JMeterThread: Thread started: Spike burst 200 VU 2-106
2026-08-22 19:30:58,223 INFO o.a.j.t.JMeterThread: Thread started: Spike burst 200 VU 2-107
2026-08-22 19:30:58,248 INFO o.a.j.t.JMeterThread: Thread started: Spike burst 200 VU 2-108
2026-08-22 19:30:58,273 INFO o.a.j.t.JMeterThread: Thread started: Spike burst 200 VU 2-109
2026-08-22 19:30:58,298 INFO o.a.j.t.JMeterThread: Thread started: Spike burst 200 VU 2-110
2026-08-22 19:30:58,323 INFO o.a.j.t.JMeterThread: Thread started: Spike burst 200 VU 2-111
2026-08-22 19:30:58,348 INFO o.a.j.t.JMeterThread: Thread started: Spike burst 200 VU 2-112
2026-08-22 19:30:58,373 INFO o.a.j.t.JMeterThread: Thread started: Spike burst 200 VU 2-113
2026-08-22 19:30:58,398 INFO o.a.j.t.JMeterThread: Thread started: Spike burst 200 VU 2-114
2026-08-22 19:30:58,423 INFO o.a.j.t.JMeterThread: Thread started: Spike burst 200 VU 2-115
2026-08-22 19:30:58,448 INFO o.a.j.t.JMeterThread: Thread started: Spike burst 200 VU 2-116
2026-08-22 19:30:58,474 INFO o.a.j.t.JMeterThread: Thread started: Spike burst 200 VU 2-117
2026-08-22 19:30:58,499 INFO o.a.j.t.JMeterThread: Thread started: Spike burst 200 VU 2-118
2026-08-22 19:30:58,524 INFO o.a.j.t.JMeterThread: Thread started: Spike burst 200 VU 2-119
2026-08-22 19:30:58,549 INFO o.a.j.t.JMeterThread: Thread started: Spike burst 200 VU 2-120
2026-08-22 19:30:58,574 INFO o.a.j.t.JMeterThread: Thread started: Spike burst 200 VU 2-121
2026-08-22 19:30:58,598 INFO o.a.j.t.JMeterThread: Thread started: Spike burst 200 VU 2-122
2026-08-22 19:30:58,623 INFO o.a.j.t.JMeterThread: Thread started: Spike burst 200 VU 2-123
2026-08-22 19:30:58,648 INFO o.a.j.t.JMeterThread: Thread started: Spike burst 200 VU 2-124
2026-08-22 19:30:58,673 INFO o.a.j.t.JMeterThread: Thread started: Spike burst 200 VU 2-125
2026-08-22 19:30:58,698 INFO o.a.j.t.JMeterThread: Thread started: Spike burst 200 VU 2-126
2026-08-22 19:30:58,723 INFO o.a.j.t.JMeterThread: Thread started: Spike burst 200 VU 2-127
2026-08-22 19:30:58,748 INFO o.a.j.t.JMeterThread: Thread started: Spike burst 200 VU 2-128
2026-08-22 19:30:58,774 INFO o.a.j.t.JMeterThread: Thread started: Spike burst 200 VU 2-129
2026-08-22 19:30:58,799 INFO o.a.j.t.JMeterThread: Thread started: Spike burst 200 VU 2-130
2026-08-22 19:30:58,823 INFO o.a.j.t.JMeterThread: Thread started: Spike burst 200 VU 2-131
2026-08-22 19:30:58,848 INFO o.a.j.t.JMeterThread: Thread started: Spike burst 200 VU 2-132
2026-08-22 19:30:58,874 INFO o.a.j.t.JMeterThread: Thread started: Spike burst 200 VU 2-133
2026-08-22 19:30:58,898 INFO o.a.j.t.JMeterThread: Thread started: Spike burst 200 VU 2-134
2026-08-22 19:30:58,924 INFO o.a.j.t.JMeterThread: Thread started: Spike burst 200 VU 2-135
2026-08-22 19:30:58,949 INFO o.a.j.t.JMeterThread: Thread started: Spike burst 200 VU 2-136
2026-08-22 19:30:58,974 INFO o.a.j.t.JMeterThread: Thread started: Spike burst 200 VU 2-137
2026-08-22 19:30:58,999 INFO o.a.j.t.JMeterThread: Thread started: Spike burst 200 VU 2-138
2026-08-22 19:30:59,023 INFO o.a.j.t.JMeterThread: Thread started: Spike burst 200 VU 2-139
2026-08-22 19:30:59,049 INFO o.a.j.t.JMeterThread: Thread started: Spike burst 200 VU 2-140
2026-08-22 19:30:59,073 INFO o.a.j.t.JMeterThread: Thread started: Spike burst 200 VU 2-141
2026-08-22 19:30:59,098 INFO o.a.j.t.JMeterThread: Thread started: Spike burst 200 VU 2-142
2026-08-22 19:30:59,124 INFO o.a.j.t.JMeterThread: Thread started: Spike burst 200 VU 2-143
2026-08-22 19:30:59,149 INFO o.a.j.t.JMeterThread: Thread started: Spike burst 200 VU 2-144
2026-08-22 19:30:59,174 INFO o.a.j.t.JMeterThread: Thread started: Spike burst 200 VU 2-145
2026-08-22 19:30:59,199 INFO o.a.j.t.JMeterThread: Thread started: Spike burst 200 VU 2-146
2026-08-22 19:30:59,224 INFO o.a.j.t.JMeterThread: Thread started: Spike burst 200 VU 2-147
2026-08-22 19:30:59,248 INFO o.a.j.t.JMeterThread: Thread started: Spike burst 200 VU 2-148
2026-08-22 19:30:59,273 INFO o.a.j.t.JMeterThread: Thread started: Spike burst 200 VU 2-149
2026-08-22 19:30:59,298 INFO o.a.j.t.JMeterThread: Thread started: Spike burst 200 VU 2-150
2026-08-22 19:30:59,323 INFO o.a.j.t.JMeterThread: Thread started: Spike burst 200 VU 2-151
2026-08-22 19:30:59,348 INFO o.a.j.t.JMeterThread: Thread started: Spike burst 200 VU 2-152
2026-08-22 19:30:59,374 INFO o.a.j.t.JMeterThread: Thread started: Spike burst 200 VU 2-153
2026-08-22 19:30:59,399 INFO o.a.j.t.JMeterThread: Thread started: Spike burst 200 VU 2-154
2026-08-22 19:30:59,426 INFO o.a.j.t.JMeterThread: Thread started: Spike burst 200 VU 2-155
2026-08-22 19:30:59,449 INFO o.a.j.t.JMeterThread: Thread started: Spike burst 200 VU 2-156
2026-08-22 19:30:59,474 INFO o.a.j.t.JMeterThread: Thread started: Spike burst 200 VU 2-157
2026-08-22 19:30:59,499 INFO o.a.j.t.JMeterThread: Thread started: Spike burst 200 VU 2-158
2026-08-22 19:30:59,524 INFO o.a.j.t.JMeterThread: Thread started: Spike burst 200 VU 2-159
2026-08-22 19:30:59,549 INFO o.a.j.t.JMeterThread: Thread started: Spike burst 200 VU 2-160
2026-08-22 19:30:59,573 INFO o.a.j.t.JMeterThread: Thread started: Spike burst 200 VU 2-161
2026-08-22 19:30:59,599 INFO o.a.j.t.JMeterThread: Thread started: Spike burst 200 VU 2-162
2026-08-22 19:30:59,623 INFO o.a.j.t.JMeterThread: Thread started: Spike burst 200 VU 2-163
2026-08-22 19:30:59,649 INFO o.a.j.t.JMeterThread: Thread started: Spike burst 200 VU 2-164
2026-08-22 19:30:59,673 INFO o.a.j.t.JMeterThread: Thread started: Spike burst 200 VU 2-165
2026-08-22 19:30:59,698 INFO o.a.j.t.JMeterThread: Thread started: Spike burst 200 VU 2-166
2026-08-22 19:30:59,723 INFO o.a.j.t.JMeterThread: Thread started: Spike burst 200 VU 2-167
2026-08-22 19:30:59,748 INFO o.a.j.t.JMeterThread: Thread started: Spike burst 200 VU 2-168
2026-08-22 19:30:59,774 INFO o.a.j.t.JMeterThread: Thread started: Spike burst 200 VU 2-169
2026-08-22 19:30:59,799 INFO o.a.j.t.JMeterThread: Thread started: Spike burst 200 VU 2-170
2026-08-22 19:30:59,824 INFO o.a.j.t.JMeterThread: Thread started: Spike burst 200 VU 2-171
2026-08-22 19:30:59,848 INFO o.a.j.t.JMeterThread: Thread started: Spike burst 200 VU 2-172
2026-08-22 19:30:59,873 INFO o.a.j.t.JMeterThread: Thread started: Spike burst 200 VU 2-173
2026-08-22 19:30:59,898 INFO o.a.j.t.JMeterThread: Thread started: Spike burst 200 VU 2-174
2026-08-22 19:30:59,923 INFO o.a.j.t.JMeterThread: Thread started: Spike burst 200 VU 2-175
2026-08-22 19:30:59,948 INFO o.a.j.t.JMeterThread: Thread started: Spike burst 200 VU 2-176
2026-08-22 19:30:59,973 INFO o.a.j.t.JMeterThread: Thread started: Spike burst 200 VU 2-177
2026-08-22 19:30:59,998 INFO o.a.j.t.JMeterThread: Thread started: Spike burst 200 VU 2-178
2026-08-22 19:31:00,023 INFO o.a.j.t.JMeterThread: Thread started: Spike burst 200 VU 2-179
2026-08-22 19:31:00,051 INFO o.a.j.t.JMeterThread: Thread started: Spike burst 200 VU 2-180
2026-08-22 19:31:00,054 INFO o.a.j.r.Summariser: summary +   2020 in 00:00:30 =   67.3/s Avg:    62 Min:     1 Max:   486 Err:     0 (0.00%) Active: 190 Started: 190 Finished: 0
2026-08-22 19:31:00,054 INFO o.a.j.r.Summariser: summary =   3209 in 00:01:05 =   49.7/s Avg:    42 Min:     1 Max:   486 Err:     0 (0.00%)
2026-08-22 19:31:00,075 INFO o.a.j.t.JMeterThread: Thread started: Spike burst 200 VU 2-181
2026-08-22 19:31:00,097 INFO o.a.j.t.JMeterThread: Thread started: Spike burst 200 VU 2-182
2026-08-22 19:31:00,122 INFO o.a.j.t.JMeterThread: Thread started: Spike burst 200 VU 2-183
2026-08-22 19:31:00,147 INFO o.a.j.t.JMeterThread: Thread started: Spike burst 200 VU 2-184
2026-08-22 19:31:00,173 INFO o.a.j.t.JMeterThread: Thread started: Spike burst 200 VU 2-185
2026-08-22 19:31:00,197 INFO o.a.j.t.JMeterThread: Thread started: Spike burst 200 VU 2-186
2026-08-22 19:31:00,222 INFO o.a.j.t.JMeterThread: Thread started: Spike burst 200 VU 2-187
2026-08-22 19:31:00,247 INFO o.a.j.t.JMeterThread: Thread started: Spike burst 200 VU 2-188
2026-08-22 19:31:00,272 INFO o.a.j.t.JMeterThread: Thread started: Spike burst 200 VU 2-189
2026-08-22 19:31:00,297 INFO o.a.j.t.JMeterThread: Thread started: Spike burst 200 VU 2-190
2026-08-22 19:31:00,322 INFO o.a.j.t.JMeterThread: Thread started: Spike burst 200 VU 2-191
2026-08-22 19:31:00,349 INFO o.a.j.t.JMeterThread: Thread started: Spike burst 200 VU 2-192
2026-08-22 19:31:00,373 INFO o.a.j.t.JMeterThread: Thread started: Spike burst 200 VU 2-193
2026-08-22 19:31:00,398 INFO o.a.j.t.JMeterThread: Thread started: Spike burst 200 VU 2-194
2026-08-22 19:31:00,423 INFO o.a.j.t.JMeterThread: Thread started: Spike burst 200 VU 2-195
2026-08-22 19:31:00,449 INFO o.a.j.t.JMeterThread: Thread started: Spike burst 200 VU 2-196
2026-08-22 19:31:00,473 INFO o.a.j.t.JMeterThread: Thread started: Spike burst 200 VU 2-197
2026-08-22 19:31:00,498 INFO o.a.j.t.JMeterThread: Thread started: Spike burst 200 VU 2-198
2026-08-22 19:31:00,523 INFO o.a.j.t.JMeterThread: Thread started: Spike burst 200 VU 2-199
2026-08-22 19:31:00,548 INFO o.a.j.t.JMeterThread: Thread started: Spike burst 200 VU 2-200
2026-08-22 19:31:25,168 INFO o.a.j.t.JMeterThread: Thread finished: Spike burst 200 VU 2-41
2026-08-22 19:31:25,192 INFO o.a.j.t.JMeterThread: Thread finished: Spike burst 200 VU 2-14
2026-08-22 19:31:25,248 INFO o.a.j.t.JMeterThread: Thread finished: Spike burst 200 VU 2-3
2026-08-22 19:31:25,256 INFO o.a.j.t.JMeterThread: Thread finished: Spike burst 200 VU 2-37
2026-08-22 19:31:25,335 INFO o.a.j.t.JMeterThread: Thread finished: Spike burst 200 VU 2-13
2026-08-22 19:31:25,347 INFO o.a.j.t.JMeterThread: Thread finished: Spike burst 200 VU 2-111
2026-08-22 19:31:25,350 INFO o.a.j.t.JMeterThread: Thread finished: Spike burst 200 VU 2-53
2026-08-22 19:31:25,353 INFO o.a.j.t.JMeterThread: Thread finished: Spike burst 200 VU 2-42
2026-08-22 19:31:25,359 INFO o.a.j.t.JMeterThread: Thread finished: Spike burst 200 VU 2-43
2026-08-22 19:31:25,373 INFO o.a.j.t.JMeterThread: Thread finished: Spike burst 200 VU 2-59
2026-08-22 19:31:25,379 INFO o.a.j.t.JMeterThread: Thread finished: Spike burst 200 VU 2-105
2026-08-22 19:31:25,381 INFO o.a.j.t.JMeterThread: Thread finished: Spike burst 200 VU 2-97
2026-08-22 19:31:25,385 INFO o.a.j.t.JMeterThread: Thread finished: Spike burst 200 VU 2-88
2026-08-22 19:31:25,385 INFO o.a.j.t.JMeterThread: Thread finished: Spike burst 200 VU 2-18
2026-08-22 19:31:25,443 INFO o.a.j.t.JMeterThread: Thread finished: Spike burst 200 VU 2-36
2026-08-22 19:31:25,444 INFO o.a.j.t.JMeterThread: Thread finished: Spike burst 200 VU 2-20
2026-08-22 19:31:25,448 INFO o.a.j.t.JMeterThread: Thread finished: Spike burst 200 VU 2-4
2026-08-22 19:31:25,449 INFO o.a.j.t.JMeterThread: Thread finished: Spike burst 200 VU 2-125
2026-08-22 19:31:25,453 INFO o.a.j.t.JMeterThread: Thread finished: Spike burst 200 VU 2-159
2026-08-22 19:31:25,458 INFO o.a.j.t.JMeterThread: Thread finished: Spike burst 200 VU 2-32
2026-08-22 19:31:25,464 INFO o.a.j.t.JMeterThread: Thread finished: Spike burst 200 VU 2-156
2026-08-22 19:31:25,465 INFO o.a.j.t.JMeterThread: Thread finished: Spike burst 200 VU 2-39
2026-08-22 19:31:25,561 INFO o.a.j.t.JMeterThread: Thread finished: Spike burst 200 VU 2-1
2026-08-22 19:31:25,568 INFO o.a.j.t.JMeterThread: Thread finished: Spike burst 200 VU 2-140
2026-08-22 19:31:25,574 INFO o.a.j.t.JMeterThread: Thread finished: Spike burst 200 VU 2-24
2026-08-22 19:31:25,576 INFO o.a.j.t.JMeterThread: Thread finished: Spike burst 200 VU 2-75
2026-08-22 19:31:25,578 INFO o.a.j.t.JMeterThread: Thread finished: Spike burst 200 VU 2-116
2026-08-22 19:31:25,581 INFO o.a.j.t.JMeterThread: Thread finished: Spike burst 200 VU 2-22
2026-08-22 19:31:25,590 INFO o.a.j.t.JMeterThread: Thread finished: Spike burst 200 VU 2-137
2026-08-22 19:31:25,640 INFO o.a.j.t.JMeterThread: Stopping because end time detected by thread: Spike burst 200 VU 2-33
2026-08-22 19:31:25,641 INFO o.a.j.t.JMeterThread: Thread finished: Spike burst 200 VU 2-33
2026-08-22 19:31:25,641 INFO o.a.j.t.JMeterThread: Stopping because end time detected by thread: Spike burst 200 VU 2-21
2026-08-22 19:31:25,642 INFO o.a.j.t.JMeterThread: Thread finished: Spike burst 200 VU 2-21
2026-08-22 19:31:25,642 INFO o.a.j.t.JMeterThread: Thread finished: Spike burst 200 VU 2-113
2026-08-22 19:31:25,642 INFO o.a.j.t.JMeterThread: Thread finished: Spike burst 200 VU 2-65
2026-08-22 19:31:25,642 INFO o.a.j.t.JMeterThread: Thread finished: Spike burst 200 VU 2-128
2026-08-22 19:31:25,643 INFO o.a.j.t.JMeterThread: Thread finished: Spike burst 200 VU 2-188
2026-08-22 19:31:25,643 INFO o.a.j.t.JMeterThread: Thread finished: Spike burst 200 VU 2-78
2026-08-22 19:31:25,643 INFO o.a.j.t.JMeterThread: Thread finished: Spike burst 200 VU 2-115
2026-08-22 19:31:25,644 INFO o.a.j.t.JMeterThread: Thread finished: Spike burst 200 VU 2-161
2026-08-22 19:31:25,644 INFO o.a.j.t.JMeterThread: Stopping because end time detected by thread: Spike burst 200 VU 2-29
2026-08-22 19:31:25,644 INFO o.a.j.t.JMeterThread: Stopping because end time detected by thread: Spike burst 200 VU 2-51
2026-08-22 19:31:25,644 INFO o.a.j.t.JMeterThread: Thread finished: Spike burst 200 VU 2-29
2026-08-22 19:31:25,644 INFO o.a.j.t.JMeterThread: Thread finished: Spike burst 200 VU 2-51
2026-08-22 19:31:25,645 INFO o.a.j.t.JMeterThread: Stopping because end time detected by thread: Spike burst 200 VU 2-16
2026-08-22 19:31:25,645 INFO o.a.j.t.JMeterThread: Thread finished: Spike burst 200 VU 2-16
2026-08-22 19:31:25,646 INFO o.a.j.t.JMeterThread: Thread finished: Spike burst 200 VU 2-94
2026-08-22 19:31:25,647 INFO o.a.j.t.JMeterThread: Thread finished: Spike burst 200 VU 2-177
2026-08-22 19:31:25,647 INFO o.a.j.t.JMeterThread: Thread finished: Spike burst 200 VU 2-54
2026-08-22 19:31:25,649 INFO o.a.j.t.JMeterThread: Stopping because end time detected by thread: Spike burst 200 VU 2-27
2026-08-22 19:31:25,649 INFO o.a.j.t.JMeterThread: Thread finished: Spike burst 200 VU 2-27
2026-08-22 19:31:25,650 INFO o.a.j.t.JMeterThread: Thread finished: Spike burst 200 VU 2-148
2026-08-22 19:31:25,650 INFO o.a.j.t.JMeterThread: Stopping because end time detected by thread: Spike burst 200 VU 2-31
2026-08-22 19:31:25,650 INFO o.a.j.t.JMeterThread: Thread finished: Spike burst 200 VU 2-31
2026-08-22 19:31:25,651 INFO o.a.j.t.JMeterThread: Stopping because end time detected by thread: Spike burst 200 VU 2-48
2026-08-22 19:31:25,651 INFO o.a.j.t.JMeterThread: Thread finished: Spike burst 200 VU 2-48
2026-08-22 19:31:25,651 INFO o.a.j.t.JMeterThread: Thread finished: Spike burst 200 VU 2-121
2026-08-22 19:31:25,651 INFO o.a.j.t.JMeterThread: Thread finished: Spike burst 200 VU 2-176
2026-08-22 19:31:25,652 INFO o.a.j.t.JMeterThread: Thread finished: Spike burst 200 VU 2-162
2026-08-22 19:31:25,652 INFO o.a.j.t.JMeterThread: Stopping because end time detected by thread: Spike burst 200 VU 2-49
2026-08-22 19:31:25,652 INFO o.a.j.t.JMeterThread: Thread finished: Spike burst 200 VU 2-49
2026-08-22 19:31:25,653 INFO o.a.j.t.JMeterThread: Thread finished: Spike burst 200 VU 2-100
2026-08-22 19:31:25,653 INFO o.a.j.t.JMeterThread: Stopping because end time detected by thread: Spike burst 200 VU 2-8
2026-08-22 19:31:25,653 INFO o.a.j.t.JMeterThread: Thread finished: Spike burst 200 VU 2-8
2026-08-22 19:31:25,654 INFO o.a.j.t.JMeterThread: Thread finished: Spike burst 200 VU 2-147
2026-08-22 19:31:25,655 INFO o.a.j.t.JMeterThread: Thread finished: Spike burst 200 VU 2-195
2026-08-22 19:31:25,655 INFO o.a.j.t.JMeterThread: Thread finished: Spike burst 200 VU 2-130
2026-08-22 19:31:25,666 INFO o.a.j.t.JMeterThread: Thread finished: Spike burst 200 VU 2-57
2026-08-22 19:31:25,669 INFO o.a.j.t.JMeterThread: Stopping because end time detected by thread: Spike burst 200 VU 2-56
2026-08-22 19:31:25,669 INFO o.a.j.t.JMeterThread: Thread finished: Spike burst 200 VU 2-56
2026-08-22 19:31:25,672 INFO o.a.j.t.JMeterThread: Thread finished: Spike burst 200 VU 2-101
2026-08-22 19:31:25,674 INFO o.a.j.t.JMeterThread: Thread finished: Spike burst 200 VU 2-135
2026-08-22 19:31:25,680 INFO o.a.j.t.JMeterThread: Stopping because end time detected by thread: Spike burst 200 VU 2-25
2026-08-22 19:31:25,681 INFO o.a.j.t.JMeterThread: Thread finished: Spike burst 200 VU 2-25
2026-08-22 19:31:25,681 INFO o.a.j.t.JMeterThread: Thread finished: Spike burst 200 VU 2-145
2026-08-22 19:31:25,682 INFO o.a.j.t.JMeterThread: Stopping because end time detected by thread: Spike burst 200 VU 2-5
2026-08-22 19:31:25,682 INFO o.a.j.t.JMeterThread: Thread finished: Spike burst 200 VU 2-127
2026-08-22 19:31:25,682 INFO o.a.j.t.JMeterThread: Thread finished: Spike burst 200 VU 2-5
2026-08-22 19:31:25,683 INFO o.a.j.t.JMeterThread: Thread finished: Spike burst 200 VU 2-183
2026-08-22 19:31:25,683 INFO o.a.j.t.JMeterThread: Thread finished: Spike burst 200 VU 2-170
2026-08-22 19:31:25,683 INFO o.a.j.t.JMeterThread: Stopping because end time detected by thread: Spike burst 200 VU 2-52
2026-08-22 19:31:25,683 INFO o.a.j.t.JMeterThread: Thread finished: Spike burst 200 VU 2-52
2026-08-22 19:31:25,684 INFO o.a.j.t.JMeterThread: Thread finished: Spike burst 200 VU 2-122
2026-08-22 19:31:25,684 INFO o.a.j.t.JMeterThread: Stopping because end time detected by thread: Spike burst 200 VU 2-15
2026-08-22 19:31:25,684 INFO o.a.j.t.JMeterThread: Thread finished: Spike burst 200 VU 2-15
2026-08-22 19:31:25,684 INFO o.a.j.t.JMeterThread: Thread finished: Spike burst 200 VU 2-117
2026-08-22 19:31:25,685 INFO o.a.j.t.JMeterThread: Thread finished: Spike burst 200 VU 2-185
2026-08-22 19:31:25,685 INFO o.a.j.t.JMeterThread: Thread finished: Spike burst 200 VU 2-85
2026-08-22 19:31:25,686 INFO o.a.j.t.JMeterThread: Stopping because end time detected by thread: Spike burst 200 VU 2-71
2026-08-22 19:31:25,687 INFO o.a.j.t.JMeterThread: Thread finished: Spike burst 200 VU 2-71
2026-08-22 19:31:25,687 INFO o.a.j.t.JMeterThread: Stopping because end time detected by thread: Spike burst 200 VU 2-10
2026-08-22 19:31:25,687 INFO o.a.j.t.JMeterThread: Thread finished: Spike burst 200 VU 2-10
2026-08-22 19:31:25,687 INFO o.a.j.t.JMeterThread: Thread finished: Spike burst 200 VU 2-110
2026-08-22 19:31:25,688 INFO o.a.j.t.JMeterThread: Stopping because end time detected by thread: Spike burst 200 VU 2-46
2026-08-22 19:31:25,688 INFO o.a.j.t.JMeterThread: Thread finished: Spike burst 200 VU 2-46
2026-08-22 19:31:25,690 INFO o.a.j.t.JMeterThread: Stopping because end time detected by thread: Spike burst 200 VU 2-61
2026-08-22 19:31:25,690 INFO o.a.j.t.JMeterThread: Thread finished: Spike burst 200 VU 2-61
2026-08-22 19:31:25,692 INFO o.a.j.t.JMeterThread: Thread finished: Spike burst 200 VU 2-119
2026-08-22 19:31:25,694 INFO o.a.j.t.JMeterThread: Stopping because end time detected by thread: Spike burst 200 VU 2-64
2026-08-22 19:31:25,694 INFO o.a.j.t.JMeterThread: Thread finished: Spike burst 200 VU 2-64
2026-08-22 19:31:25,696 INFO o.a.j.t.JMeterThread: Thread finished: Spike burst 200 VU 2-149
2026-08-22 19:31:25,698 INFO o.a.j.t.JMeterThread: Stopping because end time detected by thread: Spike burst 200 VU 2-77
2026-08-22 19:31:25,698 INFO o.a.j.t.JMeterThread: Thread finished: Spike burst 200 VU 2-77
2026-08-22 19:31:25,700 INFO o.a.j.t.JMeterThread: Thread finished: Spike burst 200 VU 2-151
2026-08-22 19:31:25,700 INFO o.a.j.t.JMeterThread: Thread finished: Spike burst 200 VU 2-181
2026-08-22 19:31:25,767 INFO o.a.j.t.JMeterThread: Stopping because end time detected by thread: Spike burst 200 VU 2-92
2026-08-22 19:31:25,767 INFO o.a.j.t.JMeterThread: Thread finished: Spike burst 200 VU 2-92
2026-08-22 19:31:25,767 INFO o.a.j.t.JMeterThread: Stopping because end time detected by thread: Spike burst 200 VU 2-58
2026-08-22 19:31:25,767 INFO o.a.j.t.JMeterThread: Thread finished: Spike burst 200 VU 2-58
2026-08-22 19:31:25,771 INFO o.a.j.t.JMeterThread: Thread finished: Spike burst 200 VU 2-200
2026-08-22 19:31:25,772 INFO o.a.j.t.JMeterThread: Stopping because end time detected by thread: Spike burst 200 VU 2-87
2026-08-22 19:31:25,772 INFO o.a.j.t.JMeterThread: Thread finished: Spike burst 200 VU 2-87
2026-08-22 19:31:25,783 INFO o.a.j.t.JMeterThread: Thread finished: Spike burst 200 VU 2-182
2026-08-22 19:31:25,788 INFO o.a.j.t.JMeterThread: Thread finished: Spike burst 200 VU 2-189
2026-08-22 19:31:25,855 INFO o.a.j.t.JMeterThread: Stopping because end time detected by thread: Spike burst 200 VU 2-186
2026-08-22 19:31:25,856 INFO o.a.j.t.JMeterThread: Thread finished: Spike burst 200 VU 2-186
2026-08-22 19:31:25,856 INFO o.a.j.t.JMeterThread: Stopping because end time detected by thread: Spike burst 200 VU 2-138
2026-08-22 19:31:25,856 INFO o.a.j.t.JMeterThread: Thread finished: Spike burst 200 VU 2-138
2026-08-22 19:31:25,857 INFO o.a.j.t.JMeterThread: Stopping because end time detected by thread: Spike burst 200 VU 2-90
2026-08-22 19:31:25,857 INFO o.a.j.t.JMeterThread: Thread finished: Spike burst 200 VU 2-90
2026-08-22 19:31:25,857 INFO o.a.j.t.JMeterThread: Stopping because end time detected by thread: Spike burst 200 VU 2-82
2026-08-22 19:31:25,857 INFO o.a.j.t.JMeterThread: Thread finished: Spike burst 200 VU 2-82
2026-08-22 19:31:25,858 INFO o.a.j.t.JMeterThread: Stopping because end time detected by thread: Spike burst 200 VU 2-80
2026-08-22 19:31:25,858 INFO o.a.j.t.JMeterThread: Thread finished: Spike burst 200 VU 2-80
2026-08-22 19:31:25,858 INFO o.a.j.t.JMeterThread: Stopping because end time detected by thread: Spike burst 200 VU 2-166
2026-08-22 19:31:25,858 INFO o.a.j.t.JMeterThread: Thread finished: Spike burst 200 VU 2-166
2026-08-22 19:31:25,859 INFO o.a.j.t.JMeterThread: Stopping because end time detected by thread: Spike burst 200 VU 2-98
2026-08-22 19:31:25,859 INFO o.a.j.t.JMeterThread: Thread finished: Spike burst 200 VU 2-98
2026-08-22 19:31:25,859 INFO o.a.j.t.JMeterThread: Stopping because end time detected by thread: Spike burst 200 VU 2-47
2026-08-22 19:31:25,859 INFO o.a.j.t.JMeterThread: Thread finished: Spike burst 200 VU 2-47
2026-08-22 19:31:25,859 INFO o.a.j.t.JMeterThread: Stopping because end time detected by thread: Spike burst 200 VU 2-44
2026-08-22 19:31:25,859 INFO o.a.j.t.JMeterThread: Thread finished: Spike burst 200 VU 2-44
2026-08-22 19:31:25,861 INFO o.a.j.t.JMeterThread: Stopping because end time detected by thread: Spike burst 200 VU 2-74
2026-08-22 19:31:25,861 INFO o.a.j.t.JMeterThread: Thread finished: Spike burst 200 VU 2-74
2026-08-22 19:31:25,862 INFO o.a.j.t.JMeterThread: Stopping because end time detected by thread: Spike burst 200 VU 2-158
2026-08-22 19:31:25,862 INFO o.a.j.t.JMeterThread: Thread finished: Spike burst 200 VU 2-158
2026-08-22 19:31:25,862 INFO o.a.j.t.JMeterThread: Stopping because end time detected by thread: Spike burst 200 VU 2-168
2026-08-22 19:31:25,862 INFO o.a.j.t.JMeterThread: Thread finished: Spike burst 200 VU 2-168
2026-08-22 19:31:25,862 INFO o.a.j.t.JMeterThread: Stopping because end time detected by thread: Spike burst 200 VU 2-136
2026-08-22 19:31:25,863 INFO o.a.j.t.JMeterThread: Thread finished: Spike burst 200 VU 2-136
2026-08-22 19:31:25,863 INFO o.a.j.t.JMeterThread: Stopping because end time detected by thread: Spike burst 200 VU 2-19
2026-08-22 19:31:25,863 INFO o.a.j.t.JMeterThread: Thread finished: Spike burst 200 VU 2-19
2026-08-22 19:31:25,863 INFO o.a.j.t.JMeterThread: Stopping because end time detected by thread: Spike burst 200 VU 2-45
2026-08-22 19:31:25,863 INFO o.a.j.t.JMeterThread: Thread finished: Spike burst 200 VU 2-45
2026-08-22 19:31:25,864 INFO o.a.j.t.JMeterThread: Stopping because end time detected by thread: Spike burst 200 VU 2-86
2026-08-22 19:31:25,864 INFO o.a.j.t.JMeterThread: Thread finished: Spike burst 200 VU 2-86
2026-08-22 19:31:25,864 INFO o.a.j.t.JMeterThread: Stopping because end time detected by thread: Spike burst 200 VU 2-131
2026-08-22 19:31:25,864 INFO o.a.j.t.JMeterThread: Thread finished: Spike burst 200 VU 2-131
2026-08-22 19:31:25,865 INFO o.a.j.t.JMeterThread: Stopping because end time detected by thread: Spike burst 200 VU 2-50
2026-08-22 19:31:25,865 INFO o.a.j.t.JMeterThread: Thread finished: Spike burst 200 VU 2-50
2026-08-22 19:31:25,865 INFO o.a.j.t.JMeterThread: Stopping because end time detected by thread: Spike burst 200 VU 2-175
2026-08-22 19:31:25,865 INFO o.a.j.t.JMeterThread: Thread finished: Spike burst 200 VU 2-175
2026-08-22 19:31:25,867 INFO o.a.j.t.JMeterThread: Stopping because end time detected by thread: Spike burst 200 VU 2-84
2026-08-22 19:31:25,867 INFO o.a.j.t.JMeterThread: Thread finished: Spike burst 200 VU 2-84
2026-08-22 19:31:25,868 INFO o.a.j.t.JMeterThread: Stopping because end time detected by thread: Spike burst 200 VU 2-67
2026-08-22 19:31:25,869 INFO o.a.j.t.JMeterThread: Thread finished: Spike burst 200 VU 2-67
2026-08-22 19:31:25,870 INFO o.a.j.t.JMeterThread: Stopping because end time detected by thread: Spike burst 200 VU 2-192
2026-08-22 19:31:25,870 INFO o.a.j.t.JMeterThread: Thread finished: Spike burst 200 VU 2-192
2026-08-22 19:31:25,872 INFO o.a.j.t.JMeterThread: Stopping because end time detected by thread: Spike burst 200 VU 2-124
2026-08-22 19:31:25,872 INFO o.a.j.t.JMeterThread: Thread finished: Spike burst 200 VU 2-124
2026-08-22 19:31:25,873 INFO o.a.j.t.JMeterThread: Stopping because end time detected by thread: Spike burst 200 VU 2-169
2026-08-22 19:31:25,874 INFO o.a.j.t.JMeterThread: Thread finished: Spike burst 200 VU 2-169
2026-08-22 19:31:25,875 INFO o.a.j.t.JMeterThread: Stopping because end time detected by thread: Spike burst 200 VU 2-73
2026-08-22 19:31:25,875 INFO o.a.j.t.JMeterThread: Thread finished: Spike burst 200 VU 2-73
2026-08-22 19:31:25,876 INFO o.a.j.t.JMeterThread: Stopping because end time detected by thread: Spike burst 200 VU 2-62
2026-08-22 19:31:25,876 INFO o.a.j.t.JMeterThread: Thread finished: Spike burst 200 VU 2-62
2026-08-22 19:31:25,878 INFO o.a.j.t.JMeterThread: Stopping because end time detected by thread: Spike burst 200 VU 2-173
2026-08-22 19:31:25,878 INFO o.a.j.t.JMeterThread: Thread finished: Spike burst 200 VU 2-173
2026-08-22 19:31:25,878 INFO o.a.j.t.JMeterThread: Stopping because end time detected by thread: Spike burst 200 VU 2-164
2026-08-22 19:31:25,878 INFO o.a.j.t.JMeterThread: Thread finished: Spike burst 200 VU 2-164
2026-08-22 19:31:25,879 INFO o.a.j.t.JMeterThread: Stopping because end time detected by thread: Spike burst 200 VU 2-81
2026-08-22 19:31:25,879 INFO o.a.j.t.JMeterThread: Thread finished: Spike burst 200 VU 2-81
2026-08-22 19:31:25,879 INFO o.a.j.t.JMeterThread: Stopping because end time detected by thread: Spike burst 200 VU 2-91
2026-08-22 19:31:25,879 INFO o.a.j.t.JMeterThread: Thread finished: Spike burst 200 VU 2-91
2026-08-22 19:31:25,880 INFO o.a.j.t.JMeterThread: Stopping because end time detected by thread: Spike burst 200 VU 2-35
2026-08-22 19:31:25,880 INFO o.a.j.t.JMeterThread: Thread finished: Spike burst 200 VU 2-35
2026-08-22 19:31:25,880 INFO o.a.j.t.JMeterThread: Stopping because end time detected by thread: Spike burst 200 VU 2-96
2026-08-22 19:31:25,880 INFO o.a.j.t.JMeterThread: Thread finished: Spike burst 200 VU 2-96
2026-08-22 19:31:25,881 INFO o.a.j.t.JMeterThread: Stopping because end time detected by thread: Spike burst 200 VU 2-63
2026-08-22 19:31:25,881 INFO o.a.j.t.JMeterThread: Thread finished: Spike burst 200 VU 2-63
2026-08-22 19:31:25,882 INFO o.a.j.t.JMeterThread: Stopping because end time detected by thread: Spike burst 200 VU 2-23
2026-08-22 19:31:25,882 INFO o.a.j.t.JMeterThread: Thread finished: Spike burst 200 VU 2-23
2026-08-22 19:31:25,886 INFO o.a.j.t.JMeterThread: Stopping because end time detected by thread: Spike burst 200 VU 2-104
2026-08-22 19:31:25,886 INFO o.a.j.t.JMeterThread: Thread finished: Spike burst 200 VU 2-104
2026-08-22 19:31:25,890 INFO o.a.j.t.JMeterThread: Stopping because end time detected by thread: Spike burst 200 VU 2-129
2026-08-22 19:31:25,890 INFO o.a.j.t.JMeterThread: Thread finished: Spike burst 200 VU 2-129
2026-08-22 19:31:25,893 INFO o.a.j.t.JMeterThread: Stopping because end time detected by thread: Spike burst 200 VU 2-153
2026-08-22 19:31:25,893 INFO o.a.j.t.JMeterThread: Thread finished: Spike burst 200 VU 2-153
2026-08-22 19:31:25,901 INFO o.a.j.t.JMeterThread: Stopping because end time detected by thread: Spike burst 200 VU 2-190
2026-08-22 19:31:25,901 INFO o.a.j.t.JMeterThread: Stopping because end time detected by thread: Spike burst 200 VU 2-69
2026-08-22 19:31:25,901 INFO o.a.j.t.JMeterThread: Thread finished: Spike burst 200 VU 2-190
2026-08-22 19:31:25,901 INFO o.a.j.t.JMeterThread: Thread finished: Spike burst 200 VU 2-69
2026-08-22 19:31:25,901 INFO o.a.j.t.JMeterThread: Stopping because end time detected by thread: Spike burst 200 VU 2-17
2026-08-22 19:31:25,901 INFO o.a.j.t.JMeterThread: Thread finished: Spike burst 200 VU 2-17
2026-08-22 19:31:25,902 INFO o.a.j.t.JMeterThread: Stopping because end time detected by thread: Spike burst 200 VU 2-93
2026-08-22 19:31:25,902 INFO o.a.j.t.JMeterThread: Thread finished: Spike burst 200 VU 2-93
2026-08-22 19:31:25,902 INFO o.a.j.t.JMeterThread: Stopping because end time detected by thread: Spike burst 200 VU 2-40
2026-08-22 19:31:25,902 INFO o.a.j.t.JMeterThread: Thread finished: Spike burst 200 VU 2-40
2026-08-22 19:31:25,903 INFO o.a.j.t.JMeterThread: Stopping because end time detected by thread: Spike burst 200 VU 2-174
2026-08-22 19:31:25,904 INFO o.a.j.t.JMeterThread: Thread finished: Spike burst 200 VU 2-174
2026-08-22 19:31:25,904 INFO o.a.j.t.JMeterThread: Stopping because end time detected by thread: Spike burst 200 VU 2-179
2026-08-22 19:31:25,904 INFO o.a.j.t.JMeterThread: Stopping because end time detected by thread: Spike burst 200 VU 2-154
2026-08-22 19:31:25,904 INFO o.a.j.t.JMeterThread: Thread finished: Spike burst 200 VU 2-179
2026-08-22 19:31:25,905 INFO o.a.j.t.JMeterThread: Thread finished: Spike burst 200 VU 2-154
2026-08-22 19:31:25,905 INFO o.a.j.t.JMeterThread: Stopping because end time detected by thread: Spike burst 200 VU 2-103
2026-08-22 19:31:25,905 INFO o.a.j.t.JMeterThread: Stopping because end time detected by thread: Spike burst 200 VU 2-2
2026-08-22 19:31:25,905 INFO o.a.j.t.JMeterThread: Thread finished: Spike burst 200 VU 2-103
2026-08-22 19:31:25,905 INFO o.a.j.t.JMeterThread: Thread finished: Spike burst 200 VU 2-2
2026-08-22 19:31:25,906 INFO o.a.j.t.JMeterThread: Stopping because end time detected by thread: Spike burst 200 VU 2-30
2026-08-22 19:31:25,906 INFO o.a.j.t.JMeterThread: Thread finished: Spike burst 200 VU 2-30
2026-08-22 19:31:25,907 INFO o.a.j.t.JMeterThread: Stopping because end time detected by thread: Spike burst 200 VU 2-196
2026-08-22 19:31:25,907 INFO o.a.j.t.JMeterThread: Thread finished: Spike burst 200 VU 2-196
2026-08-22 19:31:25,908 INFO o.a.j.t.JMeterThread: Stopping because end time detected by thread: Spike burst 200 VU 2-66
2026-08-22 19:31:25,908 INFO o.a.j.t.JMeterThread: Thread finished: Spike burst 200 VU 2-66
2026-08-22 19:31:25,909 INFO o.a.j.t.JMeterThread: Stopping because end time detected by thread: Spike burst 200 VU 2-108
2026-08-22 19:31:25,909 INFO o.a.j.t.JMeterThread: Stopping because end time detected by thread: Spike burst 200 VU 2-9
2026-08-22 19:31:25,909 INFO o.a.j.t.JMeterThread: Thread finished: Spike burst 200 VU 2-108
2026-08-22 19:31:25,909 INFO o.a.j.t.JMeterThread: Thread finished: Spike burst 200 VU 2-9
2026-08-22 19:31:25,909 INFO o.a.j.t.JMeterThread: Stopping because end time detected by thread: Spike burst 200 VU 2-150
2026-08-22 19:31:25,909 INFO o.a.j.t.JMeterThread: Thread finished: Spike burst 200 VU 2-150
2026-08-22 19:31:25,909 INFO o.a.j.t.JMeterThread: Stopping because end time detected by thread: Spike burst 200 VU 2-165
2026-08-22 19:31:25,909 INFO o.a.j.t.JMeterThread: Thread finished: Spike burst 200 VU 2-165
2026-08-22 19:31:25,912 INFO o.a.j.t.JMeterThread: Stopping because end time detected by thread: Spike burst 200 VU 2-28
2026-08-22 19:31:25,912 INFO o.a.j.t.JMeterThread: Thread finished: Spike burst 200 VU 2-28
2026-08-22 19:31:25,914 INFO o.a.j.t.JMeterThread: Stopping because end time detected by thread: Spike burst 200 VU 2-95
2026-08-22 19:31:25,914 INFO o.a.j.t.JMeterThread: Thread finished: Spike burst 200 VU 2-95
2026-08-22 19:31:25,916 INFO o.a.j.t.JMeterThread: Stopping because end time detected by thread: Spike burst 200 VU 2-172
2026-08-22 19:31:25,916 INFO o.a.j.t.JMeterThread: Thread finished: Spike burst 200 VU 2-172
2026-08-22 19:31:25,918 INFO o.a.j.t.JMeterThread: Stopping because end time detected by thread: Spike burst 200 VU 2-109
2026-08-22 19:31:25,918 INFO o.a.j.t.JMeterThread: Thread finished: Spike burst 200 VU 2-109
2026-08-22 19:31:25,919 INFO o.a.j.t.JMeterThread: Stopping because end time detected by thread: Spike burst 200 VU 2-106
2026-08-22 19:31:25,919 INFO o.a.j.t.JMeterThread: Thread finished: Spike burst 200 VU 2-106
2026-08-22 19:31:25,921 INFO o.a.j.t.JMeterThread: Stopping because end time detected by thread: Spike burst 200 VU 2-120
2026-08-22 19:31:25,921 INFO o.a.j.t.JMeterThread: Thread finished: Spike burst 200 VU 2-120
2026-08-22 19:31:25,921 INFO o.a.j.t.JMeterThread: Stopping because end time detected by thread: Spike burst 200 VU 2-60
2026-08-22 19:31:25,921 INFO o.a.j.t.JMeterThread: Thread finished: Spike burst 200 VU 2-60
2026-08-22 19:31:25,922 INFO o.a.j.t.JMeterThread: Stopping because end time detected by thread: Spike burst 200 VU 2-72
2026-08-22 19:31:25,923 INFO o.a.j.t.JMeterThread: Thread finished: Spike burst 200 VU 2-72
2026-08-22 19:31:25,923 INFO o.a.j.t.JMeterThread: Stopping because end time detected by thread: Spike burst 200 VU 2-70
2026-08-22 19:31:25,923 INFO o.a.j.t.JMeterThread: Thread finished: Spike burst 200 VU 2-70
2026-08-22 19:31:25,945 INFO o.a.j.t.JMeterThread: Stopping because end time detected by thread: Spike burst 200 VU 2-11
2026-08-22 19:31:25,946 INFO o.a.j.t.JMeterThread: Thread finished: Spike burst 200 VU 2-11
2026-08-22 19:31:25,951 INFO o.a.j.t.JMeterThread: Stopping because end time detected by thread: Spike burst 200 VU 2-83
2026-08-22 19:31:25,952 INFO o.a.j.t.JMeterThread: Thread finished: Spike burst 200 VU 2-83
2026-08-22 19:31:25,954 INFO o.a.j.t.JMeterThread: Stopping because end time detected by thread: Spike burst 200 VU 2-107
2026-08-22 19:31:25,954 INFO o.a.j.t.JMeterThread: Thread finished: Spike burst 200 VU 2-107
2026-08-22 19:31:25,954 INFO o.a.j.t.JMeterThread: Stopping because end time detected by thread: Spike burst 200 VU 2-123
2026-08-22 19:31:25,954 INFO o.a.j.t.JMeterThread: Thread finished: Spike burst 200 VU 2-123
2026-08-22 19:31:25,954 INFO o.a.j.t.JMeterThread: Stopping because end time detected by thread: Spike burst 200 VU 2-6
2026-08-22 19:31:25,955 INFO o.a.j.t.JMeterThread: Thread finished: Spike burst 200 VU 2-6
2026-08-22 19:31:25,956 INFO o.a.j.t.JMeterThread: Stopping because end time detected by thread: Spike burst 200 VU 2-112
2026-08-22 19:31:25,956 INFO o.a.j.t.JMeterThread: Thread finished: Spike burst 200 VU 2-112
2026-08-22 19:31:25,959 INFO o.a.j.t.JMeterThread: Stopping because end time detected by thread: Spike burst 200 VU 2-194
2026-08-22 19:31:25,959 INFO o.a.j.t.JMeterThread: Thread finished: Spike burst 200 VU 2-194
2026-08-22 19:31:25,978 INFO o.a.j.t.JMeterThread: Stopping because end time detected by thread: Spike burst 200 VU 2-160
2026-08-22 19:31:25,978 INFO o.a.j.t.JMeterThread: Thread finished: Spike burst 200 VU 2-160
2026-08-22 19:31:25,978 INFO o.a.j.t.JMeterThread: Stopping because end time detected by thread: Spike burst 200 VU 2-68
2026-08-22 19:31:25,979 INFO o.a.j.t.JMeterThread: Thread finished: Spike burst 200 VU 2-68
2026-08-22 19:31:25,980 INFO o.a.j.t.JMeterThread: Stopping because end time detected by thread: Spike burst 200 VU 2-180
2026-08-22 19:31:25,980 INFO o.a.j.t.JMeterThread: Thread finished: Spike burst 200 VU 2-180
2026-08-22 19:31:25,981 INFO o.a.j.t.JMeterThread: Stopping because end time detected by thread: Spike burst 200 VU 2-38
2026-08-22 19:31:25,981 INFO o.a.j.t.JMeterThread: Thread finished: Spike burst 200 VU 2-38
2026-08-22 19:31:25,982 INFO o.a.j.t.JMeterThread: Stopping because end time detected by thread: Spike burst 200 VU 2-102
2026-08-22 19:31:25,982 INFO o.a.j.t.JMeterThread: Thread finished: Spike burst 200 VU 2-102
2026-08-22 19:31:25,983 INFO o.a.j.t.JMeterThread: Stopping because end time detected by thread: Spike burst 200 VU 2-171
2026-08-22 19:31:25,983 INFO o.a.j.t.JMeterThread: Thread finished: Spike burst 200 VU 2-171
2026-08-22 19:31:25,984 INFO o.a.j.t.JMeterThread: Stopping because end time detected by thread: Spike burst 200 VU 2-141
2026-08-22 19:31:25,984 INFO o.a.j.t.JMeterThread: Stopping because end time detected by thread: Spike burst 200 VU 2-163
2026-08-22 19:31:25,984 INFO o.a.j.t.JMeterThread: Thread finished: Spike burst 200 VU 2-141
2026-08-22 19:31:25,984 INFO o.a.j.t.JMeterThread: Thread finished: Spike burst 200 VU 2-163
2026-08-22 19:31:25,985 INFO o.a.j.t.JMeterThread: Stopping because end time detected by thread: Spike burst 200 VU 2-55
2026-08-22 19:31:25,985 INFO o.a.j.t.JMeterThread: Thread finished: Spike burst 200 VU 2-55
2026-08-22 19:31:25,985 INFO o.a.j.t.JMeterThread: Stopping because end time detected by thread: Spike burst 200 VU 2-184
2026-08-22 19:31:25,985 INFO o.a.j.t.JMeterThread: Thread finished: Spike burst 200 VU 2-184
2026-08-22 19:31:25,987 INFO o.a.j.t.JMeterThread: Stopping because end time detected by thread: Spike burst 200 VU 2-143
2026-08-22 19:31:25,987 INFO o.a.j.t.JMeterThread: Thread finished: Spike burst 200 VU 2-143
2026-08-22 19:31:25,987 INFO o.a.j.t.JMeterThread: Stopping because end time detected by thread: Spike burst 200 VU 2-79
2026-08-22 19:31:25,987 INFO o.a.j.t.JMeterThread: Thread finished: Spike burst 200 VU 2-79
2026-08-22 19:31:25,988 INFO o.a.j.t.JMeterThread: Stopping because end time detected by thread: Spike burst 200 VU 2-198
2026-08-22 19:31:25,988 INFO o.a.j.t.JMeterThread: Thread finished: Spike burst 200 VU 2-198
2026-08-22 19:31:25,989 INFO o.a.j.t.JMeterThread: Stopping because end time detected by thread: Spike burst 200 VU 2-157
2026-08-22 19:31:25,989 INFO o.a.j.t.JMeterThread: Thread finished: Spike burst 200 VU 2-157
2026-08-22 19:31:25,989 INFO o.a.j.t.JMeterThread: Stopping because end time detected by thread: Spike burst 200 VU 2-126
2026-08-22 19:31:25,989 INFO o.a.j.t.JMeterThread: Thread finished: Spike burst 200 VU 2-126
2026-08-22 19:31:25,991 INFO o.a.j.t.JMeterThread: Stopping because end time detected by thread: Spike burst 200 VU 2-155
2026-08-22 19:31:25,991 INFO o.a.j.t.JMeterThread: Thread finished: Spike burst 200 VU 2-155
2026-08-22 19:31:25,991 INFO o.a.j.t.JMeterThread: Stopping because end time detected by thread: Spike burst 200 VU 2-142
2026-08-22 19:31:25,992 INFO o.a.j.t.JMeterThread: Thread finished: Spike burst 200 VU 2-142
2026-08-22 19:31:25,992 INFO o.a.j.t.JMeterThread: Stopping because end time detected by thread: Spike burst 200 VU 2-76
2026-08-22 19:31:25,993 INFO o.a.j.t.JMeterThread: Thread finished: Spike burst 200 VU 2-76
2026-08-22 19:31:25,993 INFO o.a.j.t.JMeterThread: Stopping because end time detected by thread: Spike burst 200 VU 2-134
2026-08-22 19:31:25,994 INFO o.a.j.t.JMeterThread: Thread finished: Spike burst 200 VU 2-134
2026-08-22 19:31:25,994 INFO o.a.j.t.JMeterThread: Stopping because end time detected by thread: Spike burst 200 VU 2-7
2026-08-22 19:31:25,994 INFO o.a.j.t.JMeterThread: Thread finished: Spike burst 200 VU 2-7
2026-08-22 19:31:25,995 INFO o.a.j.t.JMeterThread: Stopping because end time detected by thread: Spike burst 200 VU 2-139
2026-08-22 19:31:25,995 INFO o.a.j.t.JMeterThread: Thread finished: Spike burst 200 VU 2-139
2026-08-22 19:31:25,996 INFO o.a.j.t.JMeterThread: Stopping because end time detected by thread: Spike burst 200 VU 2-133
2026-08-22 19:31:25,996 INFO o.a.j.t.JMeterThread: Thread finished: Spike burst 200 VU 2-133
2026-08-22 19:31:25,997 INFO o.a.j.t.JMeterThread: Stopping because end time detected by thread: Spike burst 200 VU 2-99
2026-08-22 19:31:25,997 INFO o.a.j.t.JMeterThread: Thread finished: Spike burst 200 VU 2-99
2026-08-22 19:31:25,997 INFO o.a.j.t.JMeterThread: Stopping because end time detected by thread: Spike burst 200 VU 2-167
2026-08-22 19:31:25,997 INFO o.a.j.t.JMeterThread: Thread finished: Spike burst 200 VU 2-167
2026-08-22 19:31:25,997 INFO o.a.j.t.JMeterThread: Stopping because end time detected by thread: Spike burst 200 VU 2-152
2026-08-22 19:31:25,997 INFO o.a.j.t.JMeterThread: Thread finished: Spike burst 200 VU 2-152
2026-08-22 19:31:25,998 INFO o.a.j.t.JMeterThread: Stopping because end time detected by thread: Spike burst 200 VU 2-146
2026-08-22 19:31:25,998 INFO o.a.j.t.JMeterThread: Thread finished: Spike burst 200 VU 2-146
2026-08-22 19:31:25,998 INFO o.a.j.t.JMeterThread: Stopping because end time detected by thread: Spike burst 200 VU 2-89
2026-08-22 19:31:25,998 INFO o.a.j.t.JMeterThread: Thread finished: Spike burst 200 VU 2-89
2026-08-22 19:31:26,000 INFO o.a.j.t.JMeterThread: Stopping because end time detected by thread: Spike burst 200 VU 2-191
2026-08-22 19:31:26,000 INFO o.a.j.t.JMeterThread: Thread finished: Spike burst 200 VU 2-191
2026-08-22 19:31:26,000 INFO o.a.j.t.JMeterThread: Stopping because end time detected by thread: Spike burst 200 VU 2-193
2026-08-22 19:31:26,000 INFO o.a.j.t.JMeterThread: Thread finished: Spike burst 200 VU 2-193
2026-08-22 19:31:26,009 INFO o.a.j.t.JMeterThread: Stopping because end time detected by thread: Spike burst 200 VU 2-187
2026-08-22 19:31:26,009 INFO o.a.j.t.JMeterThread: Thread finished: Spike burst 200 VU 2-187
2026-08-22 19:31:26,009 INFO o.a.j.t.JMeterThread: Stopping because end time detected by thread: Spike burst 200 VU 2-144
2026-08-22 19:31:26,009 INFO o.a.j.t.JMeterThread: Thread finished: Spike burst 200 VU 2-144
2026-08-22 19:31:26,016 INFO o.a.j.t.JMeterThread: Stopping because end time detected by thread: Spike burst 200 VU 2-26
2026-08-22 19:31:26,016 INFO o.a.j.t.JMeterThread: Stopping because end time detected by thread: Spike burst 200 VU 2-12
2026-08-22 19:31:26,016 INFO o.a.j.t.JMeterThread: Thread finished: Spike burst 200 VU 2-26
2026-08-22 19:31:26,016 INFO o.a.j.t.JMeterThread: Thread finished: Spike burst 200 VU 2-12
2026-08-22 19:31:26,016 INFO o.a.j.t.JMeterThread: Stopping because end time detected by thread: Spike burst 200 VU 2-34
2026-08-22 19:31:26,016 INFO o.a.j.t.JMeterThread: Thread finished: Spike burst 200 VU 2-34
2026-08-22 19:31:26,017 INFO o.a.j.t.JMeterThread: Stopping because end time detected by thread: Spike burst 200 VU 2-114
2026-08-22 19:31:26,017 INFO o.a.j.t.JMeterThread: Thread finished: Spike burst 200 VU 2-114
2026-08-22 19:31:26,018 INFO o.a.j.t.JMeterThread: Stopping because end time detected by thread: Spike burst 200 VU 2-197
2026-08-22 19:31:26,018 INFO o.a.j.t.JMeterThread: Thread finished: Spike burst 200 VU 2-197
2026-08-22 19:31:26,020 INFO o.a.j.t.JMeterThread: Stopping because end time detected by thread: Spike burst 200 VU 2-199
2026-08-22 19:31:26,020 INFO o.a.j.t.JMeterThread: Thread finished: Spike burst 200 VU 2-199
2026-08-22 19:31:26,023 INFO o.a.j.t.JMeterThread: Stopping because end time detected by thread: Spike burst 200 VU 2-178
2026-08-22 19:31:26,024 INFO o.a.j.t.JMeterThread: Thread finished: Spike burst 200 VU 2-178
2026-08-22 19:31:26,031 INFO o.a.j.t.JMeterThread: Stopping because end time detected by thread: Spike burst 200 VU 2-118
2026-08-22 19:31:26,031 INFO o.a.j.t.JMeterThread: Thread finished: Spike burst 200 VU 2-118
2026-08-22 19:31:26,032 INFO o.a.j.t.JMeterThread: Stopping because end time detected by thread: Spike burst 200 VU 2-132
2026-08-22 19:31:26,032 INFO o.a.j.t.JMeterThread: Thread finished: Spike burst 200 VU 2-132
2026-08-22 19:31:30,004 INFO o.a.j.r.Summariser: summary +   9325 in 00:00:30 =  311.4/s Avg:   338 Min:     1 Max:   893 Err:     0 (0.00%) Active: 10 Started: 210 Finished: 200
2026-08-22 19:31:30,005 INFO o.a.j.r.Summariser: summary =  12534 in 00:01:34 =  132.7/s Avg:   262 Min:     1 Max:   893 Err:     0 (0.00%)
2026-08-22 19:32:00,017 INFO o.a.j.r.Summariser: summary +   1166 in 00:00:30 =   38.8/s Avg:     6 Min:     1 Max:    25 Err:     0 (0.00%) Active: 10 Started: 210 Finished: 200
2026-08-22 19:32:00,018 INFO o.a.j.r.Summariser: summary =  13700 in 00:02:04 =  110.1/s Avg:   240 Min:     1 Max:   893 Err:     0 (0.00%)
2026-08-22 19:32:30,036 INFO o.a.j.r.Summariser: summary +   1125 in 00:00:30 =   37.5/s Avg:     8 Min:     1 Max:   298 Err:     0 (0.00%) Active: 10 Started: 210 Finished: 200
2026-08-22 19:32:30,037 INFO o.a.j.r.Summariser: summary =  14825 in 00:02:35 =   96.0/s Avg:   223 Min:     1 Max:   893 Err:     0 (0.00%)
2026-08-22 19:33:00,015 INFO o.a.j.r.Summariser: summary +   1154 in 00:00:30 =   38.5/s Avg:     6 Min:     1 Max:    30 Err:     0 (0.00%) Active: 10 Started: 210 Finished: 200
2026-08-22 19:33:00,016 INFO o.a.j.r.Summariser: summary =  15979 in 00:03:04 =   86.6/s Avg:   207 Min:     1 Max:   893 Err:     0 (0.00%)
2026-08-22 19:33:30,027 INFO o.a.j.r.Summariser: summary +   1148 in 00:00:30 =   38.3/s Avg:     6 Min:     0 Max:    28 Err:     0 (0.00%) Active: 10 Started: 210 Finished: 200
2026-08-22 19:33:30,028 INFO o.a.j.r.Summariser: summary =  17127 in 00:03:34 =   79.8/s Avg:   194 Min:     0 Max:   893 Err:     0 (0.00%)
2026-08-22 19:33:55,252 INFO o.a.j.t.JMeterThread: Thread finished: Baseline 10 VU 1-8
2026-08-22 19:33:55,293 INFO o.a.j.t.JMeterThread: Thread finished: Baseline 10 VU 1-1
2026-08-22 19:33:55,297 INFO o.a.j.t.JMeterThread: Thread finished: Baseline 10 VU 1-5
2026-08-22 19:33:55,311 INFO o.a.j.t.JMeterThread: Thread finished: Baseline 10 VU 1-7
2026-08-22 19:33:55,344 INFO o.a.j.t.JMeterThread: Thread finished: Baseline 10 VU 1-3
2026-08-22 19:33:55,388 INFO o.a.j.t.JMeterThread: Thread finished: Baseline 10 VU 1-6
2026-08-22 19:33:55,402 INFO o.a.j.t.JMeterThread: Thread finished: Baseline 10 VU 1-10
2026-08-22 19:33:55,402 INFO o.a.j.t.JMeterThread: Thread finished: Baseline 10 VU 1-9
2026-08-22 19:33:55,460 INFO o.a.j.t.JMeterThread: Thread finished: Baseline 10 VU 1-4
2026-08-22 19:33:55,479 INFO o.a.j.t.JMeterThread: Thread finished: Baseline 10 VU 1-2
2026-08-22 19:33:55,480 INFO o.a.j.e.StandardJMeterEngine: Notifying test listeners of end of test
2026-08-22 19:33:55,480 INFO o.a.j.s.FileServer: Close: data/products.csv
2026-08-22 19:33:55,480 INFO o.a.j.s.FileServer: Close: data/orders.csv
2026-08-22 19:33:55,481 INFO o.a.j.s.FileServer: Close: data/search-terms.csv
2026-08-22 19:33:55,481 INFO o.a.j.s.FileServer: Close: data/users.csv
2026-08-22 19:33:55,481 INFO o.a.j.s.FileServer: Close: data/users_lockout.csv
2026-08-22 19:33:55,483 INFO o.a.j.r.Summariser: summary +    975 in 00:00:25 =   38.3/s Avg:     6 Min:     1 Max:    28 Err:     0 (0.00%) Active: 0 Started: 210 Finished: 210
2026-08-22 19:33:55,483 INFO o.a.j.r.Summariser: summary =  18102 in 00:04:00 =   75.4/s Avg:   183 Min:     0 Max:   893 Err:     0 (0.00%)
2026-08-22 19:33:55,484 INFO o.a.j.JMeter: Generating Dashboard
2026-08-22 19:33:55,485 INFO o.a.j.r.d.ReportGenerator: Flushing result collector before report Generation
2026-08-22 19:33:55,525 INFO o.a.j.r.p.NormalizerSampleConsumer: Using format, 'ms', to parse timeStamp field
2026-08-22 19:33:56,191 INFO o.a.j.r.p.AbstractSampleConsumer: class org.apache.jmeter.report.processor.AggregateConsumer#stopProducing(): beginDate produced 0 samples
2026-08-22 19:33:56,191 INFO o.a.j.r.p.AbstractSampleConsumer: class org.apache.jmeter.report.processor.AggregateConsumer#stopProducing(): endDate produced 0 samples
2026-08-22 19:33:56,195 INFO o.a.j.r.p.AbstractSampleConsumer: class org.apache.jmeter.report.processor.ApdexSummaryConsumer#stopProducing(): apdexSummary produced 0 samples
2026-08-22 19:33:56,195 INFO o.a.j.r.p.AbstractSampleConsumer: class org.apache.jmeter.report.processor.RequestsSummaryConsumer#stopProducing(): requestsSummary produced 0 samples
2026-08-22 19:33:56,209 INFO o.a.j.r.p.AbstractSampleConsumer: class org.apache.jmeter.report.processor.StatisticsSummaryConsumer#stopProducing(): statisticsSummary produced 0 samples
2026-08-22 19:33:56,211 INFO o.a.j.r.p.AbstractSampleConsumer: class org.apache.jmeter.report.processor.Top5ErrorsBySamplerConsumer#stopProducing(): top5ErrorsBySampler produced 0 samples
2026-08-22 19:33:56,212 INFO o.a.j.r.p.AbstractSampleConsumer: class org.apache.jmeter.report.processor.ErrorsSummaryConsumer#stopProducing(): errorsSummary produced 0 samples
2026-08-22 19:33:56,212 INFO o.a.j.r.p.AbstractSampleConsumer: class org.apache.jmeter.report.processor.graph.impl.HitsPerSecondGraphConsumer#stopProducing(): hitsPerSecond produced 0 samples
2026-08-22 19:33:56,396 INFO o.a.j.r.p.AbstractSampleConsumer: class org.apache.jmeter.report.processor.graph.impl.LatencyVSRequestGraphConsumer#stopProducing(): latencyVsRequest produced 0 samples
2026-08-22 19:33:56,398 INFO o.a.j.r.p.AbstractSampleConsumer: class org.apache.jmeter.report.processor.graph.impl.SyntheticResponseTimeDistributionGraphConsumer#stopProducing(): syntheticResponseTimeDistribution produced 0 samples
2026-08-22 19:33:56,398 INFO o.a.j.r.p.AbstractSampleConsumer: class org.apache.jmeter.report.processor.graph.impl.BytesThroughputGraphConsumer#stopProducing(): bytesThroughputOverTime produced 0 samples
2026-08-22 19:33:56,398 INFO o.a.j.r.p.AbstractSampleConsumer: class org.apache.jmeter.report.processor.graph.impl.CodesPerSecondGraphConsumer#stopProducing(): codesPerSecond produced 0 samples
2026-08-22 19:33:56,531 INFO o.a.j.r.p.AbstractSampleConsumer: class org.apache.jmeter.report.processor.graph.impl.ResponseTimeVSRequestGraphConsumer#stopProducing(): responseTimeVsRequest produced 0 samples
2026-08-22 19:33:56,533 INFO o.a.j.r.p.AbstractSampleConsumer: class org.apache.jmeter.report.processor.FilterConsumer#stopProducing(): startIntervalControlerFilter produced 126714 samples
2026-08-22 19:33:56,533 INFO o.a.j.r.p.AbstractSampleConsumer: class org.apache.jmeter.report.processor.graph.impl.TotalTPSGraphConsumer#stopProducing(): totalTPS produced 0 samples
2026-08-22 19:33:56,533 INFO o.a.j.r.p.AbstractSampleConsumer: class org.apache.jmeter.report.processor.graph.impl.ActiveThreadsGraphConsumer#stopProducing(): activeThreadsOverTime produced 0 samples
2026-08-22 19:33:56,533 INFO o.a.j.r.p.AbstractSampleConsumer: class org.apache.jmeter.report.processor.graph.impl.TimeVSThreadGraphConsumer#stopProducing(): timeVsThreads produced 0 samples
2026-08-22 19:33:56,534 INFO o.a.j.r.p.AbstractSampleConsumer: class org.apache.jmeter.report.processor.graph.impl.ResponseTimeDistributionGraphConsumer#stopProducing(): responseTimeDistribution produced 0 samples
2026-08-22 19:33:56,535 INFO o.a.j.r.p.AbstractSampleConsumer: class org.apache.jmeter.report.processor.graph.impl.TransactionsPerSecondGraphConsumer#stopProducing(): transactionsPerSecond produced 0 samples
2026-08-22 19:33:56,535 INFO o.a.j.r.p.AbstractSampleConsumer: class org.apache.jmeter.report.processor.graph.impl.ResponseTimePercentilesGraphConsumer#stopProducing(): responseTimePercentiles produced 0 samples
2026-08-22 19:33:56,543 INFO o.a.j.r.p.AbstractSampleConsumer: class org.apache.jmeter.report.processor.graph.impl.ResponseTimePercentilesOverTimeGraphConsumer#stopProducing(): responseTimePercentilesOverTime produced 0 samples
2026-08-22 19:33:56,546 INFO o.a.j.r.p.AbstractSampleConsumer: class org.apache.jmeter.report.processor.graph.impl.ResponseTimeOverTimeGraphConsumer#stopProducing(): responseTimesOverTime produced 0 samples
2026-08-22 19:33:56,546 INFO o.a.j.r.p.AbstractSampleConsumer: class org.apache.jmeter.report.processor.graph.impl.ConnectTimeOverTimeGraphConsumer#stopProducing(): connectTimeOverTime produced 0 samples
2026-08-22 19:33:56,546 INFO o.a.j.r.p.AbstractSampleConsumer: class org.apache.jmeter.report.processor.graph.impl.LatencyOverTimeGraphConsumer#stopProducing(): latenciesOverTime produced 0 samples
2026-08-22 19:33:56,546 INFO o.a.j.r.p.AbstractSampleConsumer: class org.apache.jmeter.report.processor.FilterConsumer#stopProducing(): nameFilter produced 271530 samples
2026-08-22 19:33:56,546 INFO o.a.j.r.p.AbstractSampleConsumer: class org.apache.jmeter.report.processor.FilterConsumer#stopProducing(): dateRangeFilter produced 54306 samples
2026-08-22 19:33:56,546 INFO o.a.j.r.p.AbstractSampleConsumer: class org.apache.jmeter.report.processor.NormalizerSampleConsumer#stopProducing(): normalizer produced 18102 samples
2026-08-22 19:33:56,547 INFO o.a.j.r.p.CsvFileSampleSource: produce(): 18102 samples produced in 992ms on channel 0
2026-08-22 19:33:56,547 INFO o.a.j.r.d.ReportGenerator: Exporting data using exporter:'json' of className:'org.apache.jmeter.report.dashboard.JsonExporter'
2026-08-22 19:33:56,664 INFO o.a.j.r.d.JsonExporter: Found data for consumer statisticsSummary in context
2026-08-22 19:33:56,664 INFO o.a.j.r.d.JsonExporter: Creating statistics for overall
2026-08-22 19:33:56,665 INFO o.a.j.r.d.JsonExporter: Creating statistics for other transactions
2026-08-22 19:33:56,665 INFO o.a.j.r.d.JsonExporter: Checking output folder
2026-08-22 19:33:56,666 INFO o.a.j.r.d.JsonExporter: Writing statistics JSON to D:\Nam3\HK3\Ki?m th? ph?n m?m\HW05\HW05-Performance-Testing\results\html\spike\statistics.json
2026-08-22 19:33:56,739 INFO o.a.j.r.d.ReportGenerator: Exporting data using exporter:'html' of className:'org.apache.jmeter.report.dashboard.HtmlTemplateExporter'
2026-08-22 19:33:56,741 INFO o.a.j.r.d.HtmlTemplateExporter: Will generate dashboard in folder: D:\Nam3\HK3\Ki?m th? ph?n m?m\HW05\HW05-Performance-Testing\results\html\spike
2026-08-22 19:33:56,904 INFO o.a.j.r.d.HtmlTemplateExporter: Report will be generated in: D:\Nam3\HK3\Ki?m th? ph?n m?m\HW05\HW05-Performance-Testing\results\html\spike, creating folder structure
2026-08-22 19:33:56,906 INFO o.a.j.r.d.TemplateVisitor: Copying folder from 'D:\jmeter\apache-jmeter-5.6.3\bin\report-template' to 'D:\Nam3\HK3\Ki?m th? ph?n m?m\HW05\HW05-Performance-Testing\results\html\spike', got message: D:\Nam3\HK3\Ki?m th? ph?n m?m\HW05\HW05-Performance-Testing\results\html\spike, found non empty folder with following content [D:\Nam3\HK3\Ki?m th? ph?n m?m\HW05\HW05-Performance-Testing\results\html\spike\statistics.json], will be ignored
2026-08-22 19:33:57,293 INFO o.a.j.JMeter: Dashboard generated
