2026-08-22 18:31:05,844 INFO o.a.j.u.JMeterUtils: Setting Locale to en_EN
2026-08-22 18:31:05,868 INFO o.a.j.JMeter: Loading user properties from: D:\jmeter\apache-jmeter-5.6.3\bin\user.properties
2026-08-22 18:31:05,869 INFO o.a.j.JMeter: Loading system properties from: D:\jmeter\apache-jmeter-5.6.3\bin\system.properties
2026-08-22 18:31:05,869 INFO o.a.j.JMeter: Setting JMeter property: datadir=data
2026-08-22 18:31:05,869 INFO o.a.j.JMeter: Setting JMeter property: host=127.0.0.1
2026-08-22 18:31:05,869 INFO o.a.j.JMeter: Setting JMeter property: port=3000
2026-08-22 18:31:05,883 INFO o.a.j.JMeter: Copyright (c) 1998-2024 The Apache Software Foundation
2026-08-22 18:31:05,883 INFO o.a.j.JMeter: Version 5.6.3
2026-08-22 18:31:05,883 INFO o.a.j.JMeter: java.version=17.0.19
2026-08-22 18:31:05,883 INFO o.a.j.JMeter: java.vm.name=OpenJDK 64-Bit Server VM
2026-08-22 18:31:05,883 INFO o.a.j.JMeter: os.name=Windows 11
2026-08-22 18:31:05,883 INFO o.a.j.JMeter: os.arch=amd64
2026-08-22 18:31:05,883 INFO o.a.j.JMeter: os.version=10.0
2026-08-22 18:31:05,884 INFO o.a.j.JMeter: file.encoding=Cp1258
2026-08-22 18:31:05,884 INFO o.a.j.JMeter: java.awt.headless=true
2026-08-22 18:31:05,884 INFO o.a.j.JMeter: Max memory     =4294967296
2026-08-22 18:31:05,884 INFO o.a.j.JMeter: Available Processors =8
2026-08-22 18:31:05,895 INFO o.a.j.JMeter: Default Locale=English (EN)
2026-08-22 18:31:05,895 INFO o.a.j.JMeter: JMeter  Locale=English (EN)
2026-08-22 18:31:05,896 INFO o.a.j.JMeter: JMeterHome=D:\jmeter\apache-jmeter-5.6.3
2026-08-22 18:31:05,896 INFO o.a.j.JMeter: user.dir  =D:\Nam3\HK3\Ki?m th? ph?n m?m\HW05\HW05-Performance-Testing
2026-08-22 18:31:05,896 INFO o.a.j.JMeter: PWD       =D:\Nam3\HK3\Ki?m th? ph?n m?m\HW05\HW05-Performance-Testing
2026-08-22 18:31:05,898 INFO o.a.j.JMeter: IP: 192.168.1.8 Name: Pham_Vu_Ngoc_Duy FullName: 192.168.1.8
2026-08-22 18:31:05,914 INFO o.a.j.JMeter: Setting property 'jmeter.reportgenerator.outputdir' to:'D:\Nam3\HK3\Ki?m th? ph?n m?m\HW05\HW05-Performance-Testing\results\html\load'
2026-08-22 18:31:05,916 INFO o.a.j.s.FileServer: Default base='D:\Nam3\HK3\Ki?m th? ph?n m?m\HW05\HW05-Performance-Testing'
2026-08-22 18:31:05,918 INFO o.a.j.s.FileServer: Set new base='D:\Nam3\HK3\Ki?m th? ph?n m?m\HW05\HW05-Performance-Testing\test-plans'
2026-08-22 18:31:06,224 INFO o.a.j.s.SaveService: Testplan (JMX) version: 2.2. Testlog (JTL) version: 2.2
2026-08-22 18:31:06,259 INFO o.a.j.s.SaveService: Using SaveService properties version 5.0
2026-08-22 18:31:06,264 INFO o.a.j.s.SaveService: Using SaveService properties file encoding UTF-8
2026-08-22 18:31:06,269 INFO o.a.j.s.SaveService: Loading file: test-plans\23127183_Load_20260821.jmx
2026-08-22 18:31:06,365 INFO o.a.j.p.h.s.HTTPSamplerBase: Parser for text/html is org.apache.jmeter.protocol.http.parser.LagartoBasedHtmlParser
2026-08-22 18:31:06,365 INFO o.a.j.p.h.s.HTTPSamplerBase: Parser for application/xhtml+xml is org.apache.jmeter.protocol.http.parser.LagartoBasedHtmlParser
2026-08-22 18:31:06,365 INFO o.a.j.p.h.s.HTTPSamplerBase: Parser for application/xml is org.apache.jmeter.protocol.http.parser.LagartoBasedHtmlParser
2026-08-22 18:31:06,366 INFO o.a.j.p.h.s.HTTPSamplerBase: Parser for text/xml is org.apache.jmeter.protocol.http.parser.LagartoBasedHtmlParser
2026-08-22 18:31:06,366 INFO o.a.j.p.h.s.HTTPSamplerBase: Parser for text/vnd.wap.wml is org.apache.jmeter.protocol.http.parser.RegexpHTMLParser
2026-08-22 18:31:06,366 INFO o.a.j.p.h.s.HTTPSamplerBase: Parser for text/css is org.apache.jmeter.protocol.http.parser.CssParser
2026-08-22 18:31:06,427 INFO o.a.j.JMeter: Creating summariser <summary>
2026-08-22 18:31:06,432 INFO o.a.j.r.d.ReportGenerator: ReportGenerator will use for Parsing the separator: ','
2026-08-22 18:31:06,433 INFO o.a.j.r.d.ReportGenerator: Will generate report at end of test from  results file: results/jtl/23127183_Load_20260822-183102.jtl
2026-08-22 18:31:06,433 INFO o.a.j.r.d.ReportGenerator: Reading report generator properties from: D:\jmeter\apache-jmeter-5.6.3\bin\reportgenerator.properties
2026-08-22 18:31:06,433 INFO o.a.j.r.d.ReportGenerator: Merging with JMeter properties
2026-08-22 18:31:06,440 INFO o.a.j.r.c.ReportGeneratorConfiguration: Property 'jmeter.reportgenerator.temp_dir' not found, using default value 'temp' instead.
2026-08-22 18:31:06,443 INFO o.a.j.r.c.ReportGeneratorConfiguration: Property 'jmeter.reportgenerator.apdex_per_transaction' not found, using default value 'null' instead.
2026-08-22 18:31:06,443 INFO o.a.j.r.c.ReportGeneratorConfiguration: apdex_per_transaction is empty, not APDEX per transaction customization
2026-08-22 18:31:06,443 INFO o.a.j.r.c.ReportGeneratorConfiguration: Property 'jmeter.reportgenerator.sample_filter' not found, using default value 'null' instead.
2026-08-22 18:31:06,443 INFO o.a.j.r.c.ReportGeneratorConfiguration: Property 'jmeter.reportgenerator.report_title' not found, using default value 'null' instead.
2026-08-22 18:31:06,443 INFO o.a.j.r.c.ReportGeneratorConfiguration: Property 'jmeter.reportgenerator.start_date' not found, using default value 'null' instead.
2026-08-22 18:31:06,443 INFO o.a.j.r.c.ReportGeneratorConfiguration: Property 'jmeter.reportgenerator.end_date' not found, using default value 'null' instead.
2026-08-22 18:31:06,443 INFO o.a.j.r.c.ReportGeneratorConfiguration: Property 'jmeter.reportgenerator.date_format' not found, using default value 'null' instead.
2026-08-22 18:31:06,444 INFO o.a.j.r.c.ReportGeneratorConfiguration: Will use date range start date: null, end date: null
2026-08-22 18:31:06,447 INFO o.a.j.r.c.ReportGeneratorConfiguration: Property 'jmeter.reportgenerator.graph.totalTPS.exclude_controllers' not found, using default value 'false' instead.
2026-08-22 18:31:06,448 INFO o.a.j.r.c.ReportGeneratorConfiguration: Property 'jmeter.reportgenerator.graph.activeThreadsOverTime.exclude_controllers' not found, using default value 'false' instead.
2026-08-22 18:31:06,448 INFO o.a.j.r.c.ReportGeneratorConfiguration: Property 'jmeter.reportgenerator.graph.timeVsThreads.exclude_controllers' not found, using default value 'false' instead.
2026-08-22 18:31:06,448 INFO o.a.j.r.c.ReportGeneratorConfiguration: Property 'jmeter.reportgenerator.graph.responseTimeDistribution.exclude_controllers' not found, using default value 'false' instead.
2026-08-22 18:31:06,448 INFO o.a.j.r.c.ReportGeneratorConfiguration: Property 'jmeter.reportgenerator.graph.transactionsPerSecond.exclude_controllers' not found, using default value 'false' instead.
2026-08-22 18:31:06,448 INFO o.a.j.r.c.ReportGeneratorConfiguration: Property 'jmeter.reportgenerator.graph.responseTimePercentiles.exclude_controllers' not found, using default value 'false' instead.
2026-08-22 18:31:06,448 INFO o.a.j.r.c.ReportGeneratorConfiguration: Property 'jmeter.reportgenerator.graph.responseTimePercentilesOverTime.exclude_controllers' not found, using default value 'false' instead.
2026-08-22 18:31:06,448 INFO o.a.j.r.c.ReportGeneratorConfiguration: Property 'jmeter.reportgenerator.graph.responseTimesOverTime.exclude_controllers' not found, using default value 'false' instead.
2026-08-22 18:31:06,449 INFO o.a.j.r.c.ReportGeneratorConfiguration: Property 'jmeter.reportgenerator.graph.connectTimeOverTime.exclude_controllers' not found, using default value 'false' instead.
2026-08-22 18:31:06,449 INFO o.a.j.r.c.ReportGeneratorConfiguration: Property 'jmeter.reportgenerator.graph.latenciesOverTime.exclude_controllers' not found, using default value 'false' instead.
2026-08-22 18:31:06,450 INFO o.a.j.r.c.ReportGeneratorConfiguration: Property 'jmeter.reportgenerator.exporter.json.filters_only_sample_series' not found, using default value 'true' instead.
2026-08-22 18:31:06,450 INFO o.a.j.r.c.ReportGeneratorConfiguration: Property 'jmeter.reportgenerator.exporter.json.series_filter' not found, using default value '' instead.
2026-08-22 18:31:06,450 INFO o.a.j.r.c.ReportGeneratorConfiguration: Property 'jmeter.reportgenerator.exporter.json.show_controllers_only' not found, using default value 'false' instead.
2026-08-22 18:31:06,451 INFO o.a.j.r.c.ReportGeneratorConfiguration: Property 'jmeter.reportgenerator.exporter.html.filters_only_sample_series' not found, using default value 'true' instead.
2026-08-22 18:31:06,451 INFO o.a.j.r.c.ReportGeneratorConfiguration: Property 'jmeter.reportgenerator.exporter.html.series_filter' not found, using default value '' instead.
2026-08-22 18:31:06,451 INFO o.a.j.r.c.ReportGeneratorConfiguration: Property 'jmeter.reportgenerator.exporter.html.show_controllers_only' not found, using default value 'false' instead.
2026-08-22 18:31:06,465 INFO o.a.j.e.StandardJMeterEngine: Running the test!
2026-08-22 18:31:06,466 INFO o.a.j.s.SampleEvent: List of sample_variables: []
2026-08-22 18:31:06,466 INFO o.a.j.s.SampleEvent: List of sample_variables: []
2026-08-22 18:31:06,472 INFO o.a.j.e.u.CompoundVariable: Note: Function class names must contain the string: '.functions.'
2026-08-22 18:31:06,473 INFO o.a.j.e.u.CompoundVariable: Note: Function class names must not contain the string: '.gui.'
2026-08-22 18:31:06,561 INFO o.a.j.JMeter: Running test (1787398266561)
2026-08-22 18:31:06,581 INFO o.a.j.e.StandardJMeterEngine: Starting ThreadGroup: 1 : Storefront Load
2026-08-22 18:31:06,582 INFO o.a.j.e.StandardJMeterEngine: Starting 20 threads for group Storefront Load.
2026-08-22 18:31:06,582 INFO o.a.j.e.StandardJMeterEngine: Thread will continue on error
2026-08-22 18:31:06,582 INFO o.a.j.t.ThreadGroup: Starting thread group... number=1 threads=20 ramp-up=60 delayedStart=false
2026-08-22 18:31:06,628 INFO o.a.j.t.ThreadGroup: Started thread group number 1
2026-08-22 18:31:06,628 INFO o.a.j.e.StandardJMeterEngine: All thread groups have been started
2026-08-22 18:31:06,696 INFO o.a.j.t.JMeterThread: Thread started: Storefront Load 1-1
2026-08-22 18:31:06,699 INFO o.a.j.s.FileServer: Stored: data/orders.csv
2026-08-22 18:31:06,722 INFO o.a.j.s.FileServer: Stored: data/products.csv
2026-08-22 18:31:06,723 INFO o.a.j.s.FileServer: Stored: data/search-terms.csv
2026-08-22 18:31:06,723 INFO o.a.j.s.FileServer: Stored: data/users_lockout.csv
2026-08-22 18:31:06,724 INFO o.a.j.s.FileServer: Stored: data/users.csv
2026-08-22 18:31:07,864 INFO o.a.j.p.h.s.HTTPHCAbstractImpl: Local host = Pham_Vu_Ngoc_Duy
2026-08-22 18:31:07,880 INFO o.a.j.p.h.s.HTTPHC4Impl: HTTP request retry count = 0
2026-08-22 18:31:07,884 INFO o.a.j.s.SampleResult: Note: Sample TimeStamps are START times
2026-08-22 18:31:07,884 INFO o.a.j.s.SampleResult: sampleresult.default.encoding is set to UTF-8
2026-08-22 18:31:07,884 INFO o.a.j.s.SampleResult: sampleresult.useNanoTime=true
2026-08-22 18:31:07,885 INFO o.a.j.s.SampleResult: sampleresult.nanoThreadSleep=5000
2026-08-22 18:31:09,691 INFO o.a.j.t.JMeterThread: Thread started: Storefront Load 1-2
2026-08-22 18:31:12,685 INFO o.a.j.t.JMeterThread: Thread started: Storefront Load 1-3
2026-08-22 18:31:15,684 INFO o.a.j.t.JMeterThread: Thread started: Storefront Load 1-4
2026-08-22 18:31:18,680 INFO o.a.j.t.JMeterThread: Thread started: Storefront Load 1-5
2026-08-22 18:31:21,680 INFO o.a.j.t.JMeterThread: Thread started: Storefront Load 1-6
2026-08-22 18:31:23,038 INFO o.a.j.u.JsseSSLManager: Using default SSL protocol: TLS
2026-08-22 18:31:23,038 INFO o.a.j.u.JsseSSLManager: SSL session context: per-thread
2026-08-22 18:31:24,678 INFO o.a.j.t.JMeterThread: Thread started: Storefront Load 1-7
2026-08-22 18:31:27,675 INFO o.a.j.t.JMeterThread: Thread started: Storefront Load 1-8
2026-08-22 18:31:30,475 INFO o.a.j.r.Summariser: summary +     50 in 00:00:24 =    2.1/s Avg:     8 Min:     1 Max:    53 Err:     0 (0.00%) Active: 8 Started: 8 Finished: 0
2026-08-22 18:31:30,675 INFO o.a.j.t.JMeterThread: Thread started: Storefront Load 1-9
2026-08-22 18:31:33,672 INFO o.a.j.t.JMeterThread: Thread started: Storefront Load 1-10
2026-08-22 18:31:36,672 INFO o.a.j.t.JMeterThread: Thread started: Storefront Load 1-11
2026-08-22 18:31:39,671 INFO o.a.j.t.JMeterThread: Thread started: Storefront Load 1-12
2026-08-22 18:31:42,669 INFO o.a.j.t.JMeterThread: Thread started: Storefront Load 1-13
2026-08-22 18:31:45,665 INFO o.a.j.t.JMeterThread: Thread started: Storefront Load 1-14
2026-08-22 18:31:48,660 INFO o.a.j.t.JMeterThread: Thread started: Storefront Load 1-15
2026-08-22 18:31:51,659 INFO o.a.j.t.JMeterThread: Thread started: Storefront Load 1-16
2026-08-22 18:31:54,656 INFO o.a.j.t.JMeterThread: Thread started: Storefront Load 1-17
2026-08-22 18:31:57,655 INFO o.a.j.t.JMeterThread: Thread started: Storefront Load 1-18
2026-08-22 18:32:00,001 INFO o.a.j.r.Summariser: summary +    190 in 00:00:30 =    6.4/s Avg:     7 Min:     1 Max:    18 Err:     0 (0.00%) Active: 18 Started: 18 Finished: 0
2026-08-22 18:32:00,002 INFO o.a.j.r.Summariser: summary =    240 in 00:00:53 =    4.5/s Avg:     7 Min:     1 Max:    53 Err:     0 (0.00%)
2026-08-22 18:32:00,652 INFO o.a.j.t.JMeterThread: Thread started: Storefront Load 1-19
2026-08-22 18:32:03,650 INFO o.a.j.t.JMeterThread: Thread started: Storefront Load 1-20
2026-08-22 18:32:30,106 INFO o.a.j.r.Summariser: summary +    295 in 00:00:30 =    9.8/s Avg:     7 Min:     1 Max:    31 Err:     0 (0.00%) Active: 20 Started: 20 Finished: 0
2026-08-22 18:32:30,107 INFO o.a.j.r.Summariser: summary =    535 in 00:01:24 =    6.4/s Avg:     7 Min:     1 Max:    53 Err:     0 (0.00%)
2026-08-22 18:33:00,037 INFO o.a.j.r.Summariser: summary +    289 in 00:00:30 =    9.7/s Avg:     7 Min:     1 Max:   199 Err:     0 (0.00%) Active: 20 Started: 20 Finished: 0
2026-08-22 18:33:00,038 INFO o.a.j.r.Summariser: summary =    824 in 00:01:53 =    7.3/s Avg:     7 Min:     1 Max:   199 Err:     0 (0.00%)
2026-08-22 18:33:30,010 INFO o.a.j.r.Summariser: summary +    301 in 00:00:30 =   10.0/s Avg:     6 Min:     1 Max:    23 Err:     0 (0.00%) Active: 20 Started: 20 Finished: 0
2026-08-22 18:33:30,011 INFO o.a.j.r.Summariser: summary =   1125 in 00:02:23 =    7.8/s Avg:     7 Min:     1 Max:   199 Err:     0 (0.00%)
2026-08-22 18:34:00,130 INFO o.a.j.r.Summariser: summary +    294 in 00:00:30 =    9.8/s Avg:     6 Min:     1 Max:    24 Err:     0 (0.00%) Active: 20 Started: 20 Finished: 0
2026-08-22 18:34:00,131 INFO o.a.j.r.Summariser: summary =   1419 in 00:02:54 =    8.2/s Avg:     7 Min:     1 Max:   199 Err:     0 (0.00%)
2026-08-22 18:34:30,090 INFO o.a.j.r.Summariser: summary +    301 in 00:00:30 =   10.0/s Avg:     5 Min:     1 Max:    19 Err:     0 (0.00%) Active: 20 Started: 20 Finished: 0
2026-08-22 18:34:30,091 INFO o.a.j.r.Summariser: summary =   1720 in 00:03:24 =    8.5/s Avg:     6 Min:     1 Max:   199 Err:     0 (0.00%)
2026-08-22 18:35:00,036 INFO o.a.j.r.Summariser: summary +    295 in 00:00:30 =    9.9/s Avg:     6 Min:     1 Max:   124 Err:     0 (0.00%) Active: 20 Started: 20 Finished: 0
2026-08-22 18:35:00,036 INFO o.a.j.r.Summariser: summary =   2015 in 00:03:53 =    8.6/s Avg:     6 Min:     1 Max:   199 Err:     0 (0.00%)
2026-08-22 18:35:30,034 INFO o.a.j.r.Summariser: summary +    292 in 00:00:30 =    9.7/s Avg:     7 Min:     1 Max:    76 Err:     0 (0.00%) Active: 20 Started: 20 Finished: 0
2026-08-22 18:35:30,035 INFO o.a.j.r.Summariser: summary =   2307 in 00:04:23 =    8.8/s Avg:     6 Min:     1 Max:   199 Err:     0 (0.00%)
2026-08-22 18:36:00,093 INFO o.a.j.r.Summariser: summary +    299 in 00:00:30 =    9.9/s Avg:     6 Min:     1 Max:    25 Err:     0 (0.00%) Active: 20 Started: 20 Finished: 0
2026-08-22 18:36:00,095 INFO o.a.j.r.Summariser: summary =   2606 in 00:04:54 =    8.9/s Avg:     6 Min:     1 Max:   199 Err:     0 (0.00%)
2026-08-22 18:36:30,174 INFO o.a.j.r.Summariser: summary +    303 in 00:00:30 =   10.1/s Avg:     6 Min:     1 Max:    22 Err:     0 (0.00%) Active: 20 Started: 20 Finished: 0
2026-08-22 18:36:30,175 INFO o.a.j.r.Summariser: summary =   2909 in 00:05:24 =    9.0/s Avg:     6 Min:     1 Max:   199 Err:     0 (0.00%)
2026-08-22 18:37:00,023 INFO o.a.j.r.Summariser: summary +    305 in 00:00:30 =   10.2/s Avg:     6 Min:     1 Max:    22 Err:     0 (0.00%) Active: 20 Started: 20 Finished: 0
2026-08-22 18:37:00,024 INFO o.a.j.r.Summariser: summary =   3214 in 00:05:53 =    9.1/s Avg:     6 Min:     1 Max:   199 Err:     0 (0.00%)
2026-08-22 18:37:04,110 INFO o.a.j.t.JMeterThread: Thread finished: Storefront Load 1-20
2026-08-22 18:37:04,551 INFO o.a.j.t.JMeterThread: Thread finished: Storefront Load 1-3
2026-08-22 18:37:04,603 INFO o.a.j.t.JMeterThread: Thread finished: Storefront Load 1-15
2026-08-22 18:37:05,378 INFO o.a.j.t.JMeterThread: Thread finished: Storefront Load 1-6
2026-08-22 18:37:05,448 INFO o.a.j.t.JMeterThread: Thread finished: Storefront Load 1-14
2026-08-22 18:37:05,459 INFO o.a.j.t.JMeterThread: Thread finished: Storefront Load 1-5
2026-08-22 18:37:05,520 INFO o.a.j.t.JMeterThread: Thread finished: Storefront Load 1-1
2026-08-22 18:37:05,774 INFO o.a.j.t.JMeterThread: Thread finished: Storefront Load 1-7
2026-08-22 18:37:05,827 INFO o.a.j.t.JMeterThread: Thread finished: Storefront Load 1-18
2026-08-22 18:37:05,857 INFO o.a.j.t.JMeterThread: Thread finished: Storefront Load 1-9
2026-08-22 18:37:05,887 INFO o.a.j.t.JMeterThread: Thread finished: Storefront Load 1-12
2026-08-22 18:37:05,903 INFO o.a.j.t.JMeterThread: Thread finished: Storefront Load 1-4
2026-08-22 18:37:05,939 INFO o.a.j.t.JMeterThread: Thread finished: Storefront Load 1-8
2026-08-22 18:37:06,023 INFO o.a.j.t.JMeterThread: Thread finished: Storefront Load 1-11
2026-08-22 18:37:06,059 INFO o.a.j.t.JMeterThread: Thread finished: Storefront Load 1-16
2026-08-22 18:37:06,094 INFO o.a.j.t.JMeterThread: Thread finished: Storefront Load 1-13
2026-08-22 18:37:06,252 INFO o.a.j.t.JMeterThread: Thread finished: Storefront Load 1-2
2026-08-22 18:37:06,313 INFO o.a.j.t.JMeterThread: Thread finished: Storefront Load 1-10
2026-08-22 18:37:06,456 INFO o.a.j.t.JMeterThread: Thread finished: Storefront Load 1-17
2026-08-22 18:37:06,529 INFO o.a.j.t.JMeterThread: Thread finished: Storefront Load 1-19
2026-08-22 18:37:06,529 INFO o.a.j.e.StandardJMeterEngine: Notifying test listeners of end of test
2026-08-22 18:37:06,529 INFO o.a.j.s.FileServer: Close: data/products.csv
2026-08-22 18:37:06,529 INFO o.a.j.s.FileServer: Close: data/orders.csv
2026-08-22 18:37:06,529 INFO o.a.j.s.FileServer: Close: data/search-terms.csv
2026-08-22 18:37:06,529 INFO o.a.j.s.FileServer: Close: data/users.csv
2026-08-22 18:37:06,530 INFO o.a.j.s.FileServer: Close: data/users_lockout.csv
2026-08-22 18:37:06,530 INFO o.a.j.r.Summariser: summary +     68 in 00:00:07 =   10.4/s Avg:     6 Min:     1 Max:    16 Err:     0 (0.00%) Active: 0 Started: 20 Finished: 20
2026-08-22 18:37:06,531 INFO o.a.j.r.Summariser: summary =   3282 in 00:06:00 =    9.1/s Avg:     6 Min:     1 Max:   199 Err:     0 (0.00%)
2026-08-22 18:37:06,531 INFO o.a.j.JMeter: Generating Dashboard
2026-08-22 18:37:06,532 INFO o.a.j.r.d.ReportGenerator: Flushing result collector before report Generation
2026-08-22 18:37:06,572 INFO o.a.j.r.p.NormalizerSampleConsumer: Using format, 'ms', to parse timeStamp field
2026-08-22 18:37:06,882 INFO o.a.j.r.p.AbstractSampleConsumer: class org.apache.jmeter.report.processor.AggregateConsumer#stopProducing(): beginDate produced 0 samples
2026-08-22 18:37:06,883 INFO o.a.j.r.p.AbstractSampleConsumer: class org.apache.jmeter.report.processor.AggregateConsumer#stopProducing(): endDate produced 0 samples
2026-08-22 18:37:06,892 INFO o.a.j.r.p.AbstractSampleConsumer: class org.apache.jmeter.report.processor.ApdexSummaryConsumer#stopProducing(): apdexSummary produced 0 samples
2026-08-22 18:37:06,892 INFO o.a.j.r.p.AbstractSampleConsumer: class org.apache.jmeter.report.processor.RequestsSummaryConsumer#stopProducing(): requestsSummary produced 0 samples
2026-08-22 18:37:06,902 INFO o.a.j.r.p.AbstractSampleConsumer: class org.apache.jmeter.report.processor.StatisticsSummaryConsumer#stopProducing(): statisticsSummary produced 0 samples
2026-08-22 18:37:06,904 INFO o.a.j.r.p.AbstractSampleConsumer: class org.apache.jmeter.report.processor.Top5ErrorsBySamplerConsumer#stopProducing(): top5ErrorsBySampler produced 0 samples
2026-08-22 18:37:06,905 INFO o.a.j.r.p.AbstractSampleConsumer: class org.apache.jmeter.report.processor.ErrorsSummaryConsumer#stopProducing(): errorsSummary produced 0 samples
2026-08-22 18:37:06,905 INFO o.a.j.r.p.AbstractSampleConsumer: class org.apache.jmeter.report.processor.graph.impl.HitsPerSecondGraphConsumer#stopProducing(): hitsPerSecond produced 0 samples
2026-08-22 18:37:07,007 INFO o.a.j.r.p.AbstractSampleConsumer: class org.apache.jmeter.report.processor.graph.impl.LatencyVSRequestGraphConsumer#stopProducing(): latencyVsRequest produced 0 samples
2026-08-22 18:37:07,008 INFO o.a.j.r.p.AbstractSampleConsumer: class org.apache.jmeter.report.processor.graph.impl.SyntheticResponseTimeDistributionGraphConsumer#stopProducing(): syntheticResponseTimeDistribution produced 0 samples
2026-08-22 18:37:07,008 INFO o.a.j.r.p.AbstractSampleConsumer: class org.apache.jmeter.report.processor.graph.impl.BytesThroughputGraphConsumer#stopProducing(): bytesThroughputOverTime produced 0 samples
2026-08-22 18:37:07,009 INFO o.a.j.r.p.AbstractSampleConsumer: class org.apache.jmeter.report.processor.graph.impl.CodesPerSecondGraphConsumer#stopProducing(): codesPerSecond produced 0 samples
2026-08-22 18:37:07,093 INFO o.a.j.r.p.AbstractSampleConsumer: class org.apache.jmeter.report.processor.graph.impl.ResponseTimeVSRequestGraphConsumer#stopProducing(): responseTimeVsRequest produced 0 samples
2026-08-22 18:37:07,094 INFO o.a.j.r.p.AbstractSampleConsumer: class org.apache.jmeter.report.processor.FilterConsumer#stopProducing(): startIntervalControlerFilter produced 22974 samples
2026-08-22 18:37:07,094 INFO o.a.j.r.p.AbstractSampleConsumer: class org.apache.jmeter.report.processor.graph.impl.TotalTPSGraphConsumer#stopProducing(): totalTPS produced 0 samples
2026-08-22 18:37:07,094 INFO o.a.j.r.p.AbstractSampleConsumer: class org.apache.jmeter.report.processor.graph.impl.ActiveThreadsGraphConsumer#stopProducing(): activeThreadsOverTime produced 0 samples
2026-08-22 18:37:07,095 INFO o.a.j.r.p.AbstractSampleConsumer: class org.apache.jmeter.report.processor.graph.impl.TimeVSThreadGraphConsumer#stopProducing(): timeVsThreads produced 0 samples
2026-08-22 18:37:07,096 INFO o.a.j.r.p.AbstractSampleConsumer: class org.apache.jmeter.report.processor.graph.impl.ResponseTimeDistributionGraphConsumer#stopProducing(): responseTimeDistribution produced 0 samples
2026-08-22 18:37:07,096 INFO o.a.j.r.p.AbstractSampleConsumer: class org.apache.jmeter.report.processor.graph.impl.TransactionsPerSecondGraphConsumer#stopProducing(): transactionsPerSecond produced 0 samples
2026-08-22 18:37:07,097 INFO o.a.j.r.p.AbstractSampleConsumer: class org.apache.jmeter.report.processor.graph.impl.ResponseTimePercentilesGraphConsumer#stopProducing(): responseTimePercentiles produced 0 samples
2026-08-22 18:37:07,099 INFO o.a.j.r.p.AbstractSampleConsumer: class org.apache.jmeter.report.processor.graph.impl.ResponseTimePercentilesOverTimeGraphConsumer#stopProducing(): responseTimePercentilesOverTime produced 0 samples
2026-08-22 18:37:07,101 INFO o.a.j.r.p.AbstractSampleConsumer: class org.apache.jmeter.report.processor.graph.impl.ResponseTimeOverTimeGraphConsumer#stopProducing(): responseTimesOverTime produced 0 samples
2026-08-22 18:37:07,102 INFO o.a.j.r.p.AbstractSampleConsumer: class org.apache.jmeter.report.processor.graph.impl.ConnectTimeOverTimeGraphConsumer#stopProducing(): connectTimeOverTime produced 0 samples
2026-08-22 18:37:07,102 INFO o.a.j.r.p.AbstractSampleConsumer: class org.apache.jmeter.report.processor.graph.impl.LatencyOverTimeGraphConsumer#stopProducing(): latenciesOverTime produced 0 samples
2026-08-22 18:37:07,102 INFO o.a.j.r.p.AbstractSampleConsumer: class org.apache.jmeter.report.processor.FilterConsumer#stopProducing(): nameFilter produced 49230 samples
2026-08-22 18:37:07,102 INFO o.a.j.r.p.AbstractSampleConsumer: class org.apache.jmeter.report.processor.FilterConsumer#stopProducing(): dateRangeFilter produced 9846 samples
2026-08-22 18:37:07,102 INFO o.a.j.r.p.AbstractSampleConsumer: class org.apache.jmeter.report.processor.NormalizerSampleConsumer#stopProducing(): normalizer produced 3282 samples
2026-08-22 18:37:07,103 INFO o.a.j.r.p.CsvFileSampleSource: produce(): 3282 samples produced in 507ms on channel 0
2026-08-22 18:37:07,103 INFO o.a.j.r.d.ReportGenerator: Exporting data using exporter:'json' of className:'org.apache.jmeter.report.dashboard.JsonExporter'
2026-08-22 18:37:07,253 INFO o.a.j.r.d.JsonExporter: Found data for consumer statisticsSummary in context
2026-08-22 18:37:07,253 INFO o.a.j.r.d.JsonExporter: Creating statistics for overall
2026-08-22 18:37:07,253 INFO o.a.j.r.d.JsonExporter: Creating statistics for other transactions
2026-08-22 18:37:07,255 INFO o.a.j.r.d.JsonExporter: Checking output folder
2026-08-22 18:37:07,255 INFO o.a.j.r.d.JsonExporter: Writing statistics JSON to D:\Nam3\HK3\Ki?m th? ph?n m?m\HW05\HW05-Performance-Testing\results\html\load\statistics.json
2026-08-22 18:37:07,326 INFO o.a.j.r.d.ReportGenerator: Exporting data using exporter:'html' of className:'org.apache.jmeter.report.dashboard.HtmlTemplateExporter'
2026-08-22 18:37:07,329 INFO o.a.j.r.d.HtmlTemplateExporter: Will generate dashboard in folder: D:\Nam3\HK3\Ki?m th? ph?n m?m\HW05\HW05-Performance-Testing\results\html\load
2026-08-22 18:37:07,526 INFO o.a.j.r.d.HtmlTemplateExporter: Report will be generated in: D:\Nam3\HK3\Ki?m th? ph?n m?m\HW05\HW05-Performance-Testing\results\html\load, creating folder structure
2026-08-22 18:37:07,529 INFO o.a.j.r.d.TemplateVisitor: Copying folder from 'D:\jmeter\apache-jmeter-5.6.3\bin\report-template' to 'D:\Nam3\HK3\Ki?m th? ph?n m?m\HW05\HW05-Performance-Testing\results\html\load', got message: D:\Nam3\HK3\Ki?m th? ph?n m?m\HW05\HW05-Performance-Testing\results\html\load, found non empty folder with following content [D:\Nam3\HK3\Ki?m th? ph?n m?m\HW05\HW05-Performance-Testing\results\html\load\statistics.json], will be ignored
2026-08-22 18:37:08,037 INFO o.a.j.JMeter: Dashboard generated
