2026-08-21 09:26:36,485 INFO o.a.j.u.JMeterUtils: Setting Locale to en_EN
2026-08-21 09:26:36,517 INFO o.a.j.JMeter: Loading user properties from: D:\jmeter\apache-jmeter-5.6.3\bin\user.properties
2026-08-21 09:26:36,518 INFO o.a.j.JMeter: Loading system properties from: D:\jmeter\apache-jmeter-5.6.3\bin\system.properties
2026-08-21 09:26:36,518 INFO o.a.j.JMeter: Setting JMeter property: threads=2
2026-08-21 09:26:36,519 INFO o.a.j.JMeter: Setting JMeter property: duration=40
2026-08-21 09:26:36,519 INFO o.a.j.JMeter: Setting JMeter property: datadir=data
2026-08-21 09:26:36,528 INFO o.a.j.JMeter: Copyright (c) 1998-2024 The Apache Software Foundation
2026-08-21 09:26:36,528 INFO o.a.j.JMeter: Version 5.6.3
2026-08-21 09:26:36,528 INFO o.a.j.JMeter: java.version=17.0.19
2026-08-21 09:26:36,528 INFO o.a.j.JMeter: java.vm.name=OpenJDK 64-Bit Server VM
2026-08-21 09:26:36,528 INFO o.a.j.JMeter: os.name=Windows 11
2026-08-21 09:26:36,529 INFO o.a.j.JMeter: os.arch=amd64
2026-08-21 09:26:36,529 INFO o.a.j.JMeter: os.version=10.0
2026-08-21 09:26:36,529 INFO o.a.j.JMeter: file.encoding=Cp1258
2026-08-21 09:26:36,529 INFO o.a.j.JMeter: java.awt.headless=true
2026-08-21 09:26:36,529 INFO o.a.j.JMeter: Max memory     =4294967296
2026-08-21 09:26:36,529 INFO o.a.j.JMeter: Available Processors =8
2026-08-21 09:26:36,542 INFO o.a.j.JMeter: Default Locale=English (EN)
2026-08-21 09:26:36,542 INFO o.a.j.JMeter: JMeter  Locale=English (EN)
2026-08-21 09:26:36,542 INFO o.a.j.JMeter: JMeterHome=D:\jmeter\apache-jmeter-5.6.3
2026-08-21 09:26:36,542 INFO o.a.j.JMeter: user.dir  =D:\Nam3\HK3\Ki?m th? ph?n m?m\HW05\HW05-Performance-Testing
2026-08-21 09:26:36,543 INFO o.a.j.JMeter: PWD       =D:\Nam3\HK3\Ki?m th? ph?n m?m\HW05\HW05-Performance-Testing
2026-08-21 09:26:36,545 INFO o.a.j.JMeter: IP: 172.20.192.1 Name: Pham_Vu_Ngoc_Duy FullName: Pham_Vu_Ngoc_Duy.mshome.net
2026-08-21 09:26:36,574 INFO o.a.j.s.FileServer: Default base='D:\Nam3\HK3\Ki?m th? ph?n m?m\HW05\HW05-Performance-Testing'
2026-08-21 09:26:36,579 INFO o.a.j.s.FileServer: Set new base='D:\Nam3\HK3\Ki?m th? ph?n m?m\HW05\HW05-Performance-Testing\test-plans'
2026-08-21 09:26:36,937 INFO o.a.j.s.SaveService: Testplan (JMX) version: 2.2. Testlog (JTL) version: 2.2
2026-08-21 09:26:36,991 INFO o.a.j.s.SaveService: Using SaveService properties version 5.0
2026-08-21 09:26:36,995 INFO o.a.j.s.SaveService: Using SaveService properties file encoding UTF-8
2026-08-21 09:26:36,999 INFO o.a.j.s.SaveService: Loading file: test-plans\23127183_Load_20260821.jmx
2026-08-21 09:26:37,139 INFO o.a.j.p.h.s.HTTPSamplerBase: Parser for text/html is org.apache.jmeter.protocol.http.parser.LagartoBasedHtmlParser
2026-08-21 09:26:37,139 INFO o.a.j.p.h.s.HTTPSamplerBase: Parser for application/xhtml+xml is org.apache.jmeter.protocol.http.parser.LagartoBasedHtmlParser
2026-08-21 09:26:37,139 INFO o.a.j.p.h.s.HTTPSamplerBase: Parser for application/xml is org.apache.jmeter.protocol.http.parser.LagartoBasedHtmlParser
2026-08-21 09:26:37,139 INFO o.a.j.p.h.s.HTTPSamplerBase: Parser for text/xml is org.apache.jmeter.protocol.http.parser.LagartoBasedHtmlParser
2026-08-21 09:26:37,140 INFO o.a.j.p.h.s.HTTPSamplerBase: Parser for text/vnd.wap.wml is org.apache.jmeter.protocol.http.parser.RegexpHTMLParser
2026-08-21 09:26:37,140 INFO o.a.j.p.h.s.HTTPSamplerBase: Parser for text/css is org.apache.jmeter.protocol.http.parser.CssParser
2026-08-21 09:26:37,203 INFO o.a.j.JMeter: Creating summariser <summary>
2026-08-21 09:26:37,218 INFO o.a.j.e.StandardJMeterEngine: Running the test!
2026-08-21 09:26:37,219 INFO o.a.j.s.SampleEvent: List of sample_variables: []
2026-08-21 09:26:37,219 INFO o.a.j.s.SampleEvent: List of sample_variables: []
2026-08-21 09:26:37,228 INFO o.a.j.e.u.CompoundVariable: Note: Function class names must contain the string: '.functions.'
2026-08-21 09:26:37,228 INFO o.a.j.e.u.CompoundVariable: Note: Function class names must not contain the string: '.gui.'
2026-08-21 09:26:37,396 INFO o.a.j.JMeter: Running test (1787279197395)
2026-08-21 09:26:37,423 INFO o.a.j.e.StandardJMeterEngine: Starting ThreadGroup: 1 : Storefront Load
2026-08-21 09:26:37,425 INFO o.a.j.e.StandardJMeterEngine: Starting 2 threads for group Storefront Load.
2026-08-21 09:26:37,425 INFO o.a.j.e.StandardJMeterEngine: Thread will continue on error
2026-08-21 09:26:37,425 INFO o.a.j.t.ThreadGroup: Starting thread group... number=1 threads=2 ramp-up=60 delayedStart=false
2026-08-21 09:26:37,445 INFO o.a.j.t.ThreadGroup: Started thread group number 1
2026-08-21 09:26:37,445 INFO o.a.j.e.StandardJMeterEngine: All thread groups have been started
2026-08-21 09:26:37,541 INFO o.a.j.t.JMeterThread: Thread started: Storefront Load 1-1
2026-08-21 09:26:37,542 INFO o.a.j.s.FileServer: Stored: data/orders.csv
2026-08-21 09:26:37,563 INFO o.a.j.s.FileServer: Stored: data/products.csv
2026-08-21 09:26:37,564 INFO o.a.j.s.FileServer: Stored: data/search-terms.csv
2026-08-21 09:26:37,564 INFO o.a.j.s.FileServer: Stored: data/users_lockout.csv
2026-08-21 09:26:37,565 INFO o.a.j.s.FileServer: Stored: data/users.csv
2026-08-21 09:26:40,222 INFO o.a.j.p.h.s.HTTPHCAbstractImpl: Local host = Pham_Vu_Ngoc_Duy
2026-08-21 09:26:40,239 INFO o.a.j.p.h.s.HTTPHC4Impl: HTTP request retry count = 0
2026-08-21 09:26:40,242 INFO o.a.j.s.SampleResult: Note: Sample TimeStamps are START times
2026-08-21 09:26:40,242 INFO o.a.j.s.SampleResult: sampleresult.default.encoding is set to UTF-8
2026-08-21 09:26:40,242 INFO o.a.j.s.SampleResult: sampleresult.useNanoTime=true
2026-08-21 09:26:40,242 INFO o.a.j.s.SampleResult: sampleresult.nanoThreadSleep=5000
2026-08-21 09:26:55,493 INFO o.a.j.u.JsseSSLManager: Using default SSL protocol: TLS
2026-08-21 09:26:55,494 INFO o.a.j.u.JsseSSLManager: SSL session context: per-thread
2026-08-21 09:27:00,018 INFO o.a.j.r.Summariser: summary +     10 in 00:00:23 =    0.4/s Avg:    21 Min:     2 Max:    80 Err:     0 (0.00%) Active: 1 Started: 1 Finished: 0
2026-08-21 09:27:07,527 INFO o.a.j.t.JMeterThread: Thread started: Storefront Load 1-2
2026-08-21 09:27:15,466 INFO o.a.j.t.JMeterThread: Thread finished: Storefront Load 1-2
2026-08-21 09:27:16,420 INFO o.a.j.t.JMeterThread: Thread finished: Storefront Load 1-1
2026-08-21 09:27:16,422 INFO o.a.j.e.StandardJMeterEngine: Notifying test listeners of end of test
2026-08-21 09:27:16,422 INFO o.a.j.s.FileServer: Close: data/products.csv
2026-08-21 09:27:16,426 INFO o.a.j.s.FileServer: Close: data/orders.csv
2026-08-21 09:27:16,427 INFO o.a.j.s.FileServer: Close: data/search-terms.csv
2026-08-21 09:27:16,427 INFO o.a.j.s.FileServer: Close: data/users.csv
2026-08-21 09:27:16,427 INFO o.a.j.s.FileServer: Close: data/users_lockout.csv
2026-08-21 09:27:16,429 INFO o.a.j.r.Summariser: summary +     12 in 00:00:16 =    0.7/s Avg:    13 Min:     3 Max:    63 Err:     0 (0.00%) Active: 0 Started: 2 Finished: 2
2026-08-21 09:27:16,430 INFO o.a.j.r.Summariser: summary =     22 in 00:00:39 =    0.6/s Avg:    17 Min:     2 Max:    80 Err:     0 (0.00%)
