2026-08-22 17:48:47,832 INFO o.a.j.u.JMeterUtils: Setting Locale to en_EN
2026-08-22 17:48:47,857 INFO o.a.j.JMeter: Loading user properties from: D:\jmeter\apache-jmeter-5.6.3\bin\user.properties
2026-08-22 17:48:47,858 INFO o.a.j.JMeter: Loading system properties from: D:\jmeter\apache-jmeter-5.6.3\bin\system.properties
2026-08-22 17:48:47,858 INFO o.a.j.JMeter: Setting JMeter property: datadir=data
2026-08-22 17:48:47,858 INFO o.a.j.JMeter: Setting JMeter property: threads=2
2026-08-22 17:48:47,858 INFO o.a.j.JMeter: Setting JMeter property: duration=40
2026-08-22 17:48:47,859 INFO o.a.j.JMeter: Setting JMeter property: host=127.0.0.1
2026-08-22 17:48:47,859 INFO o.a.j.JMeter: Setting JMeter property: port=3000
2026-08-22 17:48:47,870 INFO o.a.j.JMeter: Copyright (c) 1998-2024 The Apache Software Foundation
2026-08-22 17:48:47,870 INFO o.a.j.JMeter: Version 5.6.3
2026-08-22 17:48:47,870 INFO o.a.j.JMeter: java.version=17.0.19
2026-08-22 17:48:47,870 INFO o.a.j.JMeter: java.vm.name=OpenJDK 64-Bit Server VM
2026-08-22 17:48:47,870 INFO o.a.j.JMeter: os.name=Windows 11
2026-08-22 17:48:47,870 INFO o.a.j.JMeter: os.arch=amd64
2026-08-22 17:48:47,870 INFO o.a.j.JMeter: os.version=10.0
2026-08-22 17:48:47,870 INFO o.a.j.JMeter: file.encoding=Cp1258
2026-08-22 17:48:47,870 INFO o.a.j.JMeter: java.awt.headless=true
2026-08-22 17:48:47,870 INFO o.a.j.JMeter: Max memory     =4294967296
2026-08-22 17:48:47,870 INFO o.a.j.JMeter: Available Processors =8
2026-08-22 17:48:47,885 INFO o.a.j.JMeter: Default Locale=English (EN)
2026-08-22 17:48:47,885 INFO o.a.j.JMeter: JMeter  Locale=English (EN)
2026-08-22 17:48:47,885 INFO o.a.j.JMeter: JMeterHome=D:\jmeter\apache-jmeter-5.6.3
2026-08-22 17:48:47,885 INFO o.a.j.JMeter: user.dir  =D:\Nam3\HK3\Ki?m th? ph?n m?m\HW05\HW05-Performance-Testing
2026-08-22 17:48:47,886 INFO o.a.j.JMeter: PWD       =D:\Nam3\HK3\Ki?m th? ph?n m?m\HW05\HW05-Performance-Testing
2026-08-22 17:48:47,888 INFO o.a.j.JMeter: IP: 192.168.1.8 Name: Pham_Vu_Ngoc_Duy FullName: 192.168.1.8
2026-08-22 17:48:47,910 INFO o.a.j.JMeter: Setting property 'jmeter.reportgenerator.outputdir' to:'D:\Nam3\HK3\Ki?m th? ph?n m?m\HW05\HW05-Performance-Testing\results\html\load'
2026-08-22 17:48:47,915 INFO o.a.j.s.FileServer: Default base='D:\Nam3\HK3\Ki?m th? ph?n m?m\HW05\HW05-Performance-Testing'
2026-08-22 17:48:47,918 INFO o.a.j.s.FileServer: Set new base='D:\Nam3\HK3\Ki?m th? ph?n m?m\HW05\HW05-Performance-Testing\test-plans'
2026-08-22 17:48:48,230 INFO o.a.j.s.SaveService: Testplan (JMX) version: 2.2. Testlog (JTL) version: 2.2
2026-08-22 17:48:48,289 INFO o.a.j.s.SaveService: Using SaveService properties version 5.0
2026-08-22 17:48:48,295 INFO o.a.j.s.SaveService: Using SaveService properties file encoding UTF-8
2026-08-22 17:48:48,301 INFO o.a.j.s.SaveService: Loading file: test-plans\23127183_Load_20260821.jmx
2026-08-22 17:48:48,430 INFO o.a.j.p.h.s.HTTPSamplerBase: Parser for text/html is org.apache.jmeter.protocol.http.parser.LagartoBasedHtmlParser
2026-08-22 17:48:48,430 INFO o.a.j.p.h.s.HTTPSamplerBase: Parser for application/xhtml+xml is org.apache.jmeter.protocol.http.parser.LagartoBasedHtmlParser
2026-08-22 17:48:48,430 INFO o.a.j.p.h.s.HTTPSamplerBase: Parser for application/xml is org.apache.jmeter.protocol.http.parser.LagartoBasedHtmlParser
2026-08-22 17:48:48,430 INFO o.a.j.p.h.s.HTTPSamplerBase: Parser for text/xml is org.apache.jmeter.protocol.http.parser.LagartoBasedHtmlParser
2026-08-22 17:48:48,430 INFO o.a.j.p.h.s.HTTPSamplerBase: Parser for text/vnd.wap.wml is org.apache.jmeter.protocol.http.parser.RegexpHTMLParser
2026-08-22 17:48:48,430 INFO o.a.j.p.h.s.HTTPSamplerBase: Parser for text/css is org.apache.jmeter.protocol.http.parser.CssParser
2026-08-22 17:48:48,485 INFO o.a.j.JMeter: Creating summariser <summary>
2026-08-22 17:48:48,490 INFO o.a.j.r.d.ReportGenerator: ReportGenerator will use for Parsing the separator: ','
2026-08-22 17:48:48,490 INFO o.a.j.r.d.ReportGenerator: Will generate report at end of test from  results file: results/jtl/smoke-23127183_Load_20260822-174845.jtl
2026-08-22 17:48:48,490 INFO o.a.j.r.d.ReportGenerator: Reading report generator properties from: D:\jmeter\apache-jmeter-5.6.3\bin\reportgenerator.properties
2026-08-22 17:48:48,505 INFO o.a.j.r.d.ReportGenerator: Merging with JMeter properties
2026-08-22 17:48:48,509 INFO o.a.j.r.c.ReportGeneratorConfiguration: Property 'jmeter.reportgenerator.temp_dir' not found, using default value 'temp' instead.
2026-08-22 17:48:48,514 INFO o.a.j.r.c.ReportGeneratorConfiguration: Property 'jmeter.reportgenerator.apdex_per_transaction' not found, using default value 'null' instead.
2026-08-22 17:48:48,514 INFO o.a.j.r.c.ReportGeneratorConfiguration: apdex_per_transaction is empty, not APDEX per transaction customization
2026-08-22 17:48:48,514 INFO o.a.j.r.c.ReportGeneratorConfiguration: Property 'jmeter.reportgenerator.sample_filter' not found, using default value 'null' instead.
2026-08-22 17:48:48,514 INFO o.a.j.r.c.ReportGeneratorConfiguration: Property 'jmeter.reportgenerator.report_title' not found, using default value 'null' instead.
2026-08-22 17:48:48,515 INFO o.a.j.r.c.ReportGeneratorConfiguration: Property 'jmeter.reportgenerator.start_date' not found, using default value 'null' instead.
2026-08-22 17:48:48,515 INFO o.a.j.r.c.ReportGeneratorConfiguration: Property 'jmeter.reportgenerator.end_date' not found, using default value 'null' instead.
2026-08-22 17:48:48,515 INFO o.a.j.r.c.ReportGeneratorConfiguration: Property 'jmeter.reportgenerator.date_format' not found, using default value 'null' instead.
2026-08-22 17:48:48,515 INFO o.a.j.r.c.ReportGeneratorConfiguration: Will use date range start date: null, end date: null
2026-08-22 17:48:48,520 INFO o.a.j.r.c.ReportGeneratorConfiguration: Property 'jmeter.reportgenerator.graph.totalTPS.exclude_controllers' not found, using default value 'false' instead.
2026-08-22 17:48:48,520 INFO o.a.j.r.c.ReportGeneratorConfiguration: Property 'jmeter.reportgenerator.graph.activeThreadsOverTime.exclude_controllers' not found, using default value 'false' instead.
2026-08-22 17:48:48,520 INFO o.a.j.r.c.ReportGeneratorConfiguration: Property 'jmeter.reportgenerator.graph.timeVsThreads.exclude_controllers' not found, using default value 'false' instead.
2026-08-22 17:48:48,521 INFO o.a.j.r.c.ReportGeneratorConfiguration: Property 'jmeter.reportgenerator.graph.responseTimeDistribution.exclude_controllers' not found, using default value 'false' instead.
2026-08-22 17:48:48,521 INFO o.a.j.r.c.ReportGeneratorConfiguration: Property 'jmeter.reportgenerator.graph.transactionsPerSecond.exclude_controllers' not found, using default value 'false' instead.
2026-08-22 17:48:48,521 INFO o.a.j.r.c.ReportGeneratorConfiguration: Property 'jmeter.reportgenerator.graph.responseTimePercentiles.exclude_controllers' not found, using default value 'false' instead.
2026-08-22 17:48:48,521 INFO o.a.j.r.c.ReportGeneratorConfiguration: Property 'jmeter.reportgenerator.graph.responseTimePercentilesOverTime.exclude_controllers' not found, using default value 'false' instead.
2026-08-22 17:48:48,521 INFO o.a.j.r.c.ReportGeneratorConfiguration: Property 'jmeter.reportgenerator.graph.responseTimesOverTime.exclude_controllers' not found, using default value 'false' instead.
2026-08-22 17:48:48,521 INFO o.a.j.r.c.ReportGeneratorConfiguration: Property 'jmeter.reportgenerator.graph.connectTimeOverTime.exclude_controllers' not found, using default value 'false' instead.
2026-08-22 17:48:48,522 INFO o.a.j.r.c.ReportGeneratorConfiguration: Property 'jmeter.reportgenerator.graph.latenciesOverTime.exclude_controllers' not found, using default value 'false' instead.
2026-08-22 17:48:48,522 INFO o.a.j.r.c.ReportGeneratorConfiguration: Property 'jmeter.reportgenerator.exporter.json.filters_only_sample_series' not found, using default value 'true' instead.
2026-08-22 17:48:48,522 INFO o.a.j.r.c.ReportGeneratorConfiguration: Property 'jmeter.reportgenerator.exporter.json.series_filter' not found, using default value '' instead.
2026-08-22 17:48:48,523 INFO o.a.j.r.c.ReportGeneratorConfiguration: Property 'jmeter.reportgenerator.exporter.json.show_controllers_only' not found, using default value 'false' instead.
2026-08-22 17:48:48,523 INFO o.a.j.r.c.ReportGeneratorConfiguration: Property 'jmeter.reportgenerator.exporter.html.filters_only_sample_series' not found, using default value 'true' instead.
2026-08-22 17:48:48,523 INFO o.a.j.r.c.ReportGeneratorConfiguration: Property 'jmeter.reportgenerator.exporter.html.series_filter' not found, using default value '' instead.
2026-08-22 17:48:48,523 INFO o.a.j.r.c.ReportGeneratorConfiguration: Property 'jmeter.reportgenerator.exporter.html.show_controllers_only' not found, using default value 'false' instead.
2026-08-22 17:48:48,542 INFO o.a.j.e.StandardJMeterEngine: Running the test!
2026-08-22 17:48:48,542 INFO o.a.j.s.SampleEvent: List of sample_variables: []
2026-08-22 17:48:48,543 INFO o.a.j.s.SampleEvent: List of sample_variables: []
2026-08-22 17:48:48,550 INFO o.a.j.e.u.CompoundVariable: Note: Function class names must contain the string: '.functions.'
2026-08-22 17:48:48,550 INFO o.a.j.e.u.CompoundVariable: Note: Function class names must not contain the string: '.gui.'
2026-08-22 17:48:48,685 INFO o.a.j.JMeter: Running test (1787395728685)
2026-08-22 17:48:48,702 INFO o.a.j.e.StandardJMeterEngine: Starting ThreadGroup: 1 : Storefront Load
2026-08-22 17:48:48,702 INFO o.a.j.e.StandardJMeterEngine: Starting 2 threads for group Storefront Load.
2026-08-22 17:48:48,702 INFO o.a.j.e.StandardJMeterEngine: Thread will continue on error
2026-08-22 17:48:48,702 INFO o.a.j.t.ThreadGroup: Starting thread group... number=1 threads=2 ramp-up=60 delayedStart=false
2026-08-22 17:48:48,709 INFO o.a.j.t.ThreadGroup: Started thread group number 1
2026-08-22 17:48:48,709 INFO o.a.j.e.StandardJMeterEngine: All thread groups have been started
2026-08-22 17:48:48,775 INFO o.a.j.t.JMeterThread: Thread started: Storefront Load 1-1
2026-08-22 17:48:48,777 INFO o.a.j.s.FileServer: Stored: data/orders.csv
2026-08-22 17:48:48,806 INFO o.a.j.s.FileServer: Stored: data/products.csv
2026-08-22 17:48:48,819 INFO o.a.j.s.FileServer: Stored: data/search-terms.csv
2026-08-22 17:48:48,837 INFO o.a.j.s.FileServer: Stored: data/users_lockout.csv
2026-08-22 17:48:48,852 INFO o.a.j.s.FileServer: Stored: data/users.csv
2026-08-22 17:48:50,976 INFO o.a.j.p.h.s.HTTPHCAbstractImpl: Local host = Pham_Vu_Ngoc_Duy
2026-08-22 17:48:50,985 INFO o.a.j.p.h.s.HTTPHC4Impl: HTTP request retry count = 0
2026-08-22 17:48:50,987 INFO o.a.j.s.SampleResult: Note: Sample TimeStamps are START times
2026-08-22 17:48:50,987 INFO o.a.j.s.SampleResult: sampleresult.default.encoding is set to UTF-8
2026-08-22 17:48:50,987 INFO o.a.j.s.SampleResult: sampleresult.useNanoTime=true
2026-08-22 17:48:50,987 INFO o.a.j.s.SampleResult: sampleresult.nanoThreadSleep=5000
2026-08-22 17:49:01,624 INFO o.a.j.r.Summariser: summary +      6 in 00:00:13 =    0.5/s Avg:    20 Min:     4 Max:    46 Err:     0 (0.00%) Active: 1 Started: 1 Finished: 0
2026-08-22 17:49:07,056 INFO o.a.j.u.JsseSSLManager: Using default SSL protocol: TLS
2026-08-22 17:49:07,056 INFO o.a.j.u.JsseSSLManager: SSL session context: per-thread
2026-08-22 17:49:18,770 INFO o.a.j.t.JMeterThread: Thread started: Storefront Load 1-2
2026-08-22 17:49:27,430 INFO o.a.j.t.JMeterThread: Thread finished: Storefront Load 1-2
2026-08-22 17:49:27,914 INFO o.a.j.t.JMeterThread: Thread finished: Storefront Load 1-1
2026-08-22 17:49:27,915 INFO o.a.j.e.StandardJMeterEngine: Notifying test listeners of end of test
2026-08-22 17:49:27,916 INFO o.a.j.s.FileServer: Close: data/products.csv
2026-08-22 17:49:27,920 INFO o.a.j.s.FileServer: Close: data/orders.csv
2026-08-22 17:49:27,920 INFO o.a.j.s.FileServer: Close: data/search-terms.csv
2026-08-22 17:49:27,920 INFO o.a.j.s.FileServer: Close: data/users.csv
2026-08-22 17:49:27,920 INFO o.a.j.s.FileServer: Close: data/users_lockout.csv
2026-08-22 17:49:27,922 INFO o.a.j.r.Summariser: summary +     16 in 00:00:26 =    0.6/s Avg:     8 Min:     2 Max:    52 Err:     0 (0.00%) Active: 0 Started: 2 Finished: 2
2026-08-22 17:49:27,923 INFO o.a.j.r.Summariser: summary =     22 in 00:00:39 =    0.6/s Avg:    11 Min:     2 Max:    52 Err:     0 (0.00%)
2026-08-22 17:49:27,923 INFO o.a.j.JMeter: Generating Dashboard
2026-08-22 17:49:27,923 INFO o.a.j.r.d.ReportGenerator: Flushing result collector before report Generation
2026-08-22 17:49:27,981 INFO o.a.j.r.p.NormalizerSampleConsumer: Using format, 'ms', to parse timeStamp field
2026-08-22 17:49:28,136 INFO o.a.j.r.p.AbstractSampleConsumer: class org.apache.jmeter.report.processor.AggregateConsumer#stopProducing(): beginDate produced 0 samples
2026-08-22 17:49:28,136 INFO o.a.j.r.p.AbstractSampleConsumer: class org.apache.jmeter.report.processor.AggregateConsumer#stopProducing(): endDate produced 0 samples
2026-08-22 17:49:28,142 INFO o.a.j.r.p.AbstractSampleConsumer: class org.apache.jmeter.report.processor.ApdexSummaryConsumer#stopProducing(): apdexSummary produced 0 samples
2026-08-22 17:49:28,143 INFO o.a.j.r.p.AbstractSampleConsumer: class org.apache.jmeter.report.processor.RequestsSummaryConsumer#stopProducing(): requestsSummary produced 0 samples
2026-08-22 17:49:28,152 INFO o.a.j.r.p.AbstractSampleConsumer: class org.apache.jmeter.report.processor.StatisticsSummaryConsumer#stopProducing(): statisticsSummary produced 0 samples
2026-08-22 17:49:28,154 INFO o.a.j.r.p.AbstractSampleConsumer: class org.apache.jmeter.report.processor.Top5ErrorsBySamplerConsumer#stopProducing(): top5ErrorsBySampler produced 0 samples
2026-08-22 17:49:28,155 INFO o.a.j.r.p.AbstractSampleConsumer: class org.apache.jmeter.report.processor.ErrorsSummaryConsumer#stopProducing(): errorsSummary produced 0 samples
2026-08-22 17:49:28,155 INFO o.a.j.r.p.AbstractSampleConsumer: class org.apache.jmeter.report.processor.graph.impl.HitsPerSecondGraphConsumer#stopProducing(): hitsPerSecond produced 0 samples
2026-08-22 17:49:28,198 INFO o.a.j.r.p.AbstractSampleConsumer: class org.apache.jmeter.report.processor.graph.impl.LatencyVSRequestGraphConsumer#stopProducing(): latencyVsRequest produced 0 samples
2026-08-22 17:49:28,199 INFO o.a.j.r.p.AbstractSampleConsumer: class org.apache.jmeter.report.processor.graph.impl.SyntheticResponseTimeDistributionGraphConsumer#stopProducing(): syntheticResponseTimeDistribution produced 0 samples
2026-08-22 17:49:28,199 INFO o.a.j.r.p.AbstractSampleConsumer: class org.apache.jmeter.report.processor.graph.impl.BytesThroughputGraphConsumer#stopProducing(): bytesThroughputOverTime produced 0 samples
2026-08-22 17:49:28,199 INFO o.a.j.r.p.AbstractSampleConsumer: class org.apache.jmeter.report.processor.graph.impl.CodesPerSecondGraphConsumer#stopProducing(): codesPerSecond produced 0 samples
2026-08-22 17:49:28,205 INFO o.a.j.r.p.AbstractSampleConsumer: class org.apache.jmeter.report.processor.graph.impl.ResponseTimeVSRequestGraphConsumer#stopProducing(): responseTimeVsRequest produced 0 samples
2026-08-22 17:49:28,205 INFO o.a.j.r.p.AbstractSampleConsumer: class org.apache.jmeter.report.processor.FilterConsumer#stopProducing(): startIntervalControlerFilter produced 154 samples
2026-08-22 17:49:28,205 INFO o.a.j.r.p.AbstractSampleConsumer: class org.apache.jmeter.report.processor.graph.impl.TotalTPSGraphConsumer#stopProducing(): totalTPS produced 0 samples
2026-08-22 17:49:28,205 INFO o.a.j.r.p.AbstractSampleConsumer: class org.apache.jmeter.report.processor.graph.impl.ActiveThreadsGraphConsumer#stopProducing(): activeThreadsOverTime produced 0 samples
2026-08-22 17:49:28,205 INFO o.a.j.r.p.AbstractSampleConsumer: class org.apache.jmeter.report.processor.graph.impl.TimeVSThreadGraphConsumer#stopProducing(): timeVsThreads produced 0 samples
2026-08-22 17:49:28,206 INFO o.a.j.r.p.AbstractSampleConsumer: class org.apache.jmeter.report.processor.graph.impl.ResponseTimeDistributionGraphConsumer#stopProducing(): responseTimeDistribution produced 0 samples
2026-08-22 17:49:28,206 INFO o.a.j.r.p.AbstractSampleConsumer: class org.apache.jmeter.report.processor.graph.impl.TransactionsPerSecondGraphConsumer#stopProducing(): transactionsPerSecond produced 0 samples
2026-08-22 17:49:28,206 INFO o.a.j.r.p.AbstractSampleConsumer: class org.apache.jmeter.report.processor.graph.impl.ResponseTimePercentilesGraphConsumer#stopProducing(): responseTimePercentiles produced 0 samples
2026-08-22 17:49:28,209 INFO o.a.j.r.p.AbstractSampleConsumer: class org.apache.jmeter.report.processor.graph.impl.ResponseTimePercentilesOverTimeGraphConsumer#stopProducing(): responseTimePercentilesOverTime produced 0 samples
2026-08-22 17:49:28,209 INFO o.a.j.r.p.AbstractSampleConsumer: class org.apache.jmeter.report.processor.graph.impl.ResponseTimeOverTimeGraphConsumer#stopProducing(): responseTimesOverTime produced 0 samples
2026-08-22 17:49:28,209 INFO o.a.j.r.p.AbstractSampleConsumer: class org.apache.jmeter.report.processor.graph.impl.ConnectTimeOverTimeGraphConsumer#stopProducing(): connectTimeOverTime produced 0 samples
2026-08-22 17:49:28,210 INFO o.a.j.r.p.AbstractSampleConsumer: class org.apache.jmeter.report.processor.graph.impl.LatencyOverTimeGraphConsumer#stopProducing(): latenciesOverTime produced 0 samples
2026-08-22 17:49:28,210 INFO o.a.j.r.p.AbstractSampleConsumer: class org.apache.jmeter.report.processor.FilterConsumer#stopProducing(): nameFilter produced 330 samples
2026-08-22 17:49:28,210 INFO o.a.j.r.p.AbstractSampleConsumer: class org.apache.jmeter.report.processor.FilterConsumer#stopProducing(): dateRangeFilter produced 66 samples
2026-08-22 17:49:28,210 INFO o.a.j.r.p.AbstractSampleConsumer: class org.apache.jmeter.report.processor.NormalizerSampleConsumer#stopProducing(): normalizer produced 22 samples
2026-08-22 17:49:28,210 INFO o.a.j.r.p.CsvFileSampleSource: produce(): 22 samples produced in 192ms on channel 0
2026-08-22 17:49:28,210 INFO o.a.j.r.d.ReportGenerator: Exporting data using exporter:'json' of className:'org.apache.jmeter.report.dashboard.JsonExporter'
2026-08-22 17:49:28,320 INFO o.a.j.r.d.JsonExporter: Found data for consumer statisticsSummary in context
2026-08-22 17:49:28,320 INFO o.a.j.r.d.JsonExporter: Creating statistics for overall
2026-08-22 17:49:28,320 INFO o.a.j.r.d.JsonExporter: Creating statistics for other transactions
2026-08-22 17:49:28,321 INFO o.a.j.r.d.JsonExporter: Checking output folder
2026-08-22 17:49:28,321 INFO o.a.j.r.d.JsonExporter: Writing statistics JSON to D:\Nam3\HK3\Ki?m th? ph?n m?m\HW05\HW05-Performance-Testing\results\html\load\statistics.json
2026-08-22 17:49:28,374 INFO o.a.j.r.d.ReportGenerator: Exporting data using exporter:'html' of className:'org.apache.jmeter.report.dashboard.HtmlTemplateExporter'
2026-08-22 17:49:28,377 INFO o.a.j.r.d.HtmlTemplateExporter: Will generate dashboard in folder: D:\Nam3\HK3\Ki?m th? ph?n m?m\HW05\HW05-Performance-Testing\results\html\load
2026-08-22 17:49:28,559 INFO o.a.j.r.d.HtmlTemplateExporter: Report will be generated in: D:\Nam3\HK3\Ki?m th? ph?n m?m\HW05\HW05-Performance-Testing\results\html\load, creating folder structure
2026-08-22 17:49:28,564 INFO o.a.j.r.d.TemplateVisitor: Copying folder from 'D:\jmeter\apache-jmeter-5.6.3\bin\report-template' to 'D:\Nam3\HK3\Ki?m th? ph?n m?m\HW05\HW05-Performance-Testing\results\html\load', got message: D:\Nam3\HK3\Ki?m th? ph?n m?m\HW05\HW05-Performance-Testing\results\html\load, found non empty folder with following content [D:\Nam3\HK3\Ki?m th? ph?n m?m\HW05\HW05-Performance-Testing\results\html\load\statistics.json], will be ignored
2026-08-22 17:49:29,287 INFO o.a.j.JMeter: Dashboard generated
